Component: ARM Compiler 5.06 update 7 (build 960) Tool: armlink [4d3601]

==============================================================================

Section Cross References

    startup_stm32f103xe.o(RESET) refers to startup_stm32f103xe.o(STACK) for __initial_sp
    startup_stm32f103xe.o(RESET) refers to startup_stm32f103xe.o(.text) for Reset_Handler
    startup_stm32f103xe.o(RESET) refers to stm32f1xx_it.o(i.NMI_Handler) for NMI_Handler
    startup_stm32f103xe.o(RESET) refers to stm32f1xx_it.o(i.HardFault_Handler) for HardFault_Handler
    startup_stm32f103xe.o(RESET) refers to stm32f1xx_it.o(i.MemManage_Handler) for MemManage_Handler
    startup_stm32f103xe.o(RESET) refers to stm32f1xx_it.o(i.BusFault_Handler) for BusFault_Handler
    startup_stm32f103xe.o(RESET) refers to stm32f1xx_it.o(i.UsageFault_Handler) for UsageFault_Handler
    startup_stm32f103xe.o(RESET) refers to port.o(.emb_text) for SVC_Handler
    startup_stm32f103xe.o(RESET) refers to stm32f1xx_it.o(i.DebugMon_Handler) for DebugMon_Handler
    startup_stm32f103xe.o(RESET) refers to port.o(i.SysTick_Handler) for SysTick_Handler
    startup_stm32f103xe.o(RESET) refers to stm32f1xx_it.o(i.USB_LP_CAN1_RX0_IRQHandler) for USB_LP_CAN1_RX0_IRQHandler
    startup_stm32f103xe.o(RESET) refers to stm32f1xx_it.o(i.TIM7_IRQHandler) for TIM7_IRQHandler
    startup_stm32f103xe.o(.text) refers to system_stm32f1xx.o(i.SystemInit) for SystemInit
    startup_stm32f103xe.o(.text) refers to entry.o(.ARM.Collect$$$$00000000) for __main
    main.o(i.HAL_TIM_PeriodElapsedCallback) refers to stm32f1xx_hal.o(i.HAL_IncTick) for HAL_IncTick
    main.o(i.SystemClock_Config) refers to memseta.o(.text) for __aeabi_memclr4
    main.o(i.SystemClock_Config) refers to stm32f1xx_hal_rcc.o(i.HAL_RCC_OscConfig) for HAL_RCC_OscConfig
    main.o(i.SystemClock_Config) refers to stm32f1xx_hal_rcc.o(i.HAL_RCC_ClockConfig) for HAL_RCC_ClockConfig
    main.o(i.SystemClock_Config) refers to stm32f1xx_hal_rcc_ex.o(i.HAL_RCCEx_PeriphCLKConfig) for HAL_RCCEx_PeriphCLKConfig
    main.o(i.main) refers to stm32f1xx_hal.o(i.HAL_Init) for HAL_Init
    main.o(i.main) refers to main.o(i.SystemClock_Config) for SystemClock_Config
    main.o(i.main) refers to gpio.o(i.MX_GPIO_Init) for MX_GPIO_Init
    main.o(i.main) refers to spi.o(i.MX_SPI1_Init) for MX_SPI1_Init
    main.o(i.main) refers to freertos.o(i.MX_FREERTOS_Init) for MX_FREERTOS_Init
    main.o(i.main) refers to cmsis_os.o(i.osKernelStart) for osKernelStart
    gpio.o(i.MX_GPIO_Init) refers to stm32f1xx_hal_gpio.o(i.HAL_GPIO_WritePin) for HAL_GPIO_WritePin
    gpio.o(i.MX_GPIO_Init) refers to stm32f1xx_hal_gpio.o(i.HAL_GPIO_Init) for HAL_GPIO_Init
    freertos.o(i.HPF_Compute) refers to fadd.o(.text) for __aeabi_fadd
    freertos.o(i.HPF_Compute) refers to fmul.o(.text) for __aeabi_fmul
    freertos.o(i.HPF_Init) refers to fmul.o(.text) for __aeabi_fmul
    freertos.o(i.HPF_Init) refers to fdiv.o(.text) for __aeabi_fdiv
    freertos.o(i.HPF_Init) refers to fadd.o(.text) for __aeabi_fadd
    freertos.o(i.LED_blink_1_4) refers to stm32f1xx_hal_gpio.o(i.HAL_GPIO_WritePin) for HAL_GPIO_WritePin
    freertos.o(i.LED_blink_1_4) refers to freertos.o(.data) for .data
    freertos.o(i.LPF_Compute) refers to fadd.o(.text) for __aeabi_fsub
    freertos.o(i.LPF_Compute) refers to fmul.o(.text) for __aeabi_fmul
    freertos.o(i.LPF_Init) refers to fmul.o(.text) for __aeabi_fmul
    freertos.o(i.LPF_Init) refers to fdiv.o(.text) for __aeabi_fdiv
    freertos.o(i.LPF_Init) refers to fadd.o(.text) for __aeabi_fadd
    freertos.o(i.LedTask) refers to stm32f1xx_hal_gpio.o(i.HAL_GPIO_TogglePin) for HAL_GPIO_TogglePin
    freertos.o(i.LedTask) refers to cmsis_os.o(i.osDelay) for osDelay
    freertos.o(i.LedTask) refers to tasks.o(i.xTaskGetTickCount) for xTaskGetTickCount
    freertos.o(i.LedTask) refers to tasks.o(i.vTaskDelayUntil) for vTaskDelayUntil
    freertos.o(i.LowHighFilter) refers to fdiv.o(.text) for __aeabi_fdiv
    freertos.o(i.LowHighFilter) refers to fmul.o(.text) for __aeabi_fmul
    freertos.o(i.LowHighFilter) refers to fadd.o(.text) for __aeabi_fadd
    freertos.o(i.LowPassFilter_direct) refers to fadd.o(.text) for __aeabi_fsub
    freertos.o(i.LowPassFilter_direct) refers to fmul.o(.text) for __aeabi_fmul
    freertos.o(i.MX_FREERTOS_Init) refers to memcpya.o(.text) for __aeabi_memcpy4
    freertos.o(i.MX_FREERTOS_Init) refers to cmsis_os.o(i.osThreadCreate) for osThreadCreate
    freertos.o(i.MX_FREERTOS_Init) refers to freertos.o(.constdata) for .constdata
    freertos.o(i.MX_FREERTOS_Init) refers to freertos.o(.data) for .data
    freertos.o(i.StartDefaultTask) refers to usb_device.o(i.MX_USB_DEVICE_Init) for MX_USB_DEVICE_Init
    freertos.o(i.StartDefaultTask) refers to memseta.o(.text) for __aeabi_memclr4
    freertos.o(i.StartDefaultTask) refers to printfa.o(i.__0sprintf) for __2sprintf
    freertos.o(i.StartDefaultTask) refers to strlen.o(.text) for strlen
[...]
    i.vTaskSwitchContext                     0x08006a9c   Section        0  tasks.o(i.vTaskSwitchContext)
    i.xPortStartScheduler                    0x08006af8   Section        0  port.o(i.xPortStartScheduler)
    i.xTaskCreate                            0x08006ba0   Section        0  tasks.o(i.xTaskCreate)
    i.xTaskCreateStatic                      0x08006bfa   Section        0  tasks.o(i.xTaskCreateStatic)
    i.xTaskGetTickCount                      0x08006c50   Section        0  tasks.o(i.xTaskGetTickCount)
    i.xTaskIncrementTick                     0x08006c5c   Section        0  tasks.o(i.xTaskIncrementTick)
    i.xTaskResumeAll                         0x08006d28   Section        0  tasks.o(i.xTaskResumeAll)
    .constdata                               0x08006dec   Section       56  freertos.o(.constdata)
    .constdata                               0x08006e24   Section       18  stm32f1xx_hal_rcc.o(.constdata)
    aPredivFactorTable                       0x08006e24   Data           2  stm32f1xx_hal_rcc.o(.constdata)
    aPLLMULFactorTable                       0x08006e26   Data          16  stm32f1xx_hal_rcc.o(.constdata)
    .constdata                               0x08006e36   Section       16  system_stm32f1xx.o(.constdata)
    .constdata                               0x08006e46   Section        8  system_stm32f1xx.o(.constdata)
    .constdata                               0x08006e50   Section      136  pow.o(.constdata)
    bp                                       0x08006e50   Data          16  pow.o(.constdata)
    dp_h                                     0x08006e60   Data          16  pow.o(.constdata)
    dp_l                                     0x08006e70   Data          16  pow.o(.constdata)
    L                                        0x08006e80   Data          48  pow.o(.constdata)
    P                                        0x08006eb0   Data          40  pow.o(.constdata)
    .constdata                               0x08006ed8   Section        8  qnan.o(.constdata)
    .conststring                             0x08006ee0   Section       20  freertos.o(.conststring)
    .data                                    0x20000000   Section       12  freertos.o(.data)
    cnt                                      0x20000000   Data           1  freertos.o(.data)
    .data                                    0x2000000c   Section       12  stm32f1xx_hal.o(.data)
    .data                                    0x20000018   Section        4  system_stm32f1xx.o(.data)
    .data                                    0x2000001c   Section       28  usbd_desc.o(.data)
    .data                                    0x20000038   Section       50  usbd_desc.o(.data)
    .data                                    0x2000006c   Section       16  usbd_cdc_if.o(.data)
    .data                                    0x2000007c   Section        1  usbd_ctlreq.o(.data)
    cfgidx                                   0x2000007c   Data           1  usbd_ctlreq.o(.data)
    .data                                    0x20000080   Section      215  usbd_cdc.o(.data)
    USBD_CDC_DeviceQualifierDesc             0x20000080   Data          10  usbd_cdc.o(.data)
    .data                                    0x20000158   Section       56  usbd_cdc.o(.data)
    .data                                    0x20000190   Section       60  tasks.o(.data)
    uxDeletedTasksWaitingCleanUp             0x20000194   Data           4  tasks.o(.data)
    uxCurrentNumberOfTasks                   0x20000198   Data           4  tasks.o(.data)
    xTickCount                               0x2000019c   Data           4  tasks.o(.data)
    uxTopReadyPriority                       0x200001a0   Data           4  tasks.o(.data)
    xSchedulerRunning                        0x200001a4   Data           4  tasks.o(.data)
    xPendedTicks                             0x200001a8   Data           4  tasks.o(.data)
    xYieldPending                            0x200001ac   Data           4  tasks.o(.data)
    xNumOfOverflows                          0x200001b0   Data           4  tasks.o(.data)
    uxTaskNumber                             0x200001b4   Data           4  tasks.o(.data)
    xNextTaskUnblockTime                     0x200001b8   Data           4  tasks.o(.data)
    xIdleTaskHandle                          0x200001bc   Data           4  tasks.o(.data)
    uxSchedulerSuspended                     0x200001c0   Data           4  tasks.o(.data)
    pxDelayedTaskList                        0x200001c4   Data           4  tasks.o(.data)
    pxOverflowDelayedTaskList                0x200001c8   Data           4  tasks.o(.data)
    .data                                    0x200001cc   Section       32  heap_4.o(.data)
    pxEnd                                    0x200001cc   Data           4  heap_4.o(.data)
    xFreeBytesRemaining                      0x200001d0   Data           4  heap_4.o(.data)
    xMinimumEverFreeBytesRemaining           0x200001d4   Data           4  heap_4.o(.data)
    xNumberOfSuccessfulAllocations           0x200001d8   Data           4  heap_4.o(.data)
    xNumberOfSuccessfulFrees                 0x200001dc   Data           4  heap_4.o(.data)
    xBlockAllocatedBit                       0x200001e0   Data           4  heap_4.o(.data)
    xStart                                   0x200001e4   Data           8  heap_4.o(.data)
    .data                                    0x200001ec   Section       12  port.o(.data)
    ucMaxSysCallPriority                     0x200001ec   Data           1  port.o(.data)
    uxCriticalNesting                        0x200001f0   Data           4  port.o(.data)
    ulMaxPRIGROUPValue                       0x200001f4   Data           4  port.o(.data)
    .data                                    0x200001f8   Section        4  errno.o(.data)
    _errno                                   0x200001f8   Data           4  errno.o(.data)
    .bss                                     0x200001fc   Section      972  freertos.o(.bss)
    xIdleTaskTCBBuffer                       0x200001fc   Data          84  freertos.o(.bss)
    xIdleStack                               0x20000250   Data         512  freertos.o(.bss)
    .bss                                     0x200005c8   Section       88  spi.o(.bss)
    .bss                                     0x20000620   Section       72  stm32f1xx_hal_timebase_tim.o(.bss)
    .bss                                     0x20000668   Section      708  usb_device.o(.bss)
    .bss                                     0x2000092c   Section      512  usbd_desc.o(.bss)
    .bss                                     0x20000b2c   Section     2048  usbd_cdc_if.o(.bss)
    .bss                                     0x2000132c   Section     1272  usbd_conf.o(.bss)
    mem                                      0x2000132c   Data         544  usbd_conf.o(.bss)
    .bss                                     0x20001824   Section      240  tasks.o(.bss)
    pxReadyTasksLists                        0x20001824   Data         140  tasks.o(.bss)
    xDelayedTaskList1                        0x200018b0   Data          20  tasks.o(.bss)
    xDelayedTaskList2                        0x200018c4   Data          20  tasks.o(.bss)
    xPendingReadyList                        0x200018d8   Data          20  tasks.o(.bss)
    xTasksWaitingTermination                 0x200018ec   Data          20  tasks.o(.bss)
    xSuspendedTaskList                       0x20001900   Data          20  tasks.o(.bss)
    .bss                                     0x20001914   Section    10240  heap_4.o(.bss)
    ucHeap                                   0x20001914   Data       10240  heap_4.o(.bss)
    STACK                                    0x20004118   Section     2560  startup_stm32f103xe.o(STACK)

    Global Symbols

    Symbol Name                              Value     Ov Type        Size  Object(Section)

    BuildAttributes$$THM_ISAv4$P$D$K$B$S$PE$A:L22UL41UL21$X:L11$S22US41US21$IEEE1$IW$USESV6$~STKCKD$USESV7$~SHL$OTIME$ROPI$IEEEX$EBA8$MICROLIB$REQ8$PRES8$EABIv2 0x00000000   Number         0  anon$$obj.o ABSOLUTE
    __ARM_use_no_argv                        0x00000000   Number         0  main.o ABSOLUTE
    _printf_a                                0x00000000   Number         0  stubs.o ABSOLUTE
    _printf_c                                0x00000000   Number         0  stubs.o ABSOLUTE
    _printf_charcount                        0x00000000   Number         0  stubs.o ABSOLUTE
    _printf_d                                0x00000000   Number         0  stubs.o ABSOLUTE
    _printf_e                                0x00000000   Number         0  stubs.o ABSOLUTE
    _printf_f                                0x00000000   Number         0  stubs.o ABSOLUTE
    _printf_flags                            0x00000000   Number         0  stubs.o ABSOLUTE
    _printf_fp_dec                           0x00000000   Number         0  stubs.o ABSOLUTE
    _printf_fp_hex                           0x00000000   Number         0  stubs.o ABSOLUTE
    _printf_g                                0x00000000   Number         0  stubs.o ABSOLUTE
    _printf_i                                0x00000000   Number         0  stubs.o ABSOLUTE
    _printf_int_dec                          0x00000000   Number         0  stubs.o ABSOLUTE
    _printf_l                                0x00000000   Number         0  stubs.o ABSOLUTE
    _printf_lc                               0x00000000   Number         0  stubs.o ABSOLUTE
    _printf_ll                               0x00000000   Number         0  stubs.o ABSOLUTE
    _printf_lld                              0x00000000   Number         0  stubs.o ABSOLUTE
    _printf_lli                              0x00000000   Number         0  stubs.o ABSOLUTE
    _printf_llo                              0x00000000   Number         0  stubs.o ABSOLUTE
    _printf_llu                              0x00000000   Number         0  stubs.o ABSOLUTE
    _printf_llx                              0x00000000   Number         0  stubs.o ABSOLUTE
    _printf_longlong_dec                     0x00000000   Number         0  stubs.o ABSOLUTE
    _printf_longlong_hex                     0x00000000   Number         0  stubs.o ABSOLUTE
    _printf_longlong_oct                     0x00000000   Number         0  stubs.o ABSOLUTE
    _printf_ls                               0x00000000   Number         0  stubs.o ABSOLUTE
    _printf_mbtowc                           0x00000000   Number         0  stubs.o ABSOLUTE
    _printf_n                                0x00000000   Number         0  stubs.o ABSOLUTE
    _printf_o                                0x00000000   Number         0  stubs.o ABSOLUTE
    _printf_p                                0x00000000   Number         0  stubs.o ABSOLUTE
    _printf_percent                          0x00000000   Number         0  stubs.o ABSOLUTE
    _printf_pre_padding                      0x00000000   Number         0  stubs.o ABSOLUTE
    _printf_return_value                     0x00000000   Number         0  stubs.o ABSOLUTE
    _printf_s                                0x00000000   Number         0  stubs.o ABSOLUTE
    _printf_sizespec                         0x00000000   Number         0  stubs.o ABSOLUTE
    _printf_str                              0x00000000   Number         0  stubs.o ABSOLUTE
    _printf_truncate_signed                  0x00000000   Number         0  stubs.o ABSOLUTE
    _printf_truncate_unsigned                0x00000000   Number         0  stubs.o ABSOLUTE
    _printf_u                                0x00000000   Number         0  stubs.o ABSOLUTE
    _printf_wc                               0x00000000   Number         0  stubs.o ABSOLUTE
    _printf_wctomb                           0x00000000   Number         0  stubs.o ABSOLUTE
    _printf_widthprec                        0x00000000   Number         0  stubs.o ABSOLUTE
    _printf_x                                0x00000000   Number         0  stubs.o ABSOLUTE
    __arm_fini_                               - Undefined Weak Reference
    __cpp_initialize__aeabi_                  - Undefined Weak Reference
    __cxa_finalize                            - Undefined Weak Reference
    _clock_init                               - Undefined Weak Reference
    _microlib_exit                            - Undefined Weak Reference
    __Vectors_Size                           0x00000130   Number         0  startup_stm32f103xe.o ABSOLUTE
    __Vectors                                0x08000000   Data           4  startup_stm32f103xe.o(RESET)
    __Vectors_End                            0x08000130   Data           0  startup_stm32f103xe.o(RESET)
    __main                                   0x08000131   Thumb Code     0  entry.o(.ARM.Collect$$$$00000000)
    _main_stk                                0x08000131   Thumb Code     0  entry2.o(.ARM.Collect$$$$00000001)
    _main_scatterload                        0x08000135   Thumb Code     0  entry5.o(.ARM.Collect$$$$00000004)
    __main_after_scatterload                 0x08000139   Thumb Code     0  entry5.o(.ARM.Collect$$$$00000004)
    _main_clock                              0x08000139   Thumb Code     0  entry7b.o(.ARM.Collect$$$$00000008)
    _main_cpp_init                           0x08000139   Thumb Code     0  entry8b.o(.ARM.Collect$$$$0000000A)
    _main_init                               0x08000139   Thumb Code     0  entry9a.o(.ARM.Collect$$$$0000000B)
    __rt_lib_shutdown_fini                   0x08000141   Thumb Code     0  entry12b.o(.ARM.Collect$$$$0000000E)
    __rt_final_cpp                           0x08000145   Thumb Code     0  entry10a.o(.ARM.Collect$$$$0000000F)
    __rt_final_exit                          0x08000145   Thumb Code     0  entry11a.o(.ARM.Collect$$$$00000011)
    SVC_Handler                              0x08000149   Thumb Code    32  port.o(.emb_text)
    __asm___6_port_c_39a90d8d__prvStartFirstTask 0x0800016d   Thumb Code    28  port.o(.emb_text)
    PendSV_Handler                           0x0800018d   Thumb Code    72  port.o(.emb_text)
    vPortGetIPSR                             0x080001d9   Thumb Code     6  port.o(.emb_text)
    Reset_Handler                            0x080001e1   Thumb Code     8  startup_stm32f103xe.o(.text)
    ADC1_2_IRQHandler                        0x080001fb   Thumb Code     0  startup_stm32f103xe.o(.text)
    ADC3_IRQHandler                          0x080001fb   Thumb Code     0  startup_stm32f103xe.o(.text)
    CAN1_RX1_IRQHandler                      0x080001fb   Thumb Code     0  startup_stm32f103xe.o(.text)
    CAN1_SCE_IRQHandler                      0x080001fb   Thumb Code     0  startup_stm32f103xe.o(.text)
    DMA1_Channel1_IRQHandler                 0x080001fb   Thumb Code     0  startup_stm32f103xe.o(.text)
    DMA1_Channel2_IRQHandler                 0x080001fb   Thumb Code     0  startup_stm32f103xe.o(.text)
    DMA1_Channel3_IRQHandler                 0x080001fb   Thumb Code     0  startup_stm32f103xe.o(.text)
    DMA1_Channel4_IRQHandler                 0x080001fb   Thumb Code     0  startup_stm32f103xe.o(.text)
    DMA1_Channel5_IRQHandler                 0x080001fb   Thumb Code     0  startup_stm32f103xe.o(.text)
    DMA1_Channel6_IRQHandler                 0x080001fb   Thumb Code     0  startup_stm32f103xe.o(.text)
    DMA1_Channel7_IRQHandler                 0x080001fb   Thumb Code     0  startup_stm32f103xe.o(.text)
    DMA2_Channel1_IRQHandler                 0x080001fb   Thumb Code     0  startup_stm32f103xe.o(.text)
    DMA2_Channel2_IRQHandler                 0x080001fb   Thumb Code     0  startup_stm32f103xe.o(.text)
    DMA2_Channel3_IRQHandler                 0x080001fb   Thumb Code     0  startup_stm32f103xe.o(.text)
    DMA2_Channel4_5_IRQHandler               0x080001fb   Thumb Code     0  startup_stm32f103xe.o(.text)
    EXTI0_IRQHandler                         0x080001fb   Thumb Code     0  startup_stm32f103xe.o(.text)
    EXTI15_10_IRQHandler                     0x080001fb   Thumb Code     0  startup_stm32f103xe.o(.text)
    EXTI1_IRQHandler                         0x080001fb   Thumb Code     0  startup_stm32f103xe.o(.text)
    EXTI2_IRQHandler                         0x080001fb   Thumb Code     0  startup_stm32f103xe.o(.text)
    EXTI3_IRQHandler                         0x080001fb   Thumb Code     0  startup_stm32f103xe.o(.text)
    EXTI4_IRQHandler                         0x080001fb   Thumb Code     0  startup_stm32f103xe.o(.text)
    EXTI9_5_IRQHandler                       0x080001fb   Thumb Code     0  startup_stm32f103xe.o(.text)
    FLASH_IRQHandler                         0x080001fb   Thumb Code     0  startup_stm32f103xe.o(.text)
    FSMC_IRQHandler                          0x080001fb   Thumb Code     0  startup_stm32f103xe.o(.text)
    I2C1_ER_IRQHandler                       0x080001fb   Thumb Code     0  startup_stm32f103xe.o(.text)
    I2C1_EV_IRQHandler                       0x080001fb   Thumb Code     0  startup_stm32f103xe.o(.text)
    I2C2_ER_IRQHandler                       0x080001fb   Thumb Code     0  startup_stm32f103xe.o(.text)
    I2C2_EV_IRQHandler                       0x080001fb   Thumb Code     0  startup_stm32f103xe.o(.text)
    PVD_IRQHandler                           0x080001fb   Thumb Code     0  startup_stm32f103xe.o(.text)
    RCC_IRQHandler                           0x080001fb   Thumb Code     0  startup_stm32f103xe.o(.text)
    RTC_Alarm_IRQHandler                     0x080001fb   Thumb Code     0  startup_stm32f103xe.o(.text)
    RTC_IRQHandler                           0x080001fb   Thumb Code     0  startup_stm32f103xe.o(.text)
    SDIO_IRQHandler                          0x080001fb   Thumb Code     0  startup_stm32f103xe.o(.text)
    SPI1_IRQHandler                          0x080001fb   Thumb Code     0  startup_stm32f103xe.o(.text)
    SPI2_IRQHandler                          0x080001fb   Thumb Code     0  startup_stm32f103xe.o(.text)
    SPI3_IRQHandler                          0x080001fb   Thumb Code     0  startup_stm32f103xe.o(.text)
    TAMPER_IRQHandler                        0x080001fb   Thumb Code     0  startup_stm32f103xe.o(.text)
    TIM1_BRK_IRQHandler                      0x080001fb   Thumb Code     0  startup_stm32f103xe.o(.text)
    TIM1_CC_IRQHandler                       0x080001fb   Thumb Code     0  startup_stm32f103xe.o(.text)
    TIM1_TRG_COM_IRQHandler                  0x080001fb   Thumb Code     0  startup_stm32f103xe.o(.text)
    TIM1_UP_IRQHandler                       0x080001fb   Thumb Code     0  startup_stm32f103xe.o(.text)
    TIM2_IRQHandler                          0x080001fb   Thumb Code     0  startup_stm32f103xe.o(.text)
    TIM3_IRQHandler                          0x080001fb   Thumb Code     0  startup_stm32f103xe.o(.text)
    TIM4_IRQHandler                          0x080001fb   Thumb Code     0  startup_stm32f103xe.o(.text)
    TIM5_IRQHandler                          0x080001fb   Thumb Code     0  startup_stm32f103xe.o(.text)
    TIM6_IRQHandler                          0x080001fb   Thumb Code     0  startup_stm32f103xe.o(.text)
    TIM8_BRK_IRQHandler                      0x080001fb   Thumb Code     0  startup_stm32f103xe.o(.text)
    TIM8_CC_IRQHandler                       0x080001fb   Thumb Code     0  startup_stm32f103xe.o(.text)
    TIM8_TRG_COM_IRQHandler                  0x080001fb   Thumb Code     0  startup_stm32f103xe.o(.text)
    TIM8_UP_IRQHandler                       0x080001fb   Thumb Code     0  startup_stm32f103xe.o(.text)
    UART4_IRQHandler                         0x080001fb   Thumb Code     0  startup_stm32f103xe.o(.text)
    UART5_IRQHandler                         0x080001fb   Thumb Code     0  startup_stm32f103xe.o(.text)
    USART1_IRQHandler                        0x080001fb   Thumb Code     0  startup_stm32f103xe.o(.text)
    USART2_IRQHandler                        0x080001fb   Thumb Code     0  startup_stm32f103xe.o(.text)
    USART3_IRQHandler                        0x080001fb   Thumb Code     0  startup_stm32f103xe.o(.text)
    USBWakeUp_IRQHandler                     0x080001fb   Thumb Code     0  startup_stm32f103xe.o(.text)
    USB_HP_CAN1_TX_IRQHandler                0x080001fb   Thumb Code     0  startup_stm32f103xe.o(.text)
    WWDG_IRQHandler                          0x080001fb   Thumb Code     0  startup_stm32f103xe.o(.text)
    __aeabi_llsr                             0x08000205   Thumb Code    32  llushr.o(.text)
    _ll_ushift_r                             0x08000205   Thumb Code     0  llushr.o(.text)
    __aeabi_memcpy                           0x08000225   Thumb Code    36  memcpya.o(.text)
    __aeabi_memcpy4                          0x08000225   Thumb Code     0  memcpya.o(.text)
    __aeabi_memcpy8                          0x08000225   Thumb Code     0  memcpya.o(.text)
    __aeabi_memset                           0x08000249   Thumb Code    14  memseta.o(.text)
    __aeabi_memset4                          0x08000249   Thumb Code     0  memseta.o(.text)
    __aeabi_memset8                          0x08000249   Thumb Code     0  memseta.o(.text)
    __aeabi_memclr                           0x08000257   Thumb Code     4  memseta.o(.text)
    __aeabi_memclr4                          0x08000257   Thumb Code     0  memseta.o(.text)
    __aeabi_memclr8                          0x08000257   Thumb Code     0  memseta.o(.text)
    memset                                   0x0800025b   Thumb Code    18  memseta.o(.text)
    strlen                                   0x0800026d   Thumb Code    14  strlen.o(.text)
    __aeabi_fadd                             0x0800027b   Thumb Code   164  fadd.o(.text)
    __aeabi_fsub                             0x0800031f   Thumb Code     6  fadd.o(.text)
    __aeabi_frsub                            0x08000325   Thumb Code     6  fadd.o(.text)
    __aeabi_fmul                             0x0800032b   Thumb Code   100  fmul.o(.text)
    __aeabi_fdiv                             0x0800038f   Thumb Code   124  fdiv.o(.text)
    __aeabi_dadd                             0x0800040b   Thumb Code   322  dadd.o(.text)
    __aeabi_dsub                             0x0800054d   Thumb Code     6  dadd.o(.text)
    __aeabi_drsub                            0x08000553   Thumb Code     6  dadd.o(.text)
    __aeabi_dmul                             0x08000559   Thumb Code   228  dmul.o(.text)
    __aeabi_ddiv                             0x0800063d   Thumb Code   222  ddiv.o(.text)
    __ARM_scalbn                             0x0800071b   Thumb Code    46  dscalb.o(.text)
    scalbn                                   0x0800071b   Thumb Code     0  dscalb.o(.text)
    __aeabi_i2f                              0x08000749   Thumb Code    18  fflti.o(.text)
    __aeabi_i2d                              0x0800075b   Thumb Code    34  dflti.o(.text)
    __aeabi_ui2d                             0x0800077d   Thumb Code    26  dfltui.o(.text)
    __aeabi_f2d                              0x08000797   Thumb Code    38  f2d.o(.text)
    __aeabi_cdcmpeq                          0x080007bd   Thumb Code     0  cdcmple.o(.text)
    __aeabi_cdcmple                          0x080007bd   Thumb Code    48  cdcmple.o(.text)
    __aeabi_d2f                              0x080007ed   Thumb Code    56  d2f.o(.text)
    __aeabi_uidiv                            0x08000825   Thumb Code     0  uidiv.o(.text)
    __aeabi_uidivmod                         0x08000825   Thumb Code    44  uidiv.o(.text)
    __aeabi_uldivmod                         0x08000851   Thumb Code    98  uldiv.o(.text)
    __aeabi_llsl                             0x080008b3   Thumb Code    30  llshl.o(.text)
    _ll_shift_l                              0x080008b3   Thumb Code     0  llshl.o(.text)
    __aeabi_lasr                             0x080008d1   Thumb Code    36  llsshr.o(.text)
    _ll_sshift_r                             0x080008d1   Thumb Code     0  llsshr.o(.text)
    __I$use$fp                               0x080008f5   Thumb Code     0  iusefp.o(.text)
    _float_round                             0x080008f5   Thumb Code    18  fepilogue.o(.text)
    _float_epilogue                          0x08000907   Thumb Code    92  fepilogue.o(.text)
    _double_round                            0x08000963   Thumb Code    30  depilogue.o(.text)
    _double_epilogue                         0x08000981   Thumb Code   156  depilogue.o(.text)
    __aeabi_d2ulz                            0x08000a1d   Thumb Code    48  dfixul.o(.text)
    __aeabi_cdrcmple                         0x08000a4d   Thumb Code    48  cdrcmple.o(.text)
    __scatterload                            0x08000a7d   Thumb Code    28  init.o(.text)
    __scatterload_rt2                        0x08000a7d   Thumb Code     0  init.o(.text)
    _dsqrt                                   0x08000aa1   Thumb Code   162  dsqrt.o(.text)
    __decompress                             0x08000b43   Thumb Code     0  __dczerorl2.o(.text)
    __decompress1                            0x08000b43   Thumb Code    86  __dczerorl2.o(.text)
    BMP280_Init                              0x08000b99   Thumb Code    72  bmp280.o(i.BMP280_Init)
    BMP280_ReadCalibrationParams             0x08000be1   Thumb Code   100  bmp280.o(i.BMP280_ReadCalibrationParams)
    BMP280_ReadChipID                        0x08000c45   Thumb Code    22  bmp280.o(i.BMP280_ReadChipID)
    BMP280_ReadPressureTemperature           0x08000c5d   Thumb Code   646  bmp280.o(i.BMP280_ReadPressureTemperature)
    BMP280_SetConfig                         0x08000f81   Thumb Code    14  bmp280.o(i.BMP280_SetConfig)
    BMP280_SetMode                           0x08000f8f   Thumb Code    16  bmp280.o(i.BMP280_SetMode)
    BusFault_Handler                         0x08000f9f   Thumb Code     2  stm32f1xx_it.o(i.BusFault_Handler)
    CDC_Transmit_FS                          0x08000fe5   Thumb Code    38  usbd_cdc_if.o(i.CDC_Transmit_FS)
    DebugMon_Handler                         0x08001011   Thumb Code     2  stm32f1xx_it.o(i.DebugMon_Handler)
    Error_Handler                            0x08001013   Thumb Code     4  main.o(i.Error_Handler)
    HAL_Delay                                0x08001019   Thumb Code    32  stm32f1xx_hal.o(i.HAL_Delay)
    HAL_GPIO_Init                            0x0800103d   Thumb Code   462  stm32f1xx_hal_gpio.o(i.HAL_GPIO_Init)
    HAL_GPIO_TogglePin                       0x08001235   Thumb Code    16  stm32f1xx_hal_gpio.o(i.HAL_GPIO_TogglePin)
    HAL_GPIO_WritePin                        0x08001245   Thumb Code    10  stm32f1xx_hal_gpio.o(i.HAL_GPIO_WritePin)
    HAL_GetTick                              0x08001251   Thumb Code     6  stm32f1xx_hal.o(i.HAL_GetTick)
    HAL_IncTick                              0x0800125d   Thumb Code    12  stm32f1xx_hal.o(i.HAL_IncTick)
    HAL_Init                                 0x0800126d   Thumb Code    32  stm32f1xx_hal.o(i.HAL_Init)
    HAL_InitTick                             0x08001291   Thumb Code   132  stm32f1xx_hal_timebase_tim.o(i.HAL_InitTick)
    HAL_MspInit                              0x08001329   Thumb Code    62  stm32f1xx_hal_msp.o(i.HAL_MspInit)
    HAL_NVIC_EnableIRQ                       0x08001371   Thumb Code    26  stm32f1xx_hal_cortex.o(i.HAL_NVIC_EnableIRQ)
    HAL_NVIC_SetPriority                     0x0800138d   Thumb Code    60  stm32f1xx_hal_cortex.o(i.HAL_NVIC_SetPriority)
    HAL_NVIC_SetPriorityGrouping             0x080013cd   Thumb Code    26  stm32f1xx_hal_cortex.o(i.HAL_NVIC_SetPriorityGrouping)
    HAL_PCDEx_PMAConfig                      0x080013f1   Thumb Code    60  stm32f1xx_hal_pcd_ex.o(i.HAL_PCDEx_PMAConfig)
    HAL_PCDEx_SetConnectionState             0x0800142d   Thumb Code     2  usbd_conf.o(i.HAL_PCDEx_SetConnectionState)
    HAL_PCD_DataInStageCallback              0x0800142f   Thumb Code    18  usbd_conf.o(i.HAL_PCD_DataInStageCallback)
    HAL_PCD_DataOutStageCallback             0x08001441   Thumb Code    20  usbd_conf.o(i.HAL_PCD_DataOutStageCallback)
    HAL_PCD_EP_Close                         0x08001455   Thumb Code    74  stm32f1xx_hal_pcd.o(i.HAL_PCD_EP_Close)
    HAL_PCD_EP_ClrStall                      0x0800149f   Thumb Code    90  stm32f1xx_hal_pcd.o(i.HAL_PCD_EP_ClrStall)
    HAL_PCD_EP_GetRxCount                    0x08001917   Thumb Code    18  stm32f1xx_hal_pcd.o(i.HAL_PCD_EP_GetRxCount)
    HAL_PCD_EP_Open                          0x08001929   Thumb Code    88  stm32f1xx_hal_pcd.o(i.HAL_PCD_EP_Open)
    HAL_PCD_EP_Receive                       0x08001981   Thumb Code    46  stm32f1xx_hal_pcd.o(i.HAL_PCD_EP_Receive)
    HAL_PCD_EP_SetStall                      0x080019af   Thumb Code   112  stm32f1xx_hal_pcd.o(i.HAL_PCD_EP_SetStall)
    HAL_PCD_EP_Transmit                      0x08001a1f   Thumb Code    46  stm32f1xx_hal_pcd.o(i.HAL_PCD_EP_Transmit)
    HAL_PCD_IRQHandler                       0x08001a4d   Thumb Code   308  stm32f1xx_hal_pcd.o(i.HAL_PCD_IRQHandler)
    HAL_PCD_Init                             0x08001b81   Thumb Code   186  stm32f1xx_hal_pcd.o(i.HAL_PCD_Init)
    HAL_PCD_MspInit                          0x08001c3d   Thumb Code    50  usbd_conf.o(i.HAL_PCD_MspInit)
    HAL_PCD_ResetCallback                    0x08001c79   Thumb Code    38  usbd_conf.o(i.HAL_PCD_ResetCallback)
    HAL_PCD_ResumeCallback                   0x08001c9f   Thumb Code     8  usbd_conf.o(i.HAL_PCD_ResumeCallback)
    HAL_PCD_SOFCallback                      0x08001ca7   Thumb Code     8  usbd_conf.o(i.HAL_PCD_SOFCallback)
    HAL_PCD_SetAddress                       0x08001caf   Thumb Code    38  stm32f1xx_hal_pcd.o(i.HAL_PCD_SetAddress)
    HAL_PCD_SetupStageCallback               0x08001cd5   Thumb Code    14  usbd_conf.o(i.HAL_PCD_SetupStageCallback)
    HAL_PCD_Start                            0x08001ce3   Thumb Code    50  stm32f1xx_hal_pcd.o(i.HAL_PCD_Start)
    HAL_PCD_SuspendCallback                  0x08001d15   Thumb Code    30  usbd_conf.o(i.HAL_PCD_SuspendCallback)
    HAL_RCCEx_PeriphCLKConfig                0x08001d39   Thumb Code   224  stm32f1xx_hal_rcc_ex.o(i.HAL_RCCEx_PeriphCLKConfig)
    HAL_RCC_ClockConfig                      0x08001e25   Thumb Code   280  stm32f1xx_hal_rcc.o(i.HAL_RCC_ClockConfig)
    HAL_RCC_GetClockConfig                   0x08001f51   Thumb Code    54  stm32f1xx_hal_rcc.o(i.HAL_RCC_GetClockConfig)
    HAL_RCC_GetPCLK1Freq                     0x08001f91   Thumb Code    20  stm32f1xx_hal_rcc.o(i.HAL_RCC_GetPCLK1Freq)
    HAL_RCC_GetSysClockFreq                  0x08001fb1   Thumb Code    58  stm32f1xx_hal_rcc.o(i.HAL_RCC_GetSysClockFreq)
    HAL_RCC_OscConfig                        0x08001ffd   Thumb Code   778  stm32f1xx_hal_rcc.o(i.HAL_RCC_OscConfig)
    HAL_SPI_Init                             0x0800231d   Thumb Code   178  stm32f1xx_hal_spi.o(i.HAL_SPI_Init)
    HAL_SPI_MspInit                          0x080023d1   Thumb Code    98  spi.o(i.HAL_SPI_MspInit)
    HAL_SPI_Receive                          0x08002441   Thumb Code   340  stm32f1xx_hal_spi.o(i.HAL_SPI_Receive)
    HAL_SPI_Transmit                         0x08002595   Thumb Code   358  stm32f1xx_hal_spi.o(i.HAL_SPI_Transmit)
    HAL_SPI_TransmitReceive                  0x080026fb   Thumb Code   496  stm32f1xx_hal_spi.o(i.HAL_SPI_TransmitReceive)
    HAL_TIMEx_BreakCallback                  0x080028eb   Thumb Code     2  stm32f1xx_hal_tim_ex.o(i.HAL_TIMEx_BreakCallback)
    HAL_TIMEx_CommutCallback                 0x080028ed   Thumb Code     2  stm32f1xx_hal_tim_ex.o(i.HAL_TIMEx_CommutCallback)
    HAL_TIM_Base_Init                        0x080028ef   Thumb Code    90  stm32f1xx_hal_tim.o(i.HAL_TIM_Base_Init)
    HAL_TIM_Base_MspInit                     0x08002949   Thumb Code     2  stm32f1xx_hal_tim.o(i.HAL_TIM_Base_MspInit)
    HAL_TIM_Base_Start_IT                    0x0800294d   Thumb Code    88  stm32f1xx_hal_tim.o(i.HAL_TIM_Base_Start_IT)
    HAL_TIM_IC_CaptureCallback               0x080029b9   Thumb Code     2  stm32f1xx_hal_tim.o(i.HAL_TIM_IC_CaptureCallback)
    HAL_TIM_IRQHandler                       0x080029bb   Thumb Code   304  stm32f1xx_hal_tim.o(i.HAL_TIM_IRQHandler)
    HAL_TIM_OC_DelayElapsedCallback          0x08002aeb   Thumb Code     2  stm32f1xx_hal_tim.o(i.HAL_TIM_OC_DelayElapsedCallback)
    HAL_TIM_PWM_PulseFinishedCallback        0x08002aed   Thumb Code     2  stm32f1xx_hal_tim.o(i.HAL_TIM_PWM_PulseFinishedCallback)
    HAL_TIM_PeriodElapsedCallback            0x08002af1   Thumb Code    14  main.o(i.HAL_TIM_PeriodElapsedCallback)
    HAL_TIM_TriggerCallback                  0x08002b05   Thumb Code     2  stm32f1xx_hal_tim.o(i.HAL_TIM_TriggerCallback)
    HPF_Compute                              0x08002b07   Thumb Code    38  freertos.o(i.HPF_Compute)
    HPF_Init                                 0x08002b2d   Thumb Code    72  freertos.o(i.HPF_Init)
    HardFault_Handler                        0x08002b79   Thumb Code     2  stm32f1xx_it.o(i.HardFault_Handler)
    LPF_Compute                              0x08002bb5   Thumb Code    48  freertos.o(i.LPF_Compute)
    LPF_Init                                 0x08002be5   Thumb Code    72  freertos.o(i.LPF_Init)
    LedTask                                  0x08002c31   Thumb Code    68  freertos.o(i.LedTask)
    MX_FREERTOS_Init                         0x08002c79   Thumb Code    52  freertos.o(i.MX_FREERTOS_Init)
    MX_GPIO_Init                             0x08002cb5   Thumb Code   204  gpio.o(i.MX_GPIO_Init)
    MX_SPI1_Init                             0x08002d91   Thumb Code    62  spi.o(i.MX_SPI1_Init)
    MX_USB_DEVICE_Init                       0x08002dd9   Thumb Code    66  usb_device.o(i.MX_USB_DEVICE_Init)
    MemManage_Handler                        0x08002e2d   Thumb Code     2  stm32f1xx_it.o(i.MemManage_Handler)
    NMI_Handler                              0x08002e2f   Thumb Code     2  stm32f1xx_it.o(i.NMI_Handler)
    StartDefaultTask                         0x08003321   Thumb Code   710  freertos.o(i.StartDefaultTask)
    SysTick_Handler                          0x08003675   Thumb Code    38  port.o(i.SysTick_Handler)
    SystemClock_Config                       0x080036a1   Thumb Code   120  main.o(i.SystemClock_Config)
    SystemInit                               0x08003719   Thumb Code     2  system_stm32f1xx.o(i.SystemInit)
    TIM7_IRQHandler                          0x0800371d   Thumb Code     6  stm32f1xx_it.o(i.TIM7_IRQHandler)
    TIM_Base_SetConfig                       0x08003729   Thumb Code   134  stm32f1xx_hal_tim.o(i.TIM_Base_SetConfig)
    USBD_CDC_GetDeviceQualifierDescriptor    0x080038a1   Thumb Code     8  usbd_cdc.o(i.USBD_CDC_GetDeviceQualifierDescriptor)
    USBD_CDC_ReceivePacket                   0x08003965   Thumb Code    40  usbd_cdc.o(i.USBD_CDC_ReceivePacket)
    USBD_CDC_RegisterInterface               0x0800398d   Thumb Code    16  usbd_cdc.o(i.USBD_CDC_RegisterInterface)
    USBD_CDC_SetRxBuffer                     0x0800399d   Thumb Code    12  usbd_cdc.o(i.USBD_CDC_SetRxBuffer)
    USBD_CDC_SetTxBuffer                     0x080039a9   Thumb Code    16  usbd_cdc.o(i.USBD_CDC_SetTxBuffer)
    USBD_CDC_TransmitPacket                  0x08003a65   Thumb Code    54  usbd_cdc.o(i.USBD_CDC_TransmitPacket)
    USBD_ClrClassConfig                      0x08003a9b   Thumb Code    14  usbd_core.o(i.USBD_ClrClassConfig)
    USBD_CtlContinueRx                       0x08003aa9   Thumb Code    16  usbd_ioreq.o(i.USBD_CtlContinueRx)
    USBD_CtlContinueSendData                 0x08003ab9   Thumb Code    16  usbd_ioreq.o(i.USBD_CtlContinueSendData)
    USBD_CtlError                            0x08003ac9   Thumb Code    22  usbd_ctlreq.o(i.USBD_CtlError)
    USBD_CtlPrepareRx                        0x08003adf   Thumb Code    30  usbd_ioreq.o(i.USBD_CtlPrepareRx)
    USBD_CtlReceiveStatus                    0x08003afd   Thumb Code    22  usbd_ioreq.o(i.USBD_CtlReceiveStatus)
    USBD_CtlSendData                         0x08003b13   Thumb Code    26  usbd_ioreq.o(i.USBD_CtlSendData)
    USBD_CtlSendStatus                       0x08003b2d   Thumb Code    22  usbd_ioreq.o(i.USBD_CtlSendStatus)
    USBD_FS_ConfigStrDescriptor              0x08003b45   Thumb Code    16  usbd_desc.o(i.USBD_FS_ConfigStrDescriptor)
    USBD_FS_DeviceDescriptor                 0x08003b65   Thumb Code     8  usbd_desc.o(i.USBD_FS_DeviceDescriptor)
    USBD_FS_InterfaceStrDescriptor           0x08003b71   Thumb Code    16  usbd_desc.o(i.USBD_FS_InterfaceStrDescriptor)
    USBD_FS_LangIDStrDescriptor              0x08003b95   Thumb Code     8  usbd_desc.o(i.USBD_FS_LangIDStrDescriptor)
    USBD_FS_ManufacturerStrDescriptor        0x08003ba1   Thumb Code    16  usbd_desc.o(i.USBD_FS_ManufacturerStrDescriptor)
    USBD_FS_ProductStrDescriptor             0x08003bc9   Thumb Code    16  usbd_desc.o(i.USBD_FS_ProductStrDescriptor)
    USBD_FS_SerialStrDescriptor              0x08003bf5   Thumb Code    48  usbd_desc.o(i.USBD_FS_SerialStrDescriptor)
    USBD_GetString                           0x08003d15   Thumb Code    72  usbd_ctlreq.o(i.USBD_GetString)
    USBD_Init                                0x08003d75   Thumb Code    42  usbd_core.o(i.USBD_Init)
    USBD_LL_ClearStallEP                     0x08003d9f   Thumb Code    18  usbd_conf.o(i.USBD_LL_ClearStallEP)
    USBD_LL_CloseEP                          0x08003db1   Thumb Code    18  usbd_conf.o(i.USBD_LL_CloseEP)
    USBD_LL_DataInStage                      0x08003dc3   Thumb Code   198  usbd_core.o(i.USBD_LL_DataInStage)
    USBD_LL_DataOutStage                     0x08003e89   Thumb Code   130  usbd_core.o(i.USBD_LL_DataOutStage)
    USBD_LL_GetRxDataSize                    0x08003f0b   Thumb Code     8  usbd_conf.o(i.USBD_LL_GetRxDataSize)
    USBD_LL_Init                             0x08003f15   Thumb Code   118  usbd_conf.o(i.USBD_LL_Init)
    USBD_LL_IsStallEP                        0x08003f95   Thumb Code    30  usbd_conf.o(i.USBD_LL_IsStallEP)
    USBD_LL_OpenEP                           0x08003fb3   Thumb Code    24  usbd_conf.o(i.USBD_LL_OpenEP)
    USBD_LL_PrepareReceive                   0x08003fcb   Thumb Code    18  usbd_conf.o(i.USBD_LL_PrepareReceive)
    USBD_LL_Reset                            0x08003fdd   Thumb Code    80  usbd_core.o(i.USBD_LL_Reset)
    USBD_LL_Resume                           0x0800402d   Thumb Code    20  usbd_core.o(i.USBD_LL_Resume)
    USBD_LL_SOF                              0x08004041   Thumb Code    24  usbd_core.o(i.USBD_LL_SOF)
    USBD_LL_SetSpeed                         0x08004059   Thumb Code     6  usbd_core.o(i.USBD_LL_SetSpeed)
    USBD_LL_SetUSBAddress                    0x0800405f   Thumb Code    18  usbd_conf.o(i.USBD_LL_SetUSBAddress)
    USBD_LL_SetupStage                       0x08004071   Thumb Code    90  usbd_core.o(i.USBD_LL_SetupStage)
    USBD_LL_StallEP                          0x080040cb   Thumb Code    18  usbd_conf.o(i.USBD_LL_StallEP)
    USBD_LL_Start                            0x080040dd   Thumb Code    18  usbd_conf.o(i.USBD_LL_Start)
    USBD_LL_Suspend                          0x080040ef   Thumb Code    18  usbd_core.o(i.USBD_LL_Suspend)
    USBD_LL_Transmit                         0x08004101   Thumb Code    18  usbd_conf.o(i.USBD_LL_Transmit)
    USBD_ParseSetupRequest                   0x08004113   Thumb Code    40  usbd_ctlreq.o(i.USBD_ParseSetupRequest)
    USBD_RegisterClass                       0x0800413b   Thumb Code    16  usbd_core.o(i.USBD_RegisterClass)
    USBD_SetClassConfig                      0x0800414b   Thumb Code    22  usbd_core.o(i.USBD_SetClassConfig)
    USBD_Start                               0x080041e5   Thumb Code    10  usbd_core.o(i.USBD_Start)
    USBD_StdDevReq                           0x080041ef   Thumb Code   274  usbd_ctlreq.o(i.USBD_StdDevReq)
    USBD_StdEPReq                            0x08004301   Thumb Code   336  usbd_ctlreq.o(i.USBD_StdEPReq)
    USBD_StdItfReq                           0x08004451   Thumb Code    78  usbd_ctlreq.o(i.USBD_StdItfReq)
    USBD_static_free                         0x0800449f   Thumb Code     2  usbd_conf.o(i.USBD_static_free)
    USBD_static_malloc                       0x080044a1   Thumb Code     4  usbd_conf.o(i.USBD_static_malloc)
    USB_ActivateEndpoint                     0x080044a9   Thumb Code   668  stm32f1xx_ll_usb.o(i.USB_ActivateEndpoint)
    USB_CoreInit                             0x08004745   Thumb Code     4  stm32f1xx_ll_usb.o(i.USB_CoreInit)
    USB_DeactivateEndpoint                   0x08004749   Thumb Code   270  stm32f1xx_ll_usb.o(i.USB_DeactivateEndpoint)
    USB_DevConnect                           0x08004857   Thumb Code     4  stm32f1xx_ll_usb.o(i.USB_DevConnect)
    USB_DevDisconnect                        0x0800485b   Thumb Code     4  stm32f1xx_ll_usb.o(i.USB_DevDisconnect)
    USB_DevInit                              0x0800485f   Thumb Code    18  stm32f1xx_ll_usb.o(i.USB_DevInit)
    USB_DisableGlobalInt                     0x08004871   Thumb Code    14  stm32f1xx_ll_usb.o(i.USB_DisableGlobalInt)
    USB_EP0_OutStart                         0x0800487f   Thumb Code     4  stm32f1xx_ll_usb.o(i.USB_EP0_OutStart)
    USB_EPClearStall                         0x08004883   Thumb Code   120  stm32f1xx_ll_usb.o(i.USB_EPClearStall)
    USB_EPSetStall                           0x080048fb   Thumb Code    50  stm32f1xx_ll_usb.o(i.USB_EPSetStall)
    USB_EPStartXfer                          0x0800492d   Thumb Code  1250  stm32f1xx_ll_usb.o(i.USB_EPStartXfer)
    USB_EnableGlobalInt                      0x08004e0f   Thumb Code    18  stm32f1xx_ll_usb.o(i.USB_EnableGlobalInt)
    USB_LP_CAN1_RX0_IRQHandler               0x08004e21   Thumb Code     6  stm32f1xx_it.o(i.USB_LP_CAN1_RX0_IRQHandler)
    USB_ReadInterrupts                       0x08004e2d   Thumb Code     6  stm32f1xx_ll_usb.o(i.USB_ReadInterrupts)
    USB_ReadPMA                              0x08004e35   Thumb Code    44  stm32f1xx_ll_usb.o(i.USB_ReadPMA)
    USB_SetCurrentMode                       0x08004e61   Thumb Code     4  stm32f1xx_ll_usb.o(i.USB_SetCurrentMode)
    USB_SetDevAddress                        0x08004e65   Thumb Code    12  stm32f1xx_ll_usb.o(i.USB_SetDevAddress)
    USB_WritePMA                             0x08004e71   Thumb Code    38  stm32f1xx_ll_usb.o(i.USB_WritePMA)
    UsageFault_Handler                       0x08004e97   Thumb Code     2  stm32f1xx_it.o(i.UsageFault_Handler)
    __0sprintf                               0x08004e99   Thumb Code    34  printfa.o(i.__0sprintf)
    __1sprintf                               0x08004e99   Thumb Code     0  printfa.o(i.__0sprintf)
    __2sprintf                               0x08004e99   Thumb Code     0  printfa.o(i.__0sprintf)
    __c89sprintf                             0x08004e99   Thumb Code     0  printfa.o(i.__0sprintf)
    sprintf                                  0x08004e99   Thumb Code     0  printfa.o(i.__0sprintf)
    __ARM_fpclassify                         0x08004ec1   Thumb Code    40  fpclassify.o(i.__ARM_fpclassify)
    __kernel_poly                            0x08004f09   Thumb Code   170  poly.o(i.__kernel_poly)
    __mathlib_dbl_divzero                    0x08004fb5   Thumb Code    12  dunder.o(i.__mathlib_dbl_divzero)
    __mathlib_dbl_infnan2                    0x08004fc5   Thumb Code     4  dunder.o(i.__mathlib_dbl_infnan2)
    __mathlib_dbl_invalid                    0x08004fc9   Thumb Code    12  dunder.o(i.__mathlib_dbl_invalid)
    __mathlib_dbl_overflow                   0x08004fd5   Thumb Code    14  dunder.o(i.__mathlib_dbl_overflow)
    __mathlib_dbl_underflow                  0x08004fe5   Thumb Code    10  dunder.o(i.__mathlib_dbl_underflow)
    __scatterload_copy                       0x08004ff5   Thumb Code    14  handlers.o(i.__scatterload_copy)
    __scatterload_null                       0x08005003   Thumb Code     2  handlers.o(i.__scatterload_null)
    __scatterload_zeroinit                   0x08005005   Thumb Code    14  handlers.o(i.__scatterload_zeroinit)
    __set_errno                              0x08005015   Thumb Code     6  errno.o(i.__set_errno)
    main                                     0x080058b5   Thumb Code    26  main.o(i.main)
    osDelay                                  0x080058db   Thumb Code    14  cmsis_os.o(i.osDelay)
    osKernelStart                            0x080058e9   Thumb Code    10  cmsis_os.o(i.osKernelStart)
    osThreadCreate                           0x080058f3   Thumb Code    84  cmsis_os.o(i.osThreadCreate)
    pow                                      0x08005949   Thumb Code  2512  pow.o(i.pow)
    pvPortMalloc                             0x0800666d   Thumb Code   216  heap_4.o(i.pvPortMalloc)
    pxPortInitialiseStack                    0x08006749   Thumb Code    32  port.o(i.pxPortInitialiseStack)
    sqrt                                     0x0800676d   Thumb Code    76  sqrt.o(i.sqrt)
    uxListRemove                             0x080067b9   Thumb Code    38  list.o(i.uxListRemove)
    vApplicationGetIdleTaskMemory            0x080067e1   Thumb Code    16  freertos.o(i.vApplicationGetIdleTaskMemory)
    vListInitialise                          0x080067f5   Thumb Code    22  list.o(i.vListInitialise)
    vListInitialiseItem                      0x0800680b   Thumb Code     6  list.o(i.vListInitialiseItem)
    vListInsert                              0x08006811   Thumb Code    48  list.o(i.vListInsert)
    vListInsertEnd                           0x08006841   Thumb Code    24  list.o(i.vListInsertEnd)
    vPortEnterCritical                       0x08006859   Thumb Code    54  port.o(i.vPortEnterCritical)
    vPortExitCritical                        0x08006899   Thumb Code    34  port.o(i.vPortExitCritical)
    vPortFree                                0x080068c1   Thumb Code    94  heap_4.o(i.vPortFree)
    vPortSetupTimerInterrupt                 0x08006925   Thumb Code    32  port.o(i.vPortSetupTimerInterrupt)
    vTaskDelay                               0x08006949   Thumb Code    66  tasks.o(i.vTaskDelay)
    vTaskDelayUntil                          0x08006995   Thumb Code   132  tasks.o(i.vTaskDelayUntil)
    vTaskStartScheduler                      0x08006a21   Thumb Code    90  tasks.o(i.vTaskStartScheduler)
    vTaskSuspendAll                          0x08006a8d   Thumb Code    10  tasks.o(i.vTaskSuspendAll)
    vTaskSwitchContext                       0x08006a9d   Thumb Code    82  tasks.o(i.vTaskSwitchContext)
    xPortStartScheduler                      0x08006af9   Thumb Code   154  port.o(i.xPortStartScheduler)
    xTaskCreate                              0x08006ba1   Thumb Code    90  tasks.o(i.xTaskCreate)
    xTaskCreateStatic                        0x08006bfb   Thumb Code    86  tasks.o(i.xTaskCreateStatic)
    xTaskGetTickCount                        0x08006c51   Thumb Code     6  tasks.o(i.xTaskGetTickCount)
    xTaskIncrementTick                       0x08006c5d   Thumb Code   194  tasks.o(i.xTaskIncrementTick)
    xTaskResumeAll                           0x08006d29   Thumb Code   182  tasks.o(i.xTaskResumeAll)
    AHBPrescTable                            0x08006e36   Data          16  system_stm32f1xx.o(.constdata)
    APBPrescTable                            0x08006e46   Data           8  system_stm32f1xx.o(.constdata)
    __mathlib_zero                           0x08006ed8   Data           8  qnan.o(.constdata)
    Region$$Table$$Base                      0x08006ef4   Number         0  anon$$obj.o(Region$$Table)
    Region$$Table$$Limit                     0x08006f14   Number         0  anon$$obj.o(Region$$Table)
    defaultTaskHandle                        0x20000004   Data           4  freertos.o(.data)
    ledTaskHandle                            0x20000008   Data           4  freertos.o(.data)
    uwTickFreq                               0x2000000c   Data           1  stm32f1xx_hal.o(.data)
    uwTickPrio                               0x20000010   Data           4  stm32f1xx_hal.o(.data)
    uwTick                                   0x20000014   Data           4  stm32f1xx_hal.o(.data)
    SystemCoreClock                          0x20000018   Data           4  system_stm32f1xx.o(.data)
    FS_Desc                                  0x2000001c   Data          28  usbd_desc.o(.data)
    USBD_LangIDDesc                          0x20000038   Data           4  usbd_desc.o(.data)
    USBD_FS_DeviceDesc                       0x2000003c   Data          18  usbd_desc.o(.data)
    USBD_StringSerial                        0x20000050   Data          26  usbd_desc.o(.data)
    USBD_Interface_fops_FS                   0x2000006c   Data          16  usbd_cdc_if.o(.data)
    USBD_CDC_CfgHSDesc                       0x2000008c   Data          67  usbd_cdc.o(.data)
    USBD_CDC_CfgFSDesc                       0x200000d0   Data          67  usbd_cdc.o(.data)
    USBD_CDC_OtherSpeedCfgDesc               0x20000114   Data          67  usbd_cdc.o(.data)
    USBD_CDC                                 0x20000158   Data          56  usbd_cdc.o(.data)
    pxCurrentTCB                             0x20000190   Data           4  tasks.o(.data)
    LFilter                                  0x20000450   Data          64  freertos.o(.bss)
    HFilter                                  0x20000490   Data          80  freertos.o(.bss)
    Highpass_fdata                           0x200004e0   Data          24  freertos.o(.bss)
    bmp_dev1                                 0x200004f8   Data          52  freertos.o(.bss)
    bmp_dev2                                 0x2000052c   Data          52  freertos.o(.bss)
    bmp_dev3                                 0x20000560   Data          52  freertos.o(.bss)
    bmp_dev4                                 0x20000594   Data          52  freertos.o(.bss)
    hspi1                                    0x200005c8   Data          88  spi.o(.bss)
    htim7                                    0x20000620   Data          72  stm32f1xx_hal_timebase_tim.o(.bss)
    hUsbDeviceFS                             0x20000668   Data         708  usb_device.o(.bss)
    USBD_StrDesc                             0x2000092c   Data         512  usbd_desc.o(.bss)
    UserRxBufferFS                           0x20000b2c   Data        1024  usbd_cdc_if.o(.bss)
    UserTxBufferFS                           0x20000f2c   Data        1024  usbd_cdc_if.o(.bss)
    hpcd_USB_FS                              0x2000154c   Data         728  usbd_conf.o(.bss)
    __initial_sp                             0x20004b18   Data           0  startup_stm32f103xe.o(STACK)



==============================================================================

Memory Map of the image

  Image Entry point : 0x08000131

  Load Region LR_IROM1 (Base: 0x08000000, Size: 0x00007110, Max: 0x00040000, ABSOLUTE, COMPRESSED[0x00006fd8])

    Execution Region ER_IROM1 (Exec base: 0x08000000, Load base: 0x08000000, Size: 0x00006f14, Max: 0x00040000, ABSOLUTE)

    Exec Addr    Load Addr    Size         Type   Attr      Idx    E Section Name        Object

    0x08000000   0x08000000   0x00000130   Data   RO            3    RESET               startup_stm32f103xe.o
    0x08000130   0x08000130   0x00000000   Code   RO         5498  * .ARM.Collect$$$$00000000  mc_w.l(entry.o)
    0x08000130   0x08000130   0x00000004   Code   RO         5827    .ARM.Collect$$$$00000001  mc_w.l(entry2.o)
    0x08000134   0x08000134   0x00000004   Code   RO         5830    .ARM.Collect$$$$00000004  mc_w.l(entry5.o)
    0x08000138   0x08000138   0x00000000   Code   RO         5832    .ARM.Collect$$$$00000008  mc_w.l(entry7b.o)
    0x08000138   0x08000138   0x00000000   Code   RO         5834    .ARM.Collect$$$$0000000A  mc_w.l(entry8b.o)
    0x08000138   0x08000138   0x00000008   Code   RO         5835    .ARM.Collect$$$$0000000B  mc_w.l(entry9a.o)
    0x08000140   0x08000140   0x00000004   Code   RO         5842    .ARM.Collect$$$$0000000E  mc_w.l(entry12b.o)
    0x08000144   0x08000144   0x00000000   Code   RO         5837    .ARM.Collect$$$$0000000F  mc_w.l(entry10a.o)
    0x08000144   0x08000144   0x00000000   Code   RO         5839    .ARM.Collect$$$$00000011  mc_w.l(entry11a.o)
    0x08000144   0x08000144   0x00000004   Code   RO         5828    .ARM.Collect$$$$00002712  mc_w.l(entry2.o)
    0x08000148   0x08000148   0x00000096   Code   RO         5411    .emb_text           port.o
    0x080001de   0x080001de   0x00000002   PAD
    0x080001e0   0x080001e0   0x00000024   Code   RO            4    .text               startup_stm32f103xe.o
    0x08000204   0x08000204   0x00000020   Code   RO         5501    .text               mc_w.l(llushr.o)
    0x08000224   0x08000224   0x00000024   Code   RO         5503    .text               mc_w.l(memcpya.o)
    0x08000248   0x08000248   0x00000024   Code   RO         5507    .text               mc_w.l(memseta.o)
    0x0800026c   0x0800026c   0x0000000e   Code   RO         5509    .text               mc_w.l(strlen.o)
    0x0800027a   0x0800027a   0x000000b0   Code   RO         5774    .text               mf_w.l(fadd.o)
    0x0800032a   0x0800032a   0x00000064   Code   RO         5776    .text               mf_w.l(fmul.o)
    0x0800038e   0x0800038e   0x0000007c   Code   RO         5778    .text               mf_w.l(fdiv.o)
    0x0800040a   0x0800040a   0x0000014e   Code   RO         5780    .text               mf_w.l(dadd.o)
    0x08000558   0x08000558   0x000000e4   Code   RO         5782    .text               mf_w.l(dmul.o)
    0x0800063c   0x0800063c   0x000000de   Code   RO         5784    .text               mf_w.l(ddiv.o)
    0x0800071a   0x0800071a   0x0000002e   Code   RO         5786    .text               mf_w.l(dscalb.o)
    0x08000748   0x08000748   0x00000012   Code   RO         5788    .text               mf_w.l(fflti.o)
    0x0800075a   0x0800075a   0x00000022   Code   RO         5790    .text               mf_w.l(dflti.o)
    0x0800077c   0x0800077c   0x0000001a   Code   RO         5792    .text               mf_w.l(dfltui.o)
    0x08000796   0x08000796   0x00000026   Code   RO         5794    .text               mf_w.l(f2d.o)
    0x080007bc   0x080007bc   0x00000030   Code   RO         5796    .text               mf_w.l(cdcmple.o)
    0x080007ec   0x080007ec   0x00000038   Code   RO         5798    .text               mf_w.l(d2f.o)
    0x08000824   0x08000824   0x0000002c   Code   RO         5846    .text               mc_w.l(uidiv.o)
    0x08000850   0x08000850   0x00000062   Code   RO         5848    .text               mc_w.l(uldiv.o)
    0x080008b2   0x080008b2   0x0000001e   Code   RO         5850    .text               mc_w.l(llshl.o)
    0x080008d0   0x080008d0   0x00000024   Code   RO         5852    .text               mc_w.l(llsshr.o)
    0x080008f4   0x080008f4   0x00000000   Code   RO         5861    .text               mc_w.l(iusefp.o)
    0x080008f4   0x080008f4   0x0000006e   Code   RO         5862    .text               mf_w.l(fepilogue.o)
    0x08000962   0x08000962   0x000000ba   Code   RO         5864    .text               mf_w.l(depilogue.o)
    0x08000a1c   0x08000a1c   0x00000030   Code   RO         5866    .text               mf_w.l(dfixul.o)
    0x08000a4c   0x08000a4c   0x00000030   Code   RO         5868    .text               mf_w.l(cdrcmple.o)
    0x08000a7c   0x08000a7c   0x00000024   Code   RO         5870    .text               mc_w.l(init.o)
    0x08000aa0   0x08000aa0   0x000000a2   Code   RO         5874    .text               mf_w.l(dsqrt.o)
    0x08000b42   0x08000b42   0x00000056   Code   RO         5884    .text               mc_w.l(__dczerorl2.o)
    0x08000b98   0x08000b98   0x00000048   Code   RO          551    i.BMP280_Init       bmp280.o
    0x08000be0   0x08000be0   0x00000064   Code   RO          552    i.BMP280_ReadCalibrationParams  bmp280.o
    0x08000c44   0x08000c44   0x00000016   Code   RO          553    i.BMP280_ReadChipID  bmp280.o
    0x08000c5a   0x08000c5a   0x00000002   PAD
    0x08000c5c   0x08000c5c   0x000002ac   Code   RO          554    i.BMP280_ReadPressureTemperature  bmp280.o
    0x08000f08   0x08000f08   0x00000042   Code   RO          555    i.BMP280_SPI_Read   bmp280.o
    0x08000f4a   0x08000f4a   0x00000036   Code   RO          556    i.BMP280_SPI_Write  bmp280.o
    0x08000f80   0x08000f80   0x0000000e   Code   RO          557    i.BMP280_SetConfig  bmp280.o
    0x08000f8e   0x08000f8e   0x00000010   Code   RO          558    i.BMP280_SetMode    bmp280.o
    0x08000f9e   0x08000f9e   0x00000002   Code   RO          417    i.BusFault_Handler  stm32f1xx_it.o
    0x08000fa0   0x08000fa0   0x00000004   Code   RO         3555    i.CDC_Control_FS    usbd_cdc_if.o
    0x08000fa4   0x08000fa4   0x00000004   Code   RO         3556    i.CDC_DeInit_FS     usbd_cdc_if.o
    0x08000fa8   0x08000fa8   0x00000024   Code   RO         3557    i.CDC_Init_FS       usbd_cdc_if.o
    0x08000fcc   0x08000fcc   0x00000018   Code   RO         3558    i.CDC_Receive_FS    usbd_cdc_if.o
    0x08000fe4   0x08000fe4   0x0000002c   Code   RO         3559    i.CDC_Transmit_FS   usbd_cdc_if.o
    0x08001010   0x08001010   0x00000002   Code   RO          418    i.DebugMon_Handler  stm32f1xx_it.o
    0x08001012   0x08001012   0x00000004   Code   RO           13    i.Error_Handler     main.o
    0x08001016   0x08001016   0x00000002   PAD
    0x08001018   0x08001018   0x00000024   Code   RO         1135    i.HAL_Delay         stm32f1xx_hal.o
    0x0800103c   0x0800103c   0x000001f8   Code   RO         1445    i.HAL_GPIO_Init     stm32f1xx_hal_gpio.o
    0x08001234   0x08001234   0x00000010   Code   RO         1448    i.HAL_GPIO_TogglePin  stm32f1xx_hal_gpio.o
    0x08001244   0x08001244   0x0000000a   Code   RO         1449    i.HAL_GPIO_WritePin  stm32f1xx_hal_gpio.o
    0x0800124e   0x0800124e   0x00000002   PAD
    0x08001250   0x08001250   0x0000000c   Code   RO         1139    i.HAL_GetTick       stm32f1xx_hal.o
    0x0800125c   0x0800125c   0x00000010   Code   RO         1145    i.HAL_IncTick       stm32f1xx_hal.o
    0x0800126c   0x0800126c   0x00000024   Code   RO         1146    i.HAL_Init          stm32f1xx_hal.o
    0x08001290   0x08001290   0x00000098   Code   RO          511    i.HAL_InitTick      stm32f1xx_hal_timebase_tim.o
    0x08001328   0x08001328   0x00000048   Code   RO          487    i.HAL_MspInit       stm32f1xx_hal_msp.o
    0x08001370   0x08001370   0x0000001a   Code   RO         1605    i.HAL_NVIC_EnableIRQ  stm32f1xx_hal_cortex.o
    0x0800138a   0x0800138a   0x00000002   PAD
    0x0800138c   0x0800138c   0x00000040   Code   RO         1611    i.HAL_NVIC_SetPriority  stm32f1xx_hal_cortex.o
    0x080013cc   0x080013cc   0x00000024   Code   RO         1612    i.HAL_NVIC_SetPriorityGrouping  stm32f1xx_hal_cortex.o
    0x080013f0   0x080013f0   0x0000003c   Code   RO          902    i.HAL_PCDEx_PMAConfig  stm32f1xx_hal_pcd_ex.o
    0x0800142c   0x0800142c   0x00000002   Code   RO         3607    i.HAL_PCDEx_SetConnectionState  usbd_conf.o
    0x0800142e   0x0800142e   0x00000012   Code   RO         3609    i.HAL_PCD_DataInStageCallback  usbd_conf.o
    0x08001440   0x08001440   0x00000014   Code   RO         3610    i.HAL_PCD_DataOutStageCallback  usbd_conf.o
    0x08001454   0x08001454   0x0000004a   Code   RO          673    i.HAL_PCD_EP_Close  stm32f1xx_hal_pcd.o
    0x0800149e   0x0800149e   0x0000005a   Code   RO          674    i.HAL_PCD_EP_ClrStall  stm32f1xx_hal_pcd.o
    0x080014f8   0x080014f8   0x000000e6   Code   RO          675    i.HAL_PCD_EP_DB_Receive  stm32f1xx_hal_pcd.o
    0x080015de   0x080015de   0x00000338   Code   RO          676    i.HAL_PCD_EP_DB_Transmit  stm32f1xx_hal_pcd.o
    0x08001916   0x08001916   0x00000012   Code   RO          678    i.HAL_PCD_EP_GetRxCount  stm32f1xx_hal_pcd.o
    0x08001928   0x08001928   0x00000058   Code   RO          679    i.HAL_PCD_EP_Open   stm32f1xx_hal_pcd.o
    0x08001980   0x08001980   0x0000002e   Code   RO          680    i.HAL_PCD_EP_Receive  stm32f1xx_hal_pcd.o
    0x080019ae   0x080019ae   0x00000070   Code   RO          681    i.HAL_PCD_EP_SetStall  stm32f1xx_hal_pcd.o
    0x08001a1e   0x08001a1e   0x0000002e   Code   RO          682    i.HAL_PCD_EP_Transmit  stm32f1xx_hal_pcd.o
    0x08001a4c   0x08001a4c   0x00000134   Code   RO          684    i.HAL_PCD_IRQHandler  stm32f1xx_hal_pcd.o
    0x08001b80   0x08001b80   0x000000ba   Code   RO          687    i.HAL_PCD_Init      stm32f1xx_hal_pcd.o
    0x08001c3a   0x08001c3a   0x00000002   PAD
    0x08001c3c   0x08001c3c   0x0000003c   Code   RO         3615    i.HAL_PCD_MspInit   usbd_conf.o
    0x08001c78   0x08001c78   0x00000026   Code   RO         3616    i.HAL_PCD_ResetCallback  usbd_conf.o
    0x08001c9e   0x08001c9e   0x00000008   Code   RO         3617    i.HAL_PCD_ResumeCallback  usbd_conf.o
    0x08001ca6   0x08001ca6   0x00000008   Code   RO         3618    i.HAL_PCD_SOFCallback  usbd_conf.o
    0x08001cae   0x08001cae   0x00000026   Code   RO          693    i.HAL_PCD_SetAddress  stm32f1xx_hal_pcd.o
    0x08001cd4   0x08001cd4   0x0000000e   Code   RO         3619    i.HAL_PCD_SetupStageCallback  usbd_conf.o
    0x08001ce2   0x08001ce2   0x00000032   Code   RO          695    i.HAL_PCD_Start     stm32f1xx_hal_pcd.o
    0x08001d14   0x08001d14   0x00000024   Code   RO         3620    i.HAL_PCD_SuspendCallback  usbd_conf.o
    0x08001d38   0x08001d38   0x000000ec   Code   RO         1407    i.HAL_RCCEx_PeriphCLKConfig  stm32f1xx_hal_rcc_ex.o
    0x08001e24   0x08001e24   0x0000012c   Code   RO         1303    i.HAL_RCC_ClockConfig  stm32f1xx_hal_rcc.o
    0x08001f50   0x08001f50   0x00000040   Code   RO         1307    i.HAL_RCC_GetClockConfig  stm32f1xx_hal_rcc.o
    0x08001f90   0x08001f90   0x00000020   Code   RO         1310    i.HAL_RCC_GetPCLK1Freq  stm32f1xx_hal_rcc.o
    0x08001fb0   0x08001fb0   0x0000004c   Code   RO         1312    i.HAL_RCC_GetSysClockFreq  stm32f1xx_hal_rcc.o
    0x08001ffc   0x08001ffc   0x00000320   Code   RO         1315    i.HAL_RCC_OscConfig  stm32f1xx_hal_rcc.o
    0x0800231c   0x0800231c   0x000000b2   Code   RO         2116    i.HAL_SPI_Init      stm32f1xx_hal_spi.o
    0x080023ce   0x080023ce   0x00000002   PAD
    0x080023d0   0x080023d0   0x00000070   Code   RO          376    i.HAL_SPI_MspInit   spi.o
    0x08002440   0x08002440   0x00000154   Code   RO         2119    i.HAL_SPI_Receive   stm32f1xx_hal_spi.o
    0x08002594   0x08002594   0x00000166   Code   RO         2124    i.HAL_SPI_Transmit  stm32f1xx_hal_spi.o
    0x080026fa   0x080026fa   0x000001f0   Code   RO         2125    i.HAL_SPI_TransmitReceive  stm32f1xx_hal_spi.o
    0x080028ea   0x080028ea   0x00000002   Code   RO         3133    i.HAL_TIMEx_BreakCallback  stm32f1xx_hal_tim_ex.o
    0x080028ec   0x080028ec   0x00000002   Code   RO         3134    i.HAL_TIMEx_CommutCallback  stm32f1xx_hal_tim_ex.o
    0x080028ee   0x080028ee   0x0000005a   Code   RO         2429    i.HAL_TIM_Base_Init  stm32f1xx_hal_tim.o
    0x08002948   0x08002948   0x00000002   Code   RO         2431    i.HAL_TIM_Base_MspInit  stm32f1xx_hal_tim.o
    0x0800294a   0x0800294a   0x00000002   PAD
    0x0800294c   0x0800294c   0x0000006c   Code   RO         2434    i.HAL_TIM_Base_Start_IT  stm32f1xx_hal_tim.o
    0x080029b8   0x080029b8   0x00000002   Code   RO         2463    i.HAL_TIM_IC_CaptureCallback  stm32f1xx_hal_tim.o
    0x080029ba   0x080029ba   0x00000130   Code   RO         2477    i.HAL_TIM_IRQHandler  stm32f1xx_hal_tim.o
    0x08002aea   0x08002aea   0x00000002   Code   RO         2480    i.HAL_TIM_OC_DelayElapsedCallback  stm32f1xx_hal_tim.o
    0x08002aec   0x08002aec   0x00000002   Code   RO         2507    i.HAL_TIM_PWM_PulseFinishedCallback  stm32f1xx_hal_tim.o
    0x08002aee   0x08002aee   0x00000002   PAD
    0x08002af0   0x08002af0   0x00000014   Code   RO           14    i.HAL_TIM_PeriodElapsedCallback  main.o
    0x08002b04   0x08002b04   0x00000002   Code   RO         2520    i.HAL_TIM_TriggerCallback  stm32f1xx_hal_tim.o
    0x08002b06   0x08002b06   0x00000026   Code   RO          251    i.HPF_Compute       freertos.o
    0x08002b2c   0x08002b2c   0x0000004c   Code   RO          252    i.HPF_Init          freertos.o
    0x08002b78   0x08002b78   0x00000002   Code   RO          419    i.HardFault_Handler  stm32f1xx_it.o
    0x08002b7a   0x08002b7a   0x00000002   PAD
    0x08002b7c   0x08002b7c   0x00000038   Code   RO         3469    i.IntToUnicode      usbd_desc.o
    0x08002bb4   0x08002bb4   0x00000030   Code   RO          254    i.LPF_Compute       freertos.o
    0x08002be4   0x08002be4   0x0000004c   Code   RO          255    i.LPF_Init          freertos.o
    0x08002c30   0x08002c30   0x00000048   Code   RO          256    i.LedTask           freertos.o
    0x08002c78   0x08002c78   0x0000003c   Code   RO          259    i.MX_FREERTOS_Init  freertos.o
    0x08002cb4   0x08002cb4   0x000000dc   Code   RO          227    i.MX_GPIO_Init      gpio.o
    0x08002d90   0x08002d90   0x00000048   Code   RO          377    i.MX_SPI1_Init      spi.o
    0x08002dd8   0x08002dd8   0x00000054   Code   RO         3438    i.MX_USB_DEVICE_Init  usb_device.o
    0x08002e2c   0x08002e2c   0x00000002   Code   RO          420    i.MemManage_Handler  stm32f1xx_it.o
    0x08002e2e   0x08002e2e   0x00000002   Code   RO          421    i.NMI_Handler       stm32f1xx_it.o
    0x08002e30   0x08002e30   0x000003a6   Code   RO          699    i.PCD_EP_ISR_Handler  stm32f1xx_hal_pcd.o
    0x080031d6   0x080031d6   0x0000005c   Code   RO         2153    i.SPI_EndRxTransaction  stm32f1xx_hal_spi.o
    0x08003232   0x08003232   0x00000034   Code   RO         2154    i.SPI_EndRxTxTransaction  stm32f1xx_hal_spi.o
    0x08003266   0x08003266   0x00000002   PAD
    0x08003268   0x08003268   0x000000b8   Code   RO         2159    i.SPI_WaitFlagStateUntilTimeout  stm32f1xx_hal_spi.o
    0x08003320   0x08003320   0x00000354   Code   RO          260    i.StartDefaultTask  freertos.o
    0x08003674   0x08003674   0x0000002c   Code   RO         5412    i.SysTick_Handler   port.o
    0x080036a0   0x080036a0   0x00000078   Code   RO           15    i.SystemClock_Config  main.o
    0x08003718   0x08003718   0x00000002   Code   RO         3401    i.SystemInit        system_stm32f1xx.o
    0x0800371a   0x0800371a   0x00000002   PAD
    0x0800371c   0x0800371c   0x0000000c   Code   RO          422    i.TIM7_IRQHandler   stm32f1xx_it.o
    0x08003728   0x08003728   0x0000009c   Code   RO         2522    i.TIM_Base_SetConfig  stm32f1xx_hal_tim.o
    0x080037c4   0x080037c4   0x00000046   Code   RO         4082    i.USBD_CDC_DataIn   usbd_cdc.o
    0x0800380a   0x0800380a   0x0000002e   Code   RO         4083    i.USBD_CDC_DataOut  usbd_cdc.o
    0x08003838   0x08003838   0x00000044   Code   RO         4084    i.USBD_CDC_DeInit   usbd_cdc.o
    0x0800387c   0x0800387c   0x00000024   Code   RO         4085    i.USBD_CDC_EP0_RxReady  usbd_cdc.o
    0x080038a0   0x080038a0   0x0000000c   Code   RO         4086    i.USBD_CDC_GetDeviceQualifierDescriptor  usbd_cdc.o
    0x080038ac   0x080038ac   0x0000000c   Code   RO         4087    i.USBD_CDC_GetFSCfgDesc  usbd_cdc.o
    0x080038b8   0x080038b8   0x0000000c   Code   RO         4088    i.USBD_CDC_GetHSCfgDesc  usbd_cdc.o
    0x080038c4   0x080038c4   0x0000000c   Code   RO         4089    i.USBD_CDC_GetOtherSpeedCfgDesc  usbd_cdc.o
    0x080038d0   0x080038d0   0x00000094   Code   RO         4090    i.USBD_CDC_Init     usbd_cdc.o
    0x08003964   0x08003964   0x00000028   Code   RO         4091    i.USBD_CDC_ReceivePacket  usbd_cdc.o
    0x0800398c   0x0800398c   0x00000010   Code   RO         4092    i.USBD_CDC_RegisterInterface  usbd_cdc.o
    0x0800399c   0x0800399c   0x0000000c   Code   RO         4093    i.USBD_CDC_SetRxBuffer  usbd_cdc.o
    0x080039a8   0x080039a8   0x00000010   Code   RO         4094    i.USBD_CDC_SetTxBuffer  usbd_cdc.o
    0x080039b8   0x080039b8   0x000000ac   Code   RO         4095    i.USBD_CDC_Setup    usbd_cdc.o
    0x08003a64   0x08003a64   0x00000036   Code   RO         4096    i.USBD_CDC_TransmitPacket  usbd_cdc.o
    0x08003a9a   0x08003a9a   0x0000000e   Code   RO         3819    i.USBD_ClrClassConfig  usbd_core.o
    0x08003aa8   0x08003aa8   0x00000010   Code   RO         4022    i.USBD_CtlContinueRx  usbd_ioreq.o
    0x08003ab8   0x08003ab8   0x00000010   Code   RO         4023    i.USBD_CtlContinueSendData  usbd_ioreq.o
    0x08003ac8   0x08003ac8   0x00000016   Code   RO         3957    i.USBD_CtlError     usbd_ctlreq.o
    0x08003ade   0x08003ade   0x0000001e   Code   RO         4024    i.USBD_CtlPrepareRx  usbd_ioreq.o
    0x08003afc   0x08003afc   0x00000016   Code   RO         4025    i.USBD_CtlReceiveStatus  usbd_ioreq.o
    0x08003b12   0x08003b12   0x0000001a   Code   RO         4026    i.USBD_CtlSendData  usbd_ioreq.o
    0x08003b2c   0x08003b2c   0x00000016   Code   RO         4027    i.USBD_CtlSendStatus  usbd_ioreq.o
    0x08003b42   0x08003b42   0x00000002   PAD
    0x08003b44   0x08003b44   0x00000020   Code   RO         3470    i.USBD_FS_ConfigStrDescriptor  usbd_desc.o
    0x08003b64   0x08003b64   0x0000000c   Code   RO         3471    i.USBD_FS_DeviceDescriptor  usbd_desc.o
    0x08003b70   0x08003b70   0x00000024   Code   RO         3472    i.USBD_FS_InterfaceStrDescriptor  usbd_desc.o
    0x08003b94   0x08003b94   0x0000000c   Code   RO         3473    i.USBD_FS_LangIDStrDescriptor  usbd_desc.o
    0x08003ba0   0x08003ba0   0x00000028   Code   RO         3474    i.USBD_FS_ManufacturerStrDescriptor  usbd_desc.o
    0x08003bc8   0x08003bc8   0x0000002c   Code   RO         3475    i.USBD_FS_ProductStrDescriptor  usbd_desc.o
    0x08003bf4   0x08003bf4   0x00000038   Code   RO         3476    i.USBD_FS_SerialStrDescriptor  usbd_desc.o
    0x08003c2c   0x08003c2c   0x000000e8   Code   RO         3958    i.USBD_GetDescriptor  usbd_ctlreq.o
    0x08003d14   0x08003d14   0x00000048   Code   RO         3959    i.USBD_GetString    usbd_ctlreq.o
    0x08003d5c   0x08003d5c   0x00000018   Code   RO         3621    i.USBD_Get_USB_Status  usbd_conf.o
    0x08003d74   0x08003d74   0x0000002a   Code   RO         3821    i.USBD_Init         usbd_core.o
    0x08003d9e   0x08003d9e   0x00000012   Code   RO         3622    i.USBD_LL_ClearStallEP  usbd_conf.o
    0x08003db0   0x08003db0   0x00000012   Code   RO         3623    i.USBD_LL_CloseEP   usbd_conf.o
    0x08003dc2   0x08003dc2   0x000000c6   Code   RO         3822    i.USBD_LL_DataInStage  usbd_core.o
    0x08003e88   0x08003e88   0x00000082   Code   RO         3823    i.USBD_LL_DataOutStage  usbd_core.o
    0x08003f0a   0x08003f0a   0x00000008   Code   RO         3627    i.USBD_LL_GetRxDataSize  usbd_conf.o
    0x08003f12   0x08003f12   0x00000002   PAD
    0x08003f14   0x08003f14   0x00000080   Code   RO         3628    i.USBD_LL_Init      usbd_conf.o
    0x08003f94   0x08003f94   0x0000001e   Code   RO         3629    i.USBD_LL_IsStallEP  usbd_conf.o
    0x08003fb2   0x08003fb2   0x00000018   Code   RO         3630    i.USBD_LL_OpenEP    usbd_conf.o
    0x08003fca   0x08003fca   0x00000012   Code   RO         3631    i.USBD_LL_PrepareReceive  usbd_conf.o
    0x08003fdc   0x08003fdc   0x00000050   Code   RO         3828    i.USBD_LL_Reset     usbd_core.o
    0x0800402c   0x0800402c   0x00000014   Code   RO         3829    i.USBD_LL_Resume    usbd_core.o
    0x08004040   0x08004040   0x00000018   Code   RO         3830    i.USBD_LL_SOF       usbd_core.o
    0x08004058   0x08004058   0x00000006   Code   RO         3831    i.USBD_LL_SetSpeed  usbd_core.o
    0x0800405e   0x0800405e   0x00000012   Code   RO         3632    i.USBD_LL_SetUSBAddress  usbd_conf.o
    0x08004070   0x08004070   0x0000005a   Code   RO         3832    i.USBD_LL_SetupStage  usbd_core.o
    0x080040ca   0x080040ca   0x00000012   Code   RO         3633    i.USBD_LL_StallEP   usbd_conf.o
    0x080040dc   0x080040dc   0x00000012   Code   RO         3634    i.USBD_LL_Start     usbd_conf.o
    0x080040ee   0x080040ee   0x00000012   Code   RO         3833    i.USBD_LL_Suspend   usbd_core.o
    0x08004100   0x08004100   0x00000012   Code   RO         3636    i.USBD_LL_Transmit  usbd_conf.o
    0x08004112   0x08004112   0x00000028   Code   RO         3960    i.USBD_ParseSetupRequest  usbd_ctlreq.o
    0x0800413a   0x0800413a   0x00000010   Code   RO         3834    i.USBD_RegisterClass  usbd_core.o
    0x0800414a   0x0800414a   0x00000016   Code   RO         3836    i.USBD_SetClassConfig  usbd_core.o
    0x08004160   0x08004160   0x00000084   Code   RO         3961    i.USBD_SetConfig    usbd_ctlreq.o
    0x080041e4   0x080041e4   0x0000000a   Code   RO         3837    i.USBD_Start        usbd_core.o
    0x080041ee   0x080041ee   0x00000112   Code   RO         3962    i.USBD_StdDevReq    usbd_ctlreq.o
    0x08004300   0x08004300   0x00000150   Code   RO         3963    i.USBD_StdEPReq     usbd_ctlreq.o
    0x08004450   0x08004450   0x0000004e   Code   RO         3964    i.USBD_StdItfReq    usbd_ctlreq.o
    0x0800449e   0x0800449e   0x00000002   Code   RO         3637    i.USBD_static_free  usbd_conf.o
    0x080044a0   0x080044a0   0x00000008   Code   RO         3638    i.USBD_static_malloc  usbd_conf.o
    0x080044a8   0x080044a8   0x0000029c   Code   RO          942    i.USB_ActivateEndpoint  stm32f1xx_ll_usb.o
    0x08004744   0x08004744   0x00000004   Code   RO          945    i.USB_CoreInit      stm32f1xx_ll_usb.o
    0x08004748   0x08004748   0x0000010e   Code   RO          947    i.USB_DeactivateEndpoint  stm32f1xx_ll_usb.o
    0x08004856   0x08004856   0x00000004   Code   RO          948    i.USB_DevConnect    stm32f1xx_ll_usb.o
    0x0800485a   0x0800485a   0x00000004   Code   RO          949    i.USB_DevDisconnect  stm32f1xx_ll_usb.o
    0x0800485e   0x0800485e   0x00000012   Code   RO          950    i.USB_DevInit       stm32f1xx_ll_usb.o
    0x08004870   0x08004870   0x0000000e   Code   RO          951    i.USB_DisableGlobalInt  stm32f1xx_ll_usb.o
    0x0800487e   0x0800487e   0x00000004   Code   RO          952    i.USB_EP0_OutStart  stm32f1xx_ll_usb.o
    0x08004882   0x08004882   0x00000078   Code   RO          953    i.USB_EPClearStall  stm32f1xx_ll_usb.o
    0x080048fa   0x080048fa   0x00000032   Code   RO          954    i.USB_EPSetStall    stm32f1xx_ll_usb.o
    0x0800492c   0x0800492c   0x000004e2   Code   RO          955    i.USB_EPStartXfer   stm32f1xx_ll_usb.o
    0x08004e0e   0x08004e0e   0x00000012   Code   RO          957    i.USB_EnableGlobalInt  stm32f1xx_ll_usb.o
    0x08004e20   0x08004e20   0x0000000c   Code   RO          423    i.USB_LP_CAN1_RX0_IRQHandler  stm32f1xx_it.o
    0x08004e2c   0x08004e2c   0x00000006   Code   RO          964    i.USB_ReadInterrupts  stm32f1xx_ll_usb.o
    0x08004e32   0x08004e32   0x00000002   PAD
    0x08004e34   0x08004e34   0x0000002c   Code   RO          965    i.USB_ReadPMA       stm32f1xx_ll_usb.o
    0x08004e60   0x08004e60   0x00000004   Code   RO          966    i.USB_SetCurrentMode  stm32f1xx_ll_usb.o
    0x08004e64   0x08004e64   0x0000000c   Code   RO          967    i.USB_SetDevAddress  stm32f1xx_ll_usb.o
    0x08004e70   0x08004e70   0x00000026   Code   RO          969    i.USB_WritePMA      stm32f1xx_ll_usb.o
    0x08004e96   0x08004e96   0x00000002   Code   RO          424    i.UsageFault_Handler  stm32f1xx_it.o
    0x08004e98   0x08004e98   0x00000028   Code   RO         5748    i.__0sprintf        mc_w.l(printfa.o)
    0x08004ec0   0x08004ec0   0x00000028   Code   RO         5814    i.__ARM_fpclassify  m_ws.l(fpclassify.o)
    0x08004ee8   0x08004ee8   0x00000020   Code   RO         1618    i.__NVIC_SetPriority  stm32f1xx_hal_cortex.o
    0x08004f08   0x08004f08   0x000000aa   Code   RO         5816    i.__kernel_poly     m_ws.l(poly.o)
    0x08004fb2   0x08004fb2   0x00000002   PAD
    0x08004fb4   0x08004fb4   0x00000010   Code   RO         5800    i.__mathlib_dbl_divzero  m_ws.l(dunder.o)
    0x08004fc4   0x08004fc4   0x00000004   Code   RO         5802    i.__mathlib_dbl_infnan2  m_ws.l(dunder.o)
    0x08004fc8   0x08004fc8   0x0000000c   Code   RO         5803    i.__mathlib_dbl_invalid  m_ws.l(dunder.o)
    0x08004fd4   0x08004fd4   0x0000000e   Code   RO         5804    i.__mathlib_dbl_overflow  m_ws.l(dunder.o)
    0x08004fe2   0x08004fe2   0x00000002   PAD
    0x08004fe4   0x08004fe4   0x00000010   Code   RO         5806    i.__mathlib_dbl_underflow  m_ws.l(dunder.o)
    0x08004ff4   0x08004ff4   0x0000000e   Code   RO         5878    i.__scatterload_copy  mc_w.l(handlers.o)
    0x08005002   0x08005002   0x00000002   Code   RO         5879    i.__scatterload_null  mc_w.l(handlers.o)
    0x08005004   0x08005004   0x0000000e   Code   RO         5880    i.__scatterload_zeroinit  mc_w.l(handlers.o)
    0x08005012   0x08005012   0x00000002   PAD
    0x08005014   0x08005014   0x0000000c   Code   RO         5856    i.__set_errno       mc_w.l(errno.o)
    0x08005020   0x08005020   0x00000184   Code   RO         5753    i._fp_digits        mc_w.l(printfa.o)
    0x080051a4   0x080051a4   0x000006b4   Code   RO         5754    i._printf_core      mc_w.l(printfa.o)
    0x08005858   0x08005858   0x00000024   Code   RO         5755    i._printf_post_padding  mc_w.l(printfa.o)
    0x0800587c   0x0800587c   0x0000002e   Code   RO         5756    i._printf_pre_padding  mc_w.l(printfa.o)
    0x080058aa   0x080058aa   0x0000000a   Code   RO         5758    i._sputc            mc_w.l(printfa.o)
    0x080058b4   0x080058b4   0x0000001a   Code   RO           16    i.main              main.o
    0x080058ce   0x080058ce   0x0000000c   Code   RO         4977    i.makeFreeRtosPriority  cmsis_os.o
    0x080058da   0x080058da   0x0000000e   Code   RO         4979    i.osDelay           cmsis_os.o
    0x080058e8   0x080058e8   0x0000000a   Code   RO         4982    i.osKernelStart     cmsis_os.o
    0x080058f2   0x080058f2   0x00000054   Code   RO         5016    i.osThreadCreate    cmsis_os.o
    0x08005946   0x08005946   0x00000002   PAD
    0x08005948   0x08005948   0x000009d8   Code   RO         5489    i.pow               m_ws.l(pow.o)
    0x08006320   0x08006320   0x00000070   Code   RO         4653    i.prvAddCurrentTaskToDelayedList  tasks.o
    0x08006390   0x08006390   0x000000d0   Code   RO         4654    i.prvAddNewTaskToReadyList  tasks.o
    0x08006460   0x08006460   0x00000034   Code   RO         4655    i.prvDeleteTCB      tasks.o
    0x08006494   0x08006494   0x0000004c   Code   RO         5344    i.prvHeapInit       heap_4.o
    0x080064e0   0x080064e0   0x00000060   Code   RO         4656    i.prvIdleTask       tasks.o
    0x08006540   0x08006540   0x00000098   Code   RO         4657    i.prvInitialiseNewTask  tasks.o
    0x080065d8   0x080065d8   0x0000004c   Code   RO         5345    i.prvInsertBlockIntoFreeList  heap_4.o
    0x08006624   0x08006624   0x00000020   Code   RO         4658    i.prvResetNextTaskUnblockTime  tasks.o
    0x08006644   0x08006644   0x00000028   Code   RO         5413    i.prvTaskExitError  port.o
    0x0800666c   0x0800666c   0x000000dc   Code   RO         5346    i.pvPortMalloc      heap_4.o
    0x08006748   0x08006748   0x00000024   Code   RO         5414    i.pxPortInitialiseStack  port.o
    0x0800676c   0x0800676c   0x0000004c   Code   RO         5820    i.sqrt              m_ws.l(sqrt.o)
    0x080067b8   0x080067b8   0x00000026   Code   RO         4289    i.uxListRemove      list.o
    0x080067de   0x080067de   0x00000002   PAD
    0x080067e0   0x080067e0   0x00000014   Code   RO          261    i.vApplicationGetIdleTaskMemory  freertos.o
    0x080067f4   0x080067f4   0x00000016   Code   RO         4290    i.vListInitialise   list.o
    0x0800680a   0x0800680a   0x00000006   Code   RO         4291    i.vListInitialiseItem  list.o
    0x08006810   0x08006810   0x00000030   Code   RO         4292    i.vListInsert       list.o
    0x08006840   0x08006840   0x00000018   Code   RO         4293    i.vListInsertEnd    list.o
    0x08006858   0x08006858   0x00000040   Code   RO         5416    i.vPortEnterCritical  port.o
    0x08006898   0x08006898   0x00000028   Code   RO         5417    i.vPortExitCritical  port.o
    0x080068c0   0x080068c0   0x00000064   Code   RO         5347    i.vPortFree         heap_4.o
    0x08006924   0x08006924   0x00000024   Code   RO         5418    i.vPortSetupTimerInterrupt  port.o
    0x08006948   0x08006948   0x0000004c   Code   RO         4667    i.vTaskDelay        tasks.o
    0x08006994   0x08006994   0x0000008c   Code   RO         4668    i.vTaskDelayUntil   tasks.o
    0x08006a20   0x08006a20   0x0000006c   Code   RO         4681    i.vTaskStartScheduler  tasks.o
    0x08006a8c   0x08006a8c   0x00000010   Code   RO         4683    i.vTaskSuspendAll   tasks.o
    0x08006a9c   0x08006a9c   0x0000005c   Code   RO         4684    i.vTaskSwitchContext  tasks.o
    0x08006af8   0x08006af8   0x000000a8   Code   RO         5420    i.xPortStartScheduler  port.o
    0x08006ba0   0x08006ba0   0x0000005a   Code   RO         4687    i.xTaskCreate       tasks.o
    0x08006bfa   0x08006bfa   0x00000056   Code   RO         4688    i.xTaskCreateStatic  tasks.o
    0x08006c50   0x08006c50   0x0000000c   Code   RO         4693    i.xTaskGetTickCount  tasks.o
    0x08006c5c   0x08006c5c   0x000000cc   Code   RO         4695    i.xTaskIncrementTick  tasks.o
    0x08006d28   0x08006d28   0x000000c4   Code   RO         4701    i.xTaskResumeAll    tasks.o
    0x08006dec   0x08006dec   0x00000038   Data   RO          267    .constdata          freertos.o
    0x08006e24   0x08006e24   0x00000012   Data   RO         1316    .constdata          stm32f1xx_hal_rcc.o
    0x08006e36   0x08006e36   0x00000010   Data   RO         3402    .constdata          system_stm32f1xx.o
    0x08006e46   0x08006e46   0x00000008   Data   RO         3403    .constdata          system_stm32f1xx.o
    0x08006e4e   0x08006e4e   0x00000002   PAD
    0x08006e50   0x08006e50   0x00000088   Data   RO         5490    .constdata          m_ws.l(pow.o)
    0x08006ed8   0x08006ed8   0x00000008   Data   RO         5818    .constdata          m_ws.l(qnan.o)
    0x08006ee0   0x08006ee0   0x00000014   Data   RO          268    .conststring        freertos.o
    0x08006ef4   0x08006ef4   0x00000020   Data   RO         5876    Region$$Table       anon$$obj.o


    Execution Region RW_IRAM1 (Exec base: 0x20000000, Load base: 0x08006f14, Size: 0x00004b18, Max: 0x0000c000, ABSOLUTE, COMPRESSED[0x000000c4])

    Exec Addr    Load Addr    Size         Type   Attr      Idx    E Section Name        Object

    0x20000000   COMPRESSED   0x0000000c   Data   RW          273    .data               freertos.o
    0x2000000c   COMPRESSED   0x0000000c   Data   RW         1153    .data               stm32f1xx_hal.o
    0x20000018   COMPRESSED   0x00000004   Data   RW         3404    .data               system_stm32f1xx.o
    0x2000001c   COMPRESSED   0x0000001c   Data   RW         3478    .data               usbd_desc.o
    0x20000038   COMPRESSED   0x00000032   Data   RW         3479    .data               usbd_desc.o
    0x2000006a   COMPRESSED   0x00000002   PAD
    0x2000006c   COMPRESSED   0x00000010   Data   RW         3561    .data               usbd_cdc_if.o
    0x2000007c   COMPRESSED   0x00000001   Data   RW         3965    .data               usbd_ctlreq.o
    0x2000007d   COMPRESSED   0x00000003   PAD
    0x20000080   COMPRESSED   0x000000d7   Data   RW         4097    .data               usbd_cdc.o
    0x20000157   COMPRESSED   0x00000001   PAD
    0x20000158   COMPRESSED   0x00000038   Data   RW         4098    .data               usbd_cdc.o
    0x20000190   COMPRESSED   0x0000003c   Data   RW         4704    .data               tasks.o
    0x200001cc   COMPRESSED   0x00000020   Data   RW         5353    .data               heap_4.o
    0x200001ec   COMPRESSED   0x0000000c   Data   RW         5421    .data               port.o
    0x200001f8   COMPRESSED   0x00000004   Data   RW         5857    .data               mc_w.l(errno.o)
    0x200001fc        -       0x000003cc   Zero   RW          262    .bss                freertos.o
    0x200005c8        -       0x00000058   Zero   RW          378    .bss                spi.o
    0x20000620        -       0x00000048   Zero   RW          514    .bss                stm32f1xx_hal_timebase_tim.o
    0x20000668        -       0x000002c4   Zero   RW         3439    .bss                usb_device.o
    0x2000092c        -       0x00000200   Zero   RW         3477    .bss                usbd_desc.o
    0x20000b2c        -       0x00000800   Zero   RW         3560    .bss                usbd_cdc_if.o
    0x2000132c        -       0x000004f8   Zero   RW         3639    .bss                usbd_conf.o
    0x20001824        -       0x000000f0   Zero   RW         4703    .bss                tasks.o
    0x20001914        -       0x00002800   Zero   RW         5352    .bss                heap_4.o
    0x20004114   COMPRESSED   0x00000004   PAD
    0x20004118        -       0x00000a00   Zero   RW            1    STACK               startup_stm32f103xe.o


==============================================================================

Image component sizes


      Code (inc. data)   RO Data    RW Data    ZI Data      Debug   Object Name

      1028         38          0          0          0       7702   bmp280.o
       120          0          0          0          0      23281   cmsis_os.o
         0          0          0          0          0      17044   event_groups.o
      1242        166         76         12        972       8817   freertos.o
       220         16          0          0          0        975   gpio.o
       472         24          0         32      10240       7291   heap_4.o
       138          0          0          0          0       3366   list.o
       170          6          0          0          0     540760   main.o
       578         60          0         12          0      10168   port.o
       184         24          0          0         88       1625   spi.o
        36          8        304          0       2560        796   startup_stm32f103xe.o
       100         18          0         12          0       5802   stm32f1xx_hal.o
       158         14          0          0          0      28162   stm32f1xx_hal_cortex.o
       530         42          0          0          0       3489   stm32f1xx_hal_gpio.o
        72         10          0          0          0        858   stm32f1xx_hal_msp.o
      3044          0          0          0          0      14145   stm32f1xx_hal_pcd.o
        60          0          0          0          0       1158   stm32f1xx_hal_pcd_ex.o
      1272         82         18          0          0       5130   stm32f1xx_hal_rcc.o
       236         12          0          0          0       1372   stm32f1xx_hal_rcc_ex.o
      1700          4          0          0          0       8002   stm32f1xx_hal_spi.o
       668         42          0          0          0       7128   stm32f1xx_hal_tim.o
         4          0          0          0          0       1557   stm32f1xx_hal_tim_ex.o
       152         20          0          0         72       1455   stm32f1xx_hal_timebase_tim.o
        36         12          0          0          0       3416   stm32f1xx_it.o
      2528          0          0          0          0      15995   stm32f1xx_ll_usb.o
         0          0          0          0          0        416   stream_buffer.o
         2          0         24          4          0       1095   system_stm32f1xx.o
      1672        126          0         60        240      20580   tasks.o
        84         18          0          0        708        780   usb_device.o
       726         16          0        271          0      12906   usbd_cdc.o
       112         22          0         16       2048       3216   usbd_cdc_if.o
       554         30          0          0       1272      14037   usbd_conf.o
       670          0          0          0          0       9363   usbd_core.o
      1186         28          0          1          0       7852   usbd_ctlreq.o
       288        104          0         78        512       5857   usbd_desc.o
       132          0          0          0          0       4276   usbd_ioreq.o

    ----------------------------------------------------------------------
     20208        942        456        504      18716     799872   Object Totals
         0          0         32          0          0          0   (incl. Generated)
        34          0          2          6          4          0   (incl. Padding)

    ----------------------------------------------------------------------

      Code (inc. data)   RO Data    RW Data    ZI Data      Debug   Library Member Name

        62         10          0          0          0        340   dunder.o
        40          0          0          0          0         68   fpclassify.o
       170          0          0          0          0         96   poly.o
      2520        190        136          0          0        324   pow.o
         0          0          8          0          0          0   qnan.o
        76          0          0          0          0         84   sqrt.o
        86          0          0          0          0          0   __dczerorl2.o
         0          0          0          0          0          0   entry.o
         0          0          0          0          0          0   entry10a.o
         0          0          0          0          0          0   entry11a.o
         4          0          0          0          0          0   entry12b.o
         8          4          0          0          0          0   entry2.o
         4          0          0          0          0          0   entry5.o
         0          0          0          0          0          0   entry7b.o
         0          0          0          0          0          0   entry8b.o
         8          4          0          0          0          0   entry9a.o
        12          6          0          4          0         68   errno.o
        30          0          0          0          0          0   handlers.o
        36          8          0          0          0         68   init.o
         0          0          0          0          0          0   iusefp.o
        30          0          0          0          0         68   llshl.o
        36          0          0          0          0         68   llsshr.o
        32          0          0          0          0         68   llushr.o
        36          0          0          0          0         68   memcpya.o
        36          0          0          0          0        108   memseta.o
      2236         86          0          0          0        532   printfa.o
        14          0          0          0          0         68   strlen.o
        44          0          0          0          0         80   uidiv.o
        98          0          0          0          0         92   uldiv.o
        48          0          0          0          0         68   cdcmple.o
        48          0          0          0          0         68   cdrcmple.o
        56          0          0          0          0         88   d2f.o
       334          0          0          0          0        148   dadd.o
       222          0          0          0          0        100   ddiv.o
       186          0          0          0          0        176   depilogue.o
        48          0          0          0          0         68   dfixul.o
        34          0          0          0          0         76   dflti.o
        26          0          0          0          0         76   dfltui.o
       228          0          0          0          0         96   dmul.o
        46          0          0          0          0         80   dscalb.o
       162          0          0          0          0        100   dsqrt.o
        38          0          0          0          0         68   f2d.o
       176          0          0          0          0        140   fadd.o
       124          0          0          0          0         88   fdiv.o
       110          0          0          0          0        168   fepilogue.o
        18          0          0          0          0         68   fflti.o
       100          0          0          0          0         76   fmul.o

    ----------------------------------------------------------------------
      7628        308        144          4          0       3952   Library Totals
         6          0          0          0          0          0   (incl. Padding)

    ----------------------------------------------------------------------

      Code (inc. data)   RO Data    RW Data    ZI Data      Debug   Library Name

      2868        200        144          0          0        912   m_ws.l
      2750        108          0          4          0       1288   mc_w.l
      2004          0          0          0          0       1752   mf_w.l

    ----------------------------------------------------------------------
      7628        308        144          4          0       3952   Library Totals

    ----------------------------------------------------------------------

==============================================================================


      Code (inc. data)   RO Data    RW Data    ZI Data      Debug   

     27836       1250        600        508      18716     790796   Grand Totals
     27836       1250        600        196      18716     790796   ELF Image Totals (compressed)
     27836       1250        600        196          0          0   ROM Totals

==============================================================================

    Total RO  Size (Code + RO Data)                28436 (  27.77kB)
    Total RW  Size (RW Data + ZI Data)             19224 (  18.77kB)
    Total ROM Size (Code + RO Data + RW Data)      28632 (  27.96kB)

==============================================================================

