<html>
<body>
<pre>
<h1>µVision Build Log</h1>
<h2>Tool Versions:</h2>
IDE-Version: ¦ÌVision V5.36.0.0
Copyright (C) 2021 ARM Ltd and ARM Germany GmbH. All rights reserved.
License Information: dwa 4124, dawg, LIC=32B1Q-N2A2L-KP3ZY-IRT3J-4AUNX-CIDU3
 
Tool Versions:
Toolchain:       MDK-ARM Plus  Version: 5.36.0.0
Toolchain Path:  C:\Self_install_software\Keil_v5\ARM\ARMCC\Bin
C Compiler:      Armcc.exe V5.06 update 7 (build 960)
Assembler:       Armasm.exe V5.06 update 7 (build 960)
Linker/Locator:  ArmLink.exe V5.06 update 7 (build 960)
Library Manager: ArmAr.exe V5.06 update 7 (build 960)
Hex Converter:   FromElf.exe V5.06 update 7 (build 960)
CPU DLL:         SARMCM3.DLL V5.36.0.0
Dialog DLL:      DCM.DLL V1.17.3.0
Target DLL:      CMSIS_AGDI.dll V1.33.0.0
Dialog DLL:      TCM.DLL V1.53.0.0
 
<h2>Project:</h2>
C:\Users\Admin\Desktop\CubeMX_proj\RCT6_BMP\MDK-ARM\RCT6_BMP.uvprojx
Project File Date:  07/08/2025

<h2>Output:</h2>
*** Using Compiler 'V5.06 update 7 (build 960)', folder: 'C:\Self_install_software\Keil_v5\ARM\ARMCC\Bin'
Build target 'RCT6_BMP'
compiling freertos.c...
../Core/Src/freertos.c(360): warning:  #188-D: enumerated type mixed with another type
  		if(Highpass_fdata.value[0]>=0.1)	HAL_GPIO_WritePin(LED1_GPIO_Port,LED1_Pin,0); else	HAL_GPIO_WritePin(LED1_GPIO_Port,LED1_Pin,1);
../Core/Src/freertos.c(360): warning:  #188-D: enumerated type mixed with another type
  		if(Highpass_fdata.value[0]>=0.1)	HAL_GPIO_WritePin(LED1_GPIO_Port,LED1_Pin,0); else	HAL_GPIO_WritePin(LED1_GPIO_Port,LED1_Pin,1);
../Core/Src/freertos.c(361): warning:  #188-D: enumerated type mixed with another type
  		if(Highpass_fdata.value[1]>=0.1)	HAL_GPIO_WritePin(LED2_GPIO_Port,LED2_Pin,0); else	HAL_GPIO_WritePin(LED2_GPIO_Port,LED2_Pin,1);
../Core/Src/freertos.c(361): warning:  #188-D: enumerated type mixed with another type
  		if(Highpass_fdata.value[1]>=0.1)	HAL_GPIO_WritePin(LED2_GPIO_Port,LED2_Pin,0); else	HAL_GPIO_WritePin(LED2_GPIO_Port,LED2_Pin,1);
../Core/Src/freertos.c(362): warning:  #188-D: enumerated type mixed with another type
  		if(Highpass_fdata.value[2]>=0.1)	HAL_GPIO_WritePin(LED3_GPIO_Port,LED3_Pin,0); else	HAL_GPIO_WritePin(LED3_GPIO_Port,LED3_Pin,1);
../Core/Src/freertos.c(362): warning:  #188-D: enumerated type mixed with another type
  		if(Highpass_fdata.value[2]>=0.1)	HAL_GPIO_WritePin(LED3_GPIO_Port,LED3_Pin,0); else	HAL_GPIO_WritePin(LED3_GPIO_Port,LED3_Pin,1);
../Core/Src/freertos.c(363): warning:  #188-D: enumerated type mixed with another type
  		if(Highpass_fdata.value[3]>=0.1)	HAL_GPIO_WritePin(LED4_GPIO_Port,LED4_Pin,0); else	HAL_GPIO_WritePin(LED4_GPIO_Port,LED4_Pin,1);
../Core/Src/freertos.c(363): warning:  #188-D: enumerated type mixed with another type
  		if(Highpass_fdata.value[3]>=0.1)	HAL_GPIO_WritePin(LED4_GPIO_Port,LED4_Pin,0); else	HAL_GPIO_WritePin(LED4_GPIO_Port,LED4_Pin,1);
../Core/Src/freertos.c(380): warning:  #188-D: enumerated type mixed with another type
  			HAL_GPIO_WritePin(LED1_GPIO_Port,LED1_Pin,0);
../Core/Src/freertos.c(381): warning:  #188-D: enumerated type mixed with another type
  			HAL_GPIO_WritePin(LED2_GPIO_Port,LED2_Pin,1);
../Core/Src/freertos.c(382): warning:  #188-D: enumerated type mixed with another type
  			HAL_GPIO_WritePin(LED3_GPIO_Port,LED3_Pin,1);
../Core/Src/freertos.c(383): warning:  #188-D: enumerated type mixed with another type
  			HAL_GPIO_WritePin(LED4_GPIO_Port,LED4_Pin,1);
../Core/Src/freertos.c(388): warning:  #188-D: enumerated type mixed with another type
  			HAL_GPIO_WritePin(LED1_GPIO_Port,LED1_Pin,1);
../Core/Src/freertos.c(389): warning:  #188-D: enumerated type mixed with another type
  			HAL_GPIO_WritePin(LED2_GPIO_Port,LED2_Pin,0);
../Core/Src/freertos.c(390): warning:  #188-D: enumerated type mixed with another type
  			HAL_GPIO_WritePin(LED3_GPIO_Port,LED3_Pin,1);
../Core/Src/freertos.c(391): warning:  #188-D: enumerated type mixed with another type
  			HAL_GPIO_WritePin(LED4_GPIO_Port,LED4_Pin,1);
../Core/Src/freertos.c(396): warning:  #188-D: enumerated type mixed with another type
  			HAL_GPIO_WritePin(LED1_GPIO_Port,LED1_Pin,1);
../Core/Src/freertos.c(397): warning:  #188-D: enumerated type mixed with another type
  			HAL_GPIO_WritePin(LED2_GPIO_Port,LED2_Pin,1);
../Core/Src/freertos.c(398): warning:  #188-D: enumerated type mixed with another type
  			HAL_GPIO_WritePin(LED3_GPIO_Port,LED3_Pin,0);
../Core/Src/freertos.c(399): warning:  #188-D: enumerated type mixed with another type
  			HAL_GPIO_WritePin(LED4_GPIO_Port,LED4_Pin,1);
../Core/Src/freertos.c(404): warning:  #188-D: enumerated type mixed with another type
  			HAL_GPIO_WritePin(LED1_GPIO_Port,LED1_Pin,1);
../Core/Src/freertos.c(405): warning:  #188-D: enumerated type mixed with another type
  			HAL_GPIO_WritePin(LED2_GPIO_Port,LED2_Pin,1);
../Core/Src/freertos.c(406): warning:  #188-D: enumerated type mixed with another type
  			HAL_GPIO_WritePin(LED3_GPIO_Port,LED3_Pin,1);
../Core/Src/freertos.c(407): warning:  #188-D: enumerated type mixed with another type
  			HAL_GPIO_WritePin(LED4_GPIO_Port,LED4_Pin,0);
../Core/Src/freertos.c(411): warning:  #188-D: enumerated type mixed with another type
  			HAL_GPIO_WritePin(LED1_GPIO_Port,LED1_Pin,1);	
../Core/Src/freertos.c(412): warning:  #188-D: enumerated type mixed with another type
  			HAL_GPIO_WritePin(LED2_GPIO_Port,LED2_Pin,1);
../Core/Src/freertos.c(413): warning:  #188-D: enumerated type mixed with another type
  			HAL_GPIO_WritePin(LED3_GPIO_Port,LED3_Pin,1);
../Core/Src/freertos.c(414): warning:  #188-D: enumerated type mixed with another type
  			HAL_GPIO_WritePin(LED4_GPIO_Port,LED4_Pin,1);
../Core/Src/freertos.c: 28 warnings, 0 errors
linking...
Program Size: Code=27860 RO-data=600 RW-data=508 ZI-data=18716  
FromELF: creating hex file...
"RCT6_BMP\RCT6_BMP.axf" - 0 Error(s), 28 Warning(s).

<h2>Software Packages used:</h2>

Package Vendor: ARM
                http://www.keil.com/pack/ARM.CMSIS.5.8.0.pack
                ARM.CMSIS.5.8.0
                CMSIS (Common Microcontroller Software Interface Standard)
   * Component: CORE Version: 5.5.0

Package Vendor: Keil
                https://www.keil.com/pack/Keil.STM32F1xx_DFP.2.4.1.pack
                Keil.STM32F1xx_DFP.2.4.1
                STMicroelectronics STM32F1 Series Device Support, Drivers and Examples

<h2>Collection of Component include folders:</h2>
  .\RTE\_RCT6_BMP
  C:\Users\Admin\AppData\Local\Arm\Packs\ARM\CMSIS\5.8.0\CMSIS\Core\Include
  C:\Users\Admin\AppData\Local\Arm\Packs\Keil\STM32F1xx_DFP\2.4.1\Device\Include

<h2>Collection of Component Files used:</h2>

   * Component: ARM::CMSIS:CORE:5.5.0
      Include file:  CMSIS\Core\Include\tz_context.h
Build Time Elapsed:  00:00:01
</pre>
</body>
</html>
