<html>
<body>
<pre>
<h1>µVision Build Log</h1>
<h2>Tool Versions:</h2>
IDE-Version: ¦ÌVision V5.36.0.0
Copyright (C) 2021 ARM Ltd and ARM Germany GmbH. All rights reserved.
License Information: 123 galaxy, 1231, LIC=CZLZX-HD6PP-KPQZY-ILCE5-JNC03-QWAMZ
 
Tool Versions:
Toolchain:       MDK-ARM Plus  Version: 5.36.0.0
Toolchain Path:  C:\software\study\keil\ARM\ARMCC\Bin
C Compiler:      Armcc.exe V5.06 update 7 (build 960)
Assembler:       Armasm.exe V5.06 update 7 (build 960)
Linker/Locator:  ArmLink.exe V5.06 update 7 (build 960)
Library Manager: ArmAr.exe V5.06 update 7 (build 960)
Hex Converter:   FromElf.exe V5.06 update 7 (build 960)
CPU DLL:         SARMCM3.DLL V5.36.0.0
Dialog DLL:      DCM.DLL V1.17.3.0
Target DLL:      CMSIS_AGDI.dll V1.33.0.0
Dialog DLL:      TCM.DLL V1.53.0.0
 
<h2>Project:</h2>
C:\Users\galaxy\Desktop\CubeMX_proj\G431_routine_V2_1_mini\MDK-ARM\G431_routine_V2_1_mini.uvprojx
Project File Date:  10/21/2025

<h2>Output:</h2>
*** Using Compiler 'V5.06 update 7 (build 960)', folder: 'C:\software\study\keil\ARM\ARMCC\Bin'
Build target 'G431_routine_V2_1_mini'
compiling gpio.c...
compiling adc.c...
compiling tim.c...
compiling stm32g4xx_hal_msp.c...
compiling dma.c...
compiling stm32g4xx_it.c...
compiling main.c...
compiling app_freertos.c...
../Core/Src/app_freertos.c(124): warning:  #188-D: enumerated type mixed with another type
  	HAL_GPIO_WritePin(SEL1_GPIO_Port, SEL1_Pin, 1);
../Core/Src/app_freertos.c(125): warning:  #188-D: enumerated type mixed with another type
  	HAL_GPIO_WritePin(SEL2_GPIO_Port, SEL2_Pin, 1);
../Core/Src/app_freertos.c(126): warning:  #188-D: enumerated type mixed with another type
  	HAL_GPIO_WritePin(SEL3_GPIO_Port, SEL3_Pin, 1);
../Core/Src/app_freertos.c(127): warning:  #188-D: enumerated type mixed with another type
  	HAL_GPIO_WritePin(SEL4_GPIO_Port, SEL4_Pin, 1);
../Core/Src/app_freertos.c(128): warning:  #188-D: enumerated type mixed with another type
  	HAL_GPIO_WritePin(SEL5_GPIO_Port, SEL5_Pin, 1);
../Core/Src/app_freertos.c(129): warning:  #188-D: enumerated type mixed with another type
  	HAL_GPIO_WritePin(SEL6_GPIO_Port, SEL6_Pin, 1);
../Core/Src/app_freertos.c(130): warning:  #188-D: enumerated type mixed with another type
  	HAL_GPIO_WritePin(SEL7_GPIO_Port, SEL7_Pin, 1);
../Core/Src/app_freertos.c(131): warning:  #188-D: enumerated type mixed with another type
  	HAL_GPIO_WritePin(SEL8_GPIO_Port, SEL8_Pin, 1);
../Core/Src/app_freertos.c(132): warning:  #188-D: enumerated type mixed with another type
  	HAL_GPIO_WritePin(SEL9_GPIO_Port, SEL9_Pin, 1);
../Core/Src/app_freertos.c(133): warning:  #188-D: enumerated type mixed with another type
  	HAL_GPIO_WritePin(SEL10_GPIO_Port,SEL10_Pin,1);
../Core/Src/app_freertos.c(121): warning:  #177-D: variable "usb_buff"  was declared but never referenced
  	char usb_buff[1024]={0};
../Core/Src/app_freertos.c(122): warning:  #177-D: variable "index"  was declared but never referenced
  	unsigned long long index=0;
../Core/Src/app_freertos.c(324): warning:  #167-D: argument of type "volatile uint8_t *" is incompatible with parameter of type "uint8_t *"
  		CDC_Transmit_FS(res_send_p->byte, 2008);
../Core/Src/app_freertos.c(336): warning:  #177-D: variable "spi_data"  was declared but never referenced
  		uint8_t spi_data[2]={0x00,10};
../Core/Src/app_freertos.c: 14 warnings, 0 errors
linking...
Program Size: Code=23020 RO-data=624 RW-data=528 ZI-data=22120  
FromELF: creating hex file...
"G431_routine_V2_1_mini\G431_routine_V2_1_mini.axf" - 0 Error(s), 14 Warning(s).

<h2>Software Packages used:</h2>

Package Vendor: ARM
                http://www.keil.com/pack/ARM.CMSIS.5.8.0.pack
                ARM.CMSIS.5.8.0
                CMSIS (Common Microcontroller Software Interface Standard)
   * Component: CORE Version: 5.5.0

Package Vendor: Keil
                https://www.keil.com/pack/Keil.STM32G4xx_DFP.1.6.0.pack
                Keil.STM32G4xx_DFP.1.6.0
                STMicroelectronics STM32G4 Series Device Support, Drivers and Examples

<h2>Collection of Component include folders:</h2>
  .\RTE\_G431_routine_V2_1_mini
  C:\Users\galaxy\AppData\Local\Arm\Packs\ARM\CMSIS\5.8.0\CMSIS\Core\Include
  C:\Users\galaxy\AppData\Local\Arm\Packs\Keil\STM32G4xx_DFP\1.6.0\Drivers\CMSIS\Device\ST\STM32G4xx\Include

<h2>Collection of Component Files used:</h2>

   * Component: ARM::CMSIS:CORE:5.5.0
      Include file:  CMSIS\Core\Include\tz_context.h
Build Time Elapsed:  00:00:26
</pre>
</body>
</html>
