<html>
<body>
<pre>
<h1>礦ision Build Log</h1>
<h2>Tool Versions:</h2>
IDE-Version: μVision V5.36.0.0
Copyright (C) 2021 ARM Ltd and ARM Germany GmbH. All rights reserved.
License Information: 123 galaxy, 1231, LIC=CZLZX-HD6PP-KPQZY-ILCE5-JNC03-QWAMZ
 
Tool Versions:
Toolchain:       MDK-ARM Plus  Version: 5.36.0.0
Toolchain Path:  C:\software\study\keil\ARM\ARMCC\Bin
C Compiler:      Armcc.exe V5.06 update 7 (build 960)
Assembler:       Armasm.exe V5.06 update 7 (build 960)
Linker/Locator:  ArmLink.exe V5.06 update 7 (build 960)
Library Manager: ArmAr.exe V5.06 update 7 (build 960)
Hex Converter:   FromElf.exe V5.06 update 7 (build 960)
CPU DLL:         SARMCM3.DLL V5.36.0.0
Dialog DLL:      DCM.DLL V1.17.3.0
Target DLL:      CMSIS_AGDI.dll V1.33.0.0
Dialog DLL:      TCM.DLL V1.53.0.0
 
<h2>Project:</h2>
C:\Users\galaxy\Desktop\CubeMX_proj\G474_7MIC_no_dma_int\MDK-ARM\G474_7MIC_no_dma_int.uvprojx
Project File Date:  10/07/2025

<h2>Output:</h2>
*** Using Compiler 'V5.06 update 7 (build 960)', folder: 'C:\software\study\keil\ARM\ARMCC\Bin'
Build target 'G474_7MIC_no_dma_int'
compiling app_freertos.c...
../Core/Src/app_freertos.c(199): warning:  #550-D: variable "usb_buff"  was set but never used
  	char usb_buff[4096]={0};
../Core/Src/app_freertos.c(200): warning:  #177-D: variable "usb_buff2"  was declared but never referenced
  	char usb_buff2[256]={0};
../Core/Src/app_freertos.c(248): warning:  #550-D: variable "t_string"  was set but never used
  	uint32_t t_start = 0, t_string = 0, t_send = 0, t_send2 = 0, t_end = 0;
../Core/Src/app_freertos.c(248): warning:  #177-D: variable "t_send"  was declared but never referenced
  	uint32_t t_start = 0, t_string = 0, t_send = 0, t_send2 = 0, t_end = 0;
../Core/Src/app_freertos.c(248): warning:  #177-D: variable "t_send2"  was declared but never referenced
  	uint32_t t_start = 0, t_string = 0, t_send = 0, t_send2 = 0, t_end = 0;
../Core/Src/app_freertos.c(248): warning:  #177-D: variable "t_end"  was declared but never referenced
  	uint32_t t_start = 0, t_string = 0, t_send = 0, t_send2 = 0, t_end = 0;
../Core/Src/app_freertos.c(249): warning:  #177-D: variable "CDC_result"  was declared but never referenced
  	uint8_t CDC_result = USBD_OK;
../Core/Src/app_freertos.c(251): warning:  #550-D: variable "xLastWakeTime"  was set but never used
  	TickType_t xLastWakeTime;
../Core/Src/app_freertos.c(253): warning:  #177-D: variable "ulReceivedEvents"  was declared but never referenced
  	uint32_t ulReceivedEvents;          // 接收的事件标志
../Core/Src/app_freertos.c: 9 warnings, 0 errors
linking...
Program Size: Code=30656 RO-data=652 RW-data=568 ZI-data=74624  
FromELF: creating hex file...
"G474_7MIC_no_dma_int\G474_7MIC_no_dma_int.axf" - 0 Error(s), 9 Warning(s).

<h2>Software Packages used:</h2>

Package Vendor: ARM
                http://www.keil.com/pack/ARM.CMSIS.5.8.0.pack
                ARM.CMSIS.5.8.0
                CMSIS (Common Microcontroller Software Interface Standard)
   * Component: CORE Version: 5.5.0

Package Vendor: Keil
                https://www.keil.com/pack/Keil.STM32G4xx_DFP.1.6.0.pack
                Keil.STM32G4xx_DFP.1.6.0
                STMicroelectronics STM32G4 Series Device Support, Drivers and Examples

<h2>Collection of Component include folders:</h2>
  .\RTE\_G474_7MIC_no_dma_int
  C:\Users\galaxy\AppData\Local\Arm\Packs\ARM\CMSIS\5.8.0\CMSIS\Core\Include
  C:\Users\galaxy\AppData\Local\Arm\Packs\Keil\STM32G4xx_DFP\1.6.0\Drivers\CMSIS\Device\ST\STM32G4xx\Include

<h2>Collection of Component Files used:</h2>

   * Component: ARM::CMSIS:CORE:5.5.0
      Include file:  CMSIS\Core\Include\tz_context.h
Build Time Elapsed:  00:00:08
</pre>
</body>
</html>
