<html>
<body>
<pre>
<h1>礦ision Build Log</h1>
<h2>Tool Versions:</h2>
IDE-Version: μVision V5.36.0.0
Copyright (C) 2021 ARM Ltd and ARM Germany GmbH. All rights reserved.
License Information: dwa 4124, dawg, LIC=32B1Q-N2A2L-KP3ZY-IRT3J-4AUNX-CIDU3
 
Tool Versions:
Toolchain:       MDK-ARM Plus  Version: 5.36.0.0
Toolchain Path:  C:\Self_install_software\Keil_v5\ARM\ARMCC\Bin
C Compiler:      Armcc.exe V5.06 update 7 (build 960)
Assembler:       Armasm.exe V5.06 update 7 (build 960)
Linker/Locator:  ArmLink.exe V5.06 update 7 (build 960)
Library Manager: ArmAr.exe V5.06 update 7 (build 960)
Hex Converter:   FromElf.exe V5.06 update 7 (build 960)
CPU DLL:         SARMCM3.DLL V5.36.0.0
Dialog DLL:      DCM.DLL V1.17.3.0
Target DLL:      CMSIS_AGDI.dll V1.33.0.0
Dialog DLL:      TCM.DLL V1.53.0.0
 
<h2>Project:</h2>
C:\Users\Admin\Desktop\CubeMX_proj\G431_RMA_V1_0\MDK-ARM\G431_RMA_V1_0.uvprojx
Project File Date:  03/31/2025

<h2>Output:</h2>
*** Using Compiler 'V5.06 update 7 (build 960)', folder: 'C:\Self_install_software\Keil_v5\ARM\ARMCC\Bin'
Build target 'G431_RMA_V1_0'
compiling app_freertos.c...
../Core/Src/app_freertos.c(170): warning:  #1035-D: single-precision operand implicitly converted to double-precision
  						(4095-samp_data[0][0])/(float)(4095-samp_data[i][0])*2000.0, (4095-samp_data[0][1])/(float)(4095-samp_data[i][1])*2000.0, (4095-samp_data[0][2])/(float)(4095-samp_data[i][2])*2000.0, 
../Core/Src/app_freertos.c(170): warning:  #1035-D: single-precision operand implicitly converted to double-precision
  						(4095-samp_data[0][0])/(float)(4095-samp_data[i][0])*2000.0, (4095-samp_data[0][1])/(float)(4095-samp_data[i][1])*2000.0, (4095-samp_data[0][2])/(float)(4095-samp_data[i][2])*2000.0, 
../Core/Src/app_freertos.c(170): warning:  #1035-D: single-precision operand implicitly converted to double-precision
  						(4095-samp_data[0][0])/(float)(4095-samp_data[i][0])*2000.0, (4095-samp_data[0][1])/(float)(4095-samp_data[i][1])*2000.0, (4095-samp_data[0][2])/(float)(4095-samp_data[i][2])*2000.0, 
../Core/Src/app_freertos.c(171): warning:  #1035-D: single-precision operand implicitly converted to double-precision
  						(4095-samp_data[0][3])/(float)(4095-samp_data[i][3])*2000.0, (4095-samp_data[0][4])/(float)(4095-samp_data[i][4])*2000.0, (4095-samp_data[0][5])/(float)(4095-samp_data[i][5])*2000.0, 
../Core/Src/app_freertos.c(171): warning:  #1035-D: single-precision operand implicitly converted to double-precision
  						(4095-samp_data[0][3])/(float)(4095-samp_data[i][3])*2000.0, (4095-samp_data[0][4])/(float)(4095-samp_data[i][4])*2000.0, (4095-samp_data[0][5])/(float)(4095-samp_data[i][5])*2000.0, 
../Core/Src/app_freertos.c(171): warning:  #1035-D: single-precision operand implicitly converted to double-precision
  						(4095-samp_data[0][3])/(float)(4095-samp_data[i][3])*2000.0, (4095-samp_data[0][4])/(float)(4095-samp_data[i][4])*2000.0, (4095-samp_data[0][5])/(float)(4095-samp_data[i][5])*2000.0, 
../Core/Src/app_freertos.c(172): warning:  #1035-D: single-precision operand implicitly converted to double-precision
  						(4095-samp_data[0][6])/(float)(4095-samp_data[i][6])*2000.0, (4095-samp_data[0][7])/(float)(4095-samp_data[i][7])*2000.0, (4095-samp_data[0][8])/(float)(4095-samp_data[i][8])*2000.0, 
../Core/Src/app_freertos.c(172): warning:  #1035-D: single-precision operand implicitly converted to double-precision
  						(4095-samp_data[0][6])/(float)(4095-samp_data[i][6])*2000.0, (4095-samp_data[0][7])/(float)(4095-samp_data[i][7])*2000.0, (4095-samp_data[0][8])/(float)(4095-samp_data[i][8])*2000.0, 
../Core/Src/app_freertos.c(172): warning:  #1035-D: single-precision operand implicitly converted to double-precision
  						(4095-samp_data[0][6])/(float)(4095-samp_data[i][6])*2000.0, (4095-samp_data[0][7])/(float)(4095-samp_data[i][7])*2000.0, (4095-samp_data[0][8])/(float)(4095-samp_data[i][8])*2000.0, 
../Core/Src/app_freertos.c(173): warning:  #1035-D: single-precision operand implicitly converted to double-precision
  						(4095-samp_data[0][9])/(float)(4095-samp_data[i][9])*2000.0);
../Core/Src/app_freertos.c(138): warning:  #177-D: variable "USBD_Result"  was declared but never referenced
  	uint8_t USBD_Result=0;
../Core/Src/app_freertos.c(288): warning:  #61-D: integer operation result is out of range
  			OUT11_GPIO_Port->BSRR=(OUT11_Pin << 16);//低电平
../Core/Src/app_freertos.c(288): warning:  #68-D: integer conversion resulted in a change of sign
  			OUT11_GPIO_Port->BSRR=(OUT11_Pin << 16);//低电平
../Core/Src/app_freertos.c(328): warning:  #61-D: integer operation result is out of range
  			OUT10_GPIO_Port->BSRR=(OUT10_Pin << 16);//低电平
../Core/Src/app_freertos.c(328): warning:  #68-D: integer conversion resulted in a change of sign
  			OUT10_GPIO_Port->BSRR=(OUT10_Pin << 16);//低电平
../Core/Src/app_freertos.c: 15 warnings, 0 errors
linking...
Program Size: Code=29748 RO-data=676 RW-data=524 ZI-data=12684  
FromELF: creating hex file...
"G431_RMA_V1_0\G431_RMA_V1_0.axf" - 0 Error(s), 15 Warning(s).

<h2>Software Packages used:</h2>

Package Vendor: ARM
                http://www.keil.com/pack/ARM.CMSIS.5.8.0.pack
                ARM.CMSIS.5.8.0
                CMSIS (Common Microcontroller Software Interface Standard)
   * Component: CORE Version: 5.5.0

Package Vendor: Keil
                https://www.keil.com/pack/Keil.STM32G4xx_DFP.2.0.0.pack
                Keil.STM32G4xx_DFP.2.0.0
                STMicroelectronics STM32G4 Series Device Support

<h2>Collection of Component include folders:</h2>
  .\RTE\_G431_RMA_V1_0
  C:\Users\Admin\AppData\Local\Arm\Packs\ARM\CMSIS\5.8.0\CMSIS\Core\Include

<h2>Collection of Component Files used:</h2>

   * Component: ARM::CMSIS:CORE:5.5.0
      Include file:  CMSIS\Core\Include\tz_context.h
Build Time Elapsed:  00:00:02
</pre>
</body>
</html>
