<html>
<body>
<pre>
<h1>礦ision Build Log</h1>
<h2>Tool Versions:</h2>
IDE-Version: μVision V5.36.0.0
Copyright (C) 2021 ARM Ltd and ARM Germany GmbH. All rights reserved.
License Information: dwa 4124, dawg, LIC=32B1Q-N2A2L-KP3ZY-IRT3J-4AUNX-CIDU3
 
Tool Versions:
Toolchain:       MDK-ARM Plus  Version: 5.36.0.0
Toolchain Path:  C:\Self_install_software\Keil_v5\ARM\ARMCC\Bin
C Compiler:      Armcc.exe V5.06 update 7 (build 960)
Assembler:       Armasm.exe V5.06 update 7 (build 960)
Linker/Locator:  ArmLink.exe V5.06 update 7 (build 960)
Library Manager: ArmAr.exe V5.06 update 7 (build 960)
Hex Converter:   FromElf.exe V5.06 update 7 (build 960)
CPU DLL:         SARMCM3.DLL V5.36.0.0
Dialog DLL:      DCM.DLL V1.17.3.0
Target DLL:      CMSIS_AGDI.dll V1.33.0.0
Dialog DLL:      TCM.DLL V1.53.0.0
 
<h2>Project:</h2>
C:\Users\Admin\Desktop\CubeMX_proj\G431_RMA_V1_0\MDK-ARM\G431_RMA_V1_0.uvprojx
Project File Date:  03/31/2025

<h2>Output:</h2>
*** Using Compiler 'V5.06 update 7 (build 960)', folder: 'C:\Self_install_software\Keil_v5\ARM\ARMCC\Bin'
Build target 'G431_RMA_V1_0'
compiling app_freertos.c...
../Core/Src/app_freertos.c(140): warning:  #177-D: variable "usb_TxBuf"  was declared but never referenced
  	uint8_t usb_TxBuf[2048];//小心不要超过任务栈大小
../Core/Src/app_freertos.c(141): warning:  #177-D: variable "usb_RxLength"  was declared but never referenced
  	uint32_t usb_RxLength=0;
../Core/Src/app_freertos.c(142): warning:  #177-D: variable "USBD_Result"  was declared but never referenced
  	uint8_t USBD_Result=0;
../Core/Src/app_freertos.c(145): warning:  #177-D: variable "index"  was declared but never referenced
  	static uint32_t index = 0;          // 数据帧索引
../Core/Src/app_freertos.c(146): warning:  #177-D: variable "res_ref_kOm"  was declared but never referenced
  	static double res_ref_kOm = 10.0;
../Core/Src/app_freertos.c(341): warning:  #167-D: argument of type "volatile uint8_t *" is incompatible with parameter of type "uint8_t *"
  		CDC_Transmit_FS(res_send_p->byte, 2008);//2008
../Core/Src/app_freertos.c(377): warning:  #61-D: integer operation result is out of range
  			OUT11_GPIO_Port->BSRR=(OUT11_Pin << 16);//低电平
../Core/Src/app_freertos.c(377): warning:  #68-D: integer conversion resulted in a change of sign
  			OUT11_GPIO_Port->BSRR=(OUT11_Pin << 16);//低电平
../Core/Src/app_freertos.c(417): warning:  #61-D: integer operation result is out of range
  			OUT10_GPIO_Port->BSRR=(OUT10_Pin << 16);//低电平
../Core/Src/app_freertos.c(417): warning:  #68-D: integer conversion resulted in a change of sign
  			OUT10_GPIO_Port->BSRR=(OUT10_Pin << 16);//低电平
../Core/Src/app_freertos.c: 10 warnings, 0 errors
linking...
Program Size: Code=25464 RO-data=592 RW-data=532 ZI-data=16700  
FromELF: creating hex file...
"G431_RMA_V1_0\G431_RMA_V1_0.axf" - 0 Error(s), 10 Warning(s).

<h2>Software Packages used:</h2>

Package Vendor: ARM
                http://www.keil.com/pack/ARM.CMSIS.5.8.0.pack
                ARM.CMSIS.5.8.0
                CMSIS (Common Microcontroller Software Interface Standard)
   * Component: CORE Version: 5.5.0

Package Vendor: Keil
                https://www.keil.com/pack/Keil.STM32G4xx_DFP.2.0.0.pack
                Keil.STM32G4xx_DFP.2.0.0
                STMicroelectronics STM32G4 Series Device Support

<h2>Collection of Component include folders:</h2>
  .\RTE\_G431_RMA_V1_0
  C:\Users\Admin\AppData\Local\Arm\Packs\ARM\CMSIS\5.8.0\CMSIS\Core\Include

<h2>Collection of Component Files used:</h2>

   * Component: ARM::CMSIS:CORE:5.5.0
      Include file:  CMSIS\Core\Include\tz_context.h
Build Time Elapsed:  00:00:02
</pre>
</body>
</html>
