<html>
<body>
<pre>
<h1>µVision Build Log</h1>
<h2>Tool Versions:</h2>
IDE-Version: ¦ÌVision V5.36.0.0
Copyright (C) 2021 ARM Ltd and ARM Germany GmbH. All rights reserved.
License Information: 123 galaxy, 1231, LIC=CZLZX-HD6PP-KPQZY-ILCE5-JNC03-QWAMZ
 
Tool Versions:
Toolchain:       MDK-ARM Plus  Version: 5.36.0.0
Toolchain Path:  C:\software\study\keil\ARM\ARMCC\Bin
C Compiler:      Armcc.exe V5.06 update 7 (build 960)
Assembler:       Armasm.exe V5.06 update 7 (build 960)
Linker/Locator:  ArmLink.exe V5.06 update 7 (build 960)
Library Manager: ArmAr.exe V5.06 update 7 (build 960)
Hex Converter:   FromElf.exe V5.06 update 7 (build 960)
CPU DLL:         SARMCM3.DLL V5.36.0.0
Dialog DLL:      DCM.DLL V1.17.3.0
Target DLL:      CMSIS_AGDI.dll V1.33.0.0
Dialog DLL:      TCM.DLL V1.53.0.0
 
<h2>Project:</h2>
C:\Users\galaxy\Desktop\CubeMX_proj\RMA_BasicTest\MDK-ARM\RMA_BasicTest.uvprojx
Project File Date:  05/15/2025

<h2>Output:</h2>
*** Using Compiler 'V5.06 update 7 (build 960)', folder: 'C:\software\study\keil\ARM\ARMCC\Bin'
Build target 'RMA_BasicTest'
compiling app_freertos.c...
../Core/Src/app_freertos.c(152): warning:  #188-D: enumerated type mixed with another type
  		HAL_GPIO_WritePin(OUT1_GPIO_Port,OUT1_Pin,0);
../Core/Src/app_freertos.c(153): warning:  #188-D: enumerated type mixed with another type
  		HAL_GPIO_WritePin(OUT2_GPIO_Port,OUT2_Pin,1);
../Core/Src/app_freertos.c(154): warning:  #188-D: enumerated type mixed with another type
  		HAL_GPIO_WritePin(OUT3_GPIO_Port,OUT3_Pin,1);
../Core/Src/app_freertos.c(155): warning:  #188-D: enumerated type mixed with another type
  		HAL_GPIO_WritePin(OUT4_GPIO_Port,OUT4_Pin,1);
../Core/Src/app_freertos.c(179): warning:  #188-D: enumerated type mixed with another type
  		HAL_GPIO_WritePin(OUT1_GPIO_Port,OUT1_Pin,1);
../Core/Src/app_freertos.c(180): warning:  #188-D: enumerated type mixed with another type
  		HAL_GPIO_WritePin(OUT2_GPIO_Port,OUT2_Pin,0);
../Core/Src/app_freertos.c(181): warning:  #188-D: enumerated type mixed with another type
  		HAL_GPIO_WritePin(OUT3_GPIO_Port,OUT3_Pin,1);
../Core/Src/app_freertos.c(182): warning:  #188-D: enumerated type mixed with another type
  		HAL_GPIO_WritePin(OUT4_GPIO_Port,OUT4_Pin,1);
../Core/Src/app_freertos.c(205): warning:  #188-D: enumerated type mixed with another type
  		HAL_GPIO_WritePin(OUT1_GPIO_Port,OUT1_Pin,1);
../Core/Src/app_freertos.c(206): warning:  #188-D: enumerated type mixed with another type
  		HAL_GPIO_WritePin(OUT2_GPIO_Port,OUT2_Pin,1);
../Core/Src/app_freertos.c(207): warning:  #188-D: enumerated type mixed with another type
  		HAL_GPIO_WritePin(OUT3_GPIO_Port,OUT3_Pin,0);
../Core/Src/app_freertos.c(208): warning:  #188-D: enumerated type mixed with another type
  		HAL_GPIO_WritePin(OUT4_GPIO_Port,OUT4_Pin,1);
../Core/Src/app_freertos.c(231): warning:  #188-D: enumerated type mixed with another type
  		HAL_GPIO_WritePin(OUT1_GPIO_Port,OUT1_Pin,1);
../Core/Src/app_freertos.c(232): warning:  #188-D: enumerated type mixed with another type
  		HAL_GPIO_WritePin(OUT2_GPIO_Port,OUT2_Pin,1);
../Core/Src/app_freertos.c(233): warning:  #188-D: enumerated type mixed with another type
  		HAL_GPIO_WritePin(OUT3_GPIO_Port,OUT3_Pin,1);
../Core/Src/app_freertos.c(234): warning:  #188-D: enumerated type mixed with another type
  		HAL_GPIO_WritePin(OUT4_GPIO_Port,OUT4_Pin,0);
../Core/Src/app_freertos.c: 16 warnings, 0 errors
linking...
Program Size: Code=26448 RO-data=732 RW-data=524 ZI-data=10708  
FromELF: creating hex file...
"RMA_BasicTest\RMA_BasicTest.axf" - 0 Error(s), 16 Warning(s).

<h2>Software Packages used:</h2>

Package Vendor: ARM
                http://www.keil.com/pack/ARM.CMSIS.5.8.0.pack
                ARM.CMSIS.5.8.0
                CMSIS (Common Microcontroller Software Interface Standard)
   * Component: CORE Version: 5.5.0

Package Vendor: Keil
                https://www.keil.com/pack/Keil.STM32G4xx_DFP.1.6.0.pack
                Keil.STM32G4xx_DFP.1.6.0
                STMicroelectronics STM32G4 Series Device Support, Drivers and Examples

<h2>Collection of Component include folders:</h2>
  .\RTE\_RMA_BasicTest
  C:\Users\galaxy\AppData\Local\Arm\Packs\ARM\CMSIS\5.8.0\CMSIS\Core\Include
  C:\Users\galaxy\AppData\Local\Arm\Packs\Keil\STM32G4xx_DFP\1.6.0\Drivers\CMSIS\Device\ST\STM32G4xx\Include

<h2>Collection of Component Files used:</h2>

   * Component: ARM::CMSIS:CORE:5.5.0
      Include file:  CMSIS\Core\Include\tz_context.h
Build Time Elapsed:  00:00:03
</pre>
</body>
</html>
