Component: ARM Compiler 5.06 update 7 (build 960) Tool: armlink [4d3601]

==============================================================================

Section Cross References

    startup_stm32g431xx.o(STACK) refers (Special) to heapauxi.o(.text) for __use_two_region_memory
    startup_stm32g431xx.o(HEAP) refers (Special) to heapauxi.o(.text) for __use_two_region_memory
    startup_stm32g431xx.o(RESET) refers (Special) to heapauxi.o(.text) for __use_two_region_memory
    startup_stm32g431xx.o(RESET) refers to startup_stm32g431xx.o(STACK) for __initial_sp
    startup_stm32g431xx.o(RESET) refers to startup_stm32g431xx.o(.text) for Reset_Handler
    startup_stm32g431xx.o(RESET) refers to stm32g4xx_it.o(i.NMI_Handler) for NMI_Handler
    startup_stm32g431xx.o(RESET) refers to stm32g4xx_it.o(i.HardFault_Handler) for HardFault_Handler
    startup_stm32g431xx.o(RESET) refers to stm32g4xx_it.o(i.MemManage_Handler) for MemManage_Handler
    startup_stm32g431xx.o(RESET) refers to stm32g4xx_it.o(i.BusFault_Handler) for BusFault_Handler
    startup_stm32g431xx.o(RESET) refers to stm32g4xx_it.o(i.UsageFault_Handler) for UsageFault_Handler
    startup_stm32g431xx.o(RESET) refers to port.o(.emb_text) for SVC_Handler
    startup_stm32g431xx.o(RESET) refers to stm32g4xx_it.o(i.DebugMon_Handler) for DebugMon_Handler
    startup_stm32g431xx.o(RESET) refers to port.o(i.SysTick_Handler) for SysTick_Handler
    startup_stm32g431xx.o(RESET) refers to stm32g4xx_it.o(i.USB_LP_IRQHandler) for USB_LP_IRQHandler
    startup_stm32g431xx.o(RESET) refers to app_freertos.o(i.TIM2_IRQHandler) for TIM2_IRQHandler
    startup_stm32g431xx.o(RESET) refers to app_freertos.o(i.TIM3_IRQHandler) for TIM3_IRQHandler
    startup_stm32g431xx.o(RESET) refers to app_freertos.o(i.TIM4_IRQHandler) for TIM4_IRQHandler
    startup_stm32g431xx.o(RESET) refers to stm32g4xx_it.o(i.TIM6_DAC_IRQHandler) for TIM6_DAC_IRQHandler
    startup_stm32g431xx.o(RESET) refers to app_freertos.o(i.TIM7_IRQHandler) for TIM7_IRQHandler
    startup_stm32g431xx.o(.text) refers (Special) to heapauxi.o(.text) for __use_two_region_memory
    startup_stm32g431xx.o(.text) refers to system_stm32g4xx.o(i.SystemInit) for SystemInit
    startup_stm32g431xx.o(.text) refers to __main.o(!!!main) for __main
    startup_stm32g431xx.o(.text) refers to startup_stm32g431xx.o(HEAP) for Heap_Mem
    startup_stm32g431xx.o(.text) refers to startup_stm32g431xx.o(STACK) for Stack_Mem
    main.o(i.HAL_TIM_PeriodElapsedCallback) refers to stm32g4xx_hal.o(i.HAL_IncTick) for HAL_IncTick
    main.o(i.MX_NVIC_Init) refers to main.o(i.__NVIC_GetPriorityGrouping) for __NVIC_GetPriorityGrouping
    main.o(i.MX_NVIC_Init) refers to main.o(i.NVIC_EncodePriority) for NVIC_EncodePriority
    main.o(i.MX_NVIC_Init) refers to main.o(i.__NVIC_SetPriority) for __NVIC_SetPriority
    main.o(i.MX_NVIC_Init) refers to main.o(i.__NVIC_EnableIRQ) for __NVIC_EnableIRQ
    main.o(i.SystemClock_Config) refers to rt_memclr_w.o(.text) for __aeabi_memclr4
    main.o(i.SystemClock_Config) refers to stm32g4xx_hal_pwr_ex.o(i.HAL_PWREx_ControlVoltageScaling) for HAL_PWREx_ControlVoltageScaling
    main.o(i.SystemClock_Config) refers to stm32g4xx_hal_rcc.o(i.HAL_RCC_OscConfig) for HAL_RCC_OscConfig
    main.o(i.SystemClock_Config) refers to stm32g4xx_hal_rcc.o(i.HAL_RCC_ClockConfig) for HAL_RCC_ClockConfig
    main.o(i.main) refers to stm32g4xx_hal.o(i.HAL_Init) for HAL_Init
    main.o(i.main) refers to main.o(i.SystemClock_Config) for SystemClock_Config
    main.o(i.main) refers to gpio.o(i.MX_GPIO_Init) for MX_GPIO_Init
    main.o(i.main) refers to usb_device.o(i.MX_USB_Device_Init) for MX_USB_Device_Init
    main.o(i.main) refers to tim.o(i.MX_TIM7_Init) for MX_TIM7_Init
    main.o(i.main) refers to tim.o(i.MX_TIM2_Init) for MX_TIM2_Init
    main.o(i.main) refers to tim.o(i.MX_TIM3_Init) for MX_TIM3_Init
    main.o(i.main) refers to tim.o(i.MX_TIM4_Init) for MX_TIM4_Init
    main.o(i.main) refers to spi.o(i.MX_SPI1_Init) for MX_SPI1_Init
    main.o(i.main) refers to tim.o(i.MX_TIM15_Init) for MX_TIM15_Init
    main.o(i.main) refers to tim.o(i.MX_TIM17_Init) for MX_TIM17_Init
    main.o(i.main) refers to main.o(i.MX_NVIC_Init) for MX_NVIC_Init
    main.o(i.main) refers to app_freertos.o(i.MX_FREERTOS_Init) for MX_FREERTOS_Init
    main.o(i.main) refers to cmsis_os.o(i.osKernelStart) for osKernelStart
    gpio.o(i.MX_GPIO_Init) refers to rt_memclr_w.o(.text) for __aeabi_memclr4
    gpio.o(i.MX_GPIO_Init) refers to gpio.o(i.LL_AHB2_GRP1_EnableClock) for LL_AHB2_GRP1_EnableClock
    gpio.o(i.MX_GPIO_Init) refers to stm32g4xx_ll_gpio.o(i.LL_GPIO_Init) for LL_GPIO_Init
    app_freertos.o(i.AD5206_SetResistance) refers to stm32g4xx_hal_gpio.o(i.HAL_GPIO_WritePin) for HAL_GPIO_WritePin
    app_freertos.o(i.AD5206_SetResistance) refers to stm32g4xx_hal_spi.o(i.HAL_SPI_Transmit) for HAL_SPI_Transmit
    app_freertos.o(i.AD5206_SetResistance) refers to spi.o(.bss) for hspi1
[...]
    __rt_lib_init_atexit_1                   0x08000293   Thumb Code     0  libinit2.o(.ARM.Collect$$libinit$$0000001B)
    __rt_lib_init_clock_1                    0x08000293   Thumb Code     0  libinit2.o(.ARM.Collect$$libinit$$00000021)
    __rt_lib_init_cpp_1                      0x08000293   Thumb Code     0  libinit2.o(.ARM.Collect$$libinit$$00000032)
    __rt_lib_init_exceptions_1               0x08000293   Thumb Code     0  libinit2.o(.ARM.Collect$$libinit$$00000030)
    __rt_lib_init_fp_trap_1                  0x08000293   Thumb Code     0  libinit2.o(.ARM.Collect$$libinit$$0000001F)
    __rt_lib_init_getenv_1                   0x08000293   Thumb Code     0  libinit2.o(.ARM.Collect$$libinit$$00000023)
    __rt_lib_init_heap_1                     0x08000293   Thumb Code     0  libinit2.o(.ARM.Collect$$libinit$$0000000A)
    __rt_lib_init_lc_collate_1               0x08000293   Thumb Code     0  libinit2.o(.ARM.Collect$$libinit$$00000011)
    __rt_lib_init_lc_ctype_1                 0x08000293   Thumb Code     0  libinit2.o(.ARM.Collect$$libinit$$00000013)
    __rt_lib_init_lc_monetary_1              0x08000293   Thumb Code     0  libinit2.o(.ARM.Collect$$libinit$$00000015)
    __rt_lib_init_lc_numeric_1               0x08000293   Thumb Code     0  libinit2.o(.ARM.Collect$$libinit$$00000017)
    __rt_lib_init_lc_time_1                  0x08000293   Thumb Code     0  libinit2.o(.ARM.Collect$$libinit$$00000019)
    __rt_lib_init_preinit_1                  0x08000293   Thumb Code     0  libinit2.o(.ARM.Collect$$libinit$$00000004)
    __rt_lib_init_rand_1                     0x08000293   Thumb Code     0  libinit2.o(.ARM.Collect$$libinit$$0000000E)
    __rt_lib_init_return                     0x08000293   Thumb Code     0  libinit2.o(.ARM.Collect$$libinit$$00000033)
    __rt_lib_init_signal_1                   0x08000293   Thumb Code     0  libinit2.o(.ARM.Collect$$libinit$$0000001D)
    __rt_lib_init_stdio_1                    0x08000293   Thumb Code     0  libinit2.o(.ARM.Collect$$libinit$$00000025)
    __rt_lib_init_user_alloc_1               0x08000293   Thumb Code     0  libinit2.o(.ARM.Collect$$libinit$$0000000C)
    __rt_lib_shutdown                        0x08000295   Thumb Code     0  libshutdown.o(.ARM.Collect$$libshutdown$$00000000)
    __rt_lib_shutdown_cpp_1                  0x08000297   Thumb Code     0  libshutdown2.o(.ARM.Collect$$libshutdown$$00000004)
    __rt_lib_shutdown_fini_1                 0x08000297   Thumb Code     0  libshutdown2.o(.ARM.Collect$$libshutdown$$00000002)
    __rt_lib_shutdown_fp_trap_1              0x08000297   Thumb Code     0  libshutdown2.o(.ARM.Collect$$libshutdown$$00000009)
    __rt_lib_shutdown_heap_1                 0x08000297   Thumb Code     0  libshutdown2.o(.ARM.Collect$$libshutdown$$00000011)
    __rt_lib_shutdown_return                 0x08000297   Thumb Code     0  libshutdown2.o(.ARM.Collect$$libshutdown$$00000012)
    __rt_lib_shutdown_signal_1               0x08000297   Thumb Code     0  libshutdown2.o(.ARM.Collect$$libshutdown$$0000000C)
    __rt_lib_shutdown_stdio_1                0x08000297   Thumb Code     0  libshutdown2.o(.ARM.Collect$$libshutdown$$00000006)
    __rt_lib_shutdown_user_alloc_1           0x08000297   Thumb Code     0  libshutdown2.o(.ARM.Collect$$libshutdown$$0000000E)
    __rt_entry                               0x08000299   Thumb Code     0  __rtentry.o(.ARM.Collect$$rtentry$$00000000)
    __rt_entry_presh_1                       0x08000299   Thumb Code     0  __rtentry2.o(.ARM.Collect$$rtentry$$00000002)
    __rt_entry_sh                            0x08000299   Thumb Code     0  __rtentry4.o(.ARM.Collect$$rtentry$$00000004)
    __rt_entry_li                            0x0800029f   Thumb Code     0  __rtentry2.o(.ARM.Collect$$rtentry$$0000000A)
    __rt_entry_postsh_1                      0x0800029f   Thumb Code     0  __rtentry2.o(.ARM.Collect$$rtentry$$00000009)
    __rt_entry_main                          0x080002a3   Thumb Code     0  __rtentry2.o(.ARM.Collect$$rtentry$$0000000D)
    __rt_entry_postli_1                      0x080002a3   Thumb Code     0  __rtentry2.o(.ARM.Collect$$rtentry$$0000000C)
    __rt_exit                                0x080002ab   Thumb Code     0  rtexit.o(.ARM.Collect$$rtexit$$00000000)
    __rt_exit_ls                             0x080002ad   Thumb Code     0  rtexit2.o(.ARM.Collect$$rtexit$$00000003)
    __rt_exit_prels_1                        0x080002ad   Thumb Code     0  rtexit2.o(.ARM.Collect$$rtexit$$00000002)
    __rt_exit_exit                           0x080002b1   Thumb Code     0  rtexit2.o(.ARM.Collect$$rtexit$$00000004)
    SVC_Handler                              0x080002b9   Thumb Code    28  port.o(.emb_text)
    __asm___6_port_c_39a90d8d__prvStartFirstTask 0x080002d9   Thumb Code    36  port.o(.emb_text)
    __asm___6_port_c_39a90d8d__prvEnableVFP  0x08000301   Thumb Code    16  port.o(.emb_text)
    PendSV_Handler                           0x08000315   Thumb Code    88  port.o(.emb_text)
    vPortGetIPSR                             0x08000371   Thumb Code     6  port.o(.emb_text)
    Reset_Handler                            0x08000379   Thumb Code     8  startup_stm32g431xx.o(.text)
    ADC1_2_IRQHandler                        0x08000393   Thumb Code     0  startup_stm32g431xx.o(.text)
    COMP1_2_3_IRQHandler                     0x08000393   Thumb Code     0  startup_stm32g431xx.o(.text)
    COMP4_IRQHandler                         0x08000393   Thumb Code     0  startup_stm32g431xx.o(.text)
    CORDIC_IRQHandler                        0x08000393   Thumb Code     0  startup_stm32g431xx.o(.text)
    CRS_IRQHandler                           0x08000393   Thumb Code     0  startup_stm32g431xx.o(.text)
    DMA1_Channel1_IRQHandler                 0x08000393   Thumb Code     0  startup_stm32g431xx.o(.text)
    DMA1_Channel2_IRQHandler                 0x08000393   Thumb Code     0  startup_stm32g431xx.o(.text)
    DMA1_Channel3_IRQHandler                 0x08000393   Thumb Code     0  startup_stm32g431xx.o(.text)
    DMA1_Channel4_IRQHandler                 0x08000393   Thumb Code     0  startup_stm32g431xx.o(.text)
    DMA1_Channel5_IRQHandler                 0x08000393   Thumb Code     0  startup_stm32g431xx.o(.text)
    DMA1_Channel6_IRQHandler                 0x08000393   Thumb Code     0  startup_stm32g431xx.o(.text)
    DMA2_Channel1_IRQHandler                 0x08000393   Thumb Code     0  startup_stm32g431xx.o(.text)
    DMA2_Channel2_IRQHandler                 0x08000393   Thumb Code     0  startup_stm32g431xx.o(.text)
    DMA2_Channel3_IRQHandler                 0x08000393   Thumb Code     0  startup_stm32g431xx.o(.text)
    DMA2_Channel4_IRQHandler                 0x08000393   Thumb Code     0  startup_stm32g431xx.o(.text)
    DMA2_Channel5_IRQHandler                 0x08000393   Thumb Code     0  startup_stm32g431xx.o(.text)
    DMA2_Channel6_IRQHandler                 0x08000393   Thumb Code     0  startup_stm32g431xx.o(.text)
    DMAMUX_OVR_IRQHandler                    0x08000393   Thumb Code     0  startup_stm32g431xx.o(.text)
    EXTI0_IRQHandler                         0x08000393   Thumb Code     0  startup_stm32g431xx.o(.text)
    EXTI15_10_IRQHandler                     0x08000393   Thumb Code     0  startup_stm32g431xx.o(.text)
    EXTI1_IRQHandler                         0x08000393   Thumb Code     0  startup_stm32g431xx.o(.text)
    EXTI2_IRQHandler                         0x08000393   Thumb Code     0  startup_stm32g431xx.o(.text)
    EXTI3_IRQHandler                         0x08000393   Thumb Code     0  startup_stm32g431xx.o(.text)
    EXTI4_IRQHandler                         0x08000393   Thumb Code     0  startup_stm32g431xx.o(.text)
    EXTI9_5_IRQHandler                       0x08000393   Thumb Code     0  startup_stm32g431xx.o(.text)
    FDCAN1_IT0_IRQHandler                    0x08000393   Thumb Code     0  startup_stm32g431xx.o(.text)
    FDCAN1_IT1_IRQHandler                    0x08000393   Thumb Code     0  startup_stm32g431xx.o(.text)
    FLASH_IRQHandler                         0x08000393   Thumb Code     0  startup_stm32g431xx.o(.text)
    FMAC_IRQHandler                          0x08000393   Thumb Code     0  startup_stm32g431xx.o(.text)
    FPU_IRQHandler                           0x08000393   Thumb Code     0  startup_stm32g431xx.o(.text)
    I2C1_ER_IRQHandler                       0x08000393   Thumb Code     0  startup_stm32g431xx.o(.text)
    I2C1_EV_IRQHandler                       0x08000393   Thumb Code     0  startup_stm32g431xx.o(.text)
    I2C2_ER_IRQHandler                       0x08000393   Thumb Code     0  startup_stm32g431xx.o(.text)
    I2C2_EV_IRQHandler                       0x08000393   Thumb Code     0  startup_stm32g431xx.o(.text)
    I2C3_ER_IRQHandler                       0x08000393   Thumb Code     0  startup_stm32g431xx.o(.text)
    I2C3_EV_IRQHandler                       0x08000393   Thumb Code     0  startup_stm32g431xx.o(.text)
    LPTIM1_IRQHandler                        0x08000393   Thumb Code     0  startup_stm32g431xx.o(.text)
    LPUART1_IRQHandler                       0x08000393   Thumb Code     0  startup_stm32g431xx.o(.text)
    PVD_PVM_IRQHandler                       0x08000393   Thumb Code     0  startup_stm32g431xx.o(.text)
    RCC_IRQHandler                           0x08000393   Thumb Code     0  startup_stm32g431xx.o(.text)
    RNG_IRQHandler                           0x08000393   Thumb Code     0  startup_stm32g431xx.o(.text)
    RTC_Alarm_IRQHandler                     0x08000393   Thumb Code     0  startup_stm32g431xx.o(.text)
    RTC_TAMP_LSECSS_IRQHandler               0x08000393   Thumb Code     0  startup_stm32g431xx.o(.text)
    RTC_WKUP_IRQHandler                      0x08000393   Thumb Code     0  startup_stm32g431xx.o(.text)
    SAI1_IRQHandler                          0x08000393   Thumb Code     0  startup_stm32g431xx.o(.text)
    SPI1_IRQHandler                          0x08000393   Thumb Code     0  startup_stm32g431xx.o(.text)
    SPI2_IRQHandler                          0x08000393   Thumb Code     0  startup_stm32g431xx.o(.text)
    SPI3_IRQHandler                          0x08000393   Thumb Code     0  startup_stm32g431xx.o(.text)
    TIM1_BRK_TIM15_IRQHandler                0x08000393   Thumb Code     0  startup_stm32g431xx.o(.text)
    TIM1_CC_IRQHandler                       0x08000393   Thumb Code     0  startup_stm32g431xx.o(.text)
    TIM1_TRG_COM_TIM17_IRQHandler            0x08000393   Thumb Code     0  startup_stm32g431xx.o(.text)
    TIM1_UP_TIM16_IRQHandler                 0x08000393   Thumb Code     0  startup_stm32g431xx.o(.text)
    TIM8_BRK_IRQHandler                      0x08000393   Thumb Code     0  startup_stm32g431xx.o(.text)
    TIM8_CC_IRQHandler                       0x08000393   Thumb Code     0  startup_stm32g431xx.o(.text)
    TIM8_TRG_COM_IRQHandler                  0x08000393   Thumb Code     0  startup_stm32g431xx.o(.text)
    TIM8_UP_IRQHandler                       0x08000393   Thumb Code     0  startup_stm32g431xx.o(.text)
    UART4_IRQHandler                         0x08000393   Thumb Code     0  startup_stm32g431xx.o(.text)
    UCPD1_IRQHandler                         0x08000393   Thumb Code     0  startup_stm32g431xx.o(.text)
    USART1_IRQHandler                        0x08000393   Thumb Code     0  startup_stm32g431xx.o(.text)
    USART2_IRQHandler                        0x08000393   Thumb Code     0  startup_stm32g431xx.o(.text)
    USART3_IRQHandler                        0x08000393   Thumb Code     0  startup_stm32g431xx.o(.text)
    USBWakeUp_IRQHandler                     0x08000393   Thumb Code     0  startup_stm32g431xx.o(.text)
    USB_HP_IRQHandler                        0x08000393   Thumb Code     0  startup_stm32g431xx.o(.text)
    WWDG_IRQHandler                          0x08000393   Thumb Code     0  startup_stm32g431xx.o(.text)
    __user_initial_stackheap                 0x08000395   Thumb Code     0  startup_stm32g431xx.o(.text)
    __aeabi_memcpy                           0x080003b9   Thumb Code     0  rt_memcpy_v6.o(.text)
    __rt_memcpy                              0x080003b9   Thumb Code   138  rt_memcpy_v6.o(.text)
    _memcpy_lastbytes                        0x0800041f   Thumb Code     0  rt_memcpy_v6.o(.text)
    __aeabi_memcpy4                          0x08000443   Thumb Code     0  rt_memcpy_w.o(.text)
    __aeabi_memcpy8                          0x08000443   Thumb Code     0  rt_memcpy_w.o(.text)
    __rt_memcpy_w                            0x08000443   Thumb Code   100  rt_memcpy_w.o(.text)
    _memcpy_lastbytes_aligned                0x0800048b   Thumb Code     0  rt_memcpy_w.o(.text)
    __aeabi_memset                           0x080004a7   Thumb Code    16  aeabi_memset.o(.text)
    __aeabi_memclr4                          0x080004b7   Thumb Code     0  rt_memclr_w.o(.text)
    __aeabi_memclr8                          0x080004b7   Thumb Code     0  rt_memclr_w.o(.text)
    __rt_memclr_w                            0x080004b7   Thumb Code    78  rt_memclr_w.o(.text)
    _memset_w                                0x080004bb   Thumb Code     0  rt_memclr_w.o(.text)
    __use_two_region_memory                  0x08000505   Thumb Code     2  heapauxi.o(.text)
    __rt_heap_escrow$2region                 0x08000507   Thumb Code     2  heapauxi.o(.text)
    __rt_heap_expand$2region                 0x08000509   Thumb Code     2  heapauxi.o(.text)
    __aeabi_memclr                           0x0800050b   Thumb Code     0  rt_memclr.o(.text)
    __rt_memclr                              0x0800050b   Thumb Code    68  rt_memclr.o(.text)
    _memset                                  0x0800050f   Thumb Code     0  rt_memclr.o(.text)
    __user_setup_stackheap                   0x0800054f   Thumb Code    74  sys_stackheap_outer.o(.text)
    exit                                     0x08000599   Thumb Code    18  exit.o(.text)
    __user_libspace                          0x080005ad   Thumb Code     8  libspace.o(.text)
    __user_perproc_libspace                  0x080005ad   Thumb Code     0  libspace.o(.text)
    __user_perthread_libspace                0x080005ad   Thumb Code     0  libspace.o(.text)
    _sys_exit                                0x080005b5   Thumb Code     8  sys_exit.o(.text)
    __I$use$semihosting                      0x080005c1   Thumb Code     0  use_no_semi.o(.text)
    __use_no_semihosting_swi                 0x080005c1   Thumb Code     2  use_no_semi.o(.text)
    __semihosting_library_function           0x080005c3   Thumb Code     0  indicate_semi.o(.text)
    AD5206_SetResistance                     0x080005c5   Thumb Code   104  app_freertos.o(i.AD5206_SetResistance)
    BusFault_Handler                         0x0800063d   Thumb Code     2  stm32g4xx_it.o(i.BusFault_Handler)
    CDC_Transmit_FS                          0x08000689   Thumb Code    38  usbd_cdc_if.o(i.CDC_Transmit_FS)
    DataTask                                 0x080006b5   Thumb Code   238  app_freertos.o(i.DataTask)
    DebugMon_Handler                         0x080007b1   Thumb Code     2  stm32g4xx_it.o(i.DebugMon_Handler)
    Error_Handler                            0x080007b3   Thumb Code     4  main.o(i.Error_Handler)
    HAL_GPIO_Init                            0x080007b9   Thumb Code   550  stm32g4xx_hal_gpio.o(i.HAL_GPIO_Init)
    HAL_GPIO_WritePin                        0x08000a01   Thumb Code    10  stm32g4xx_hal_gpio.o(i.HAL_GPIO_WritePin)
    HAL_GetTick                              0x08000a0d   Thumb Code     6  stm32g4xx_hal.o(i.HAL_GetTick)
    HAL_IncTick                              0x08000a19   Thumb Code    12  stm32g4xx_hal.o(i.HAL_IncTick)
    HAL_Init                                 0x08000a29   Thumb Code    30  stm32g4xx_hal.o(i.HAL_Init)
    HAL_InitTick                             0x08000a49   Thumb Code   116  stm32g4xx_hal_timebase_tim.o(i.HAL_InitTick)
    HAL_MspInit                              0x08000ad1   Thumb Code    54  stm32g4xx_hal_msp.o(i.HAL_MspInit)
    HAL_NVIC_EnableIRQ                       0x08000b0d   Thumb Code    26  stm32g4xx_hal_cortex.o(i.HAL_NVIC_EnableIRQ)
    HAL_NVIC_SetPriority                     0x08000b29   Thumb Code    60  stm32g4xx_hal_cortex.o(i.HAL_NVIC_SetPriority)
    HAL_NVIC_SetPriorityGrouping             0x08000b69   Thumb Code    26  stm32g4xx_hal_cortex.o(i.HAL_NVIC_SetPriorityGrouping)
    HAL_PCDEx_ActivateLPM                    0x08000b8d   Thumb Code    36  stm32g4xx_hal_pcd_ex.o(i.HAL_PCDEx_ActivateLPM)
    HAL_PCDEx_LPM_Callback                   0x08000bb1   Thumb Code    64  usbd_conf.o(i.HAL_PCDEx_LPM_Callback)
    HAL_PCDEx_PMAConfig                      0x08000bf5   Thumb Code    60  stm32g4xx_hal_pcd_ex.o(i.HAL_PCDEx_PMAConfig)
    HAL_PCD_DataInStageCallback              0x08000c31   Thumb Code    18  usbd_conf.o(i.HAL_PCD_DataInStageCallback)
    HAL_PCD_DataOutStageCallback             0x08000c43   Thumb Code    20  usbd_conf.o(i.HAL_PCD_DataOutStageCallback)
    HAL_PCD_EP_Close                         0x08000c57   Thumb Code    74  stm32g4xx_hal_pcd.o(i.HAL_PCD_EP_Close)
    HAL_PCD_EP_ClrStall                      0x08000ca1   Thumb Code    90  stm32g4xx_hal_pcd.o(i.HAL_PCD_EP_ClrStall)
    HAL_PCD_EP_GetRxCount                    0x08001117   Thumb Code    18  stm32g4xx_hal_pcd.o(i.HAL_PCD_EP_GetRxCount)
    HAL_PCD_EP_Open                          0x08001129   Thumb Code    88  stm32g4xx_hal_pcd.o(i.HAL_PCD_EP_Open)
    HAL_PCD_EP_Receive                       0x08001181   Thumb Code    46  stm32g4xx_hal_pcd.o(i.HAL_PCD_EP_Receive)
    HAL_PCD_EP_SetStall                      0x080011af   Thumb Code    94  stm32g4xx_hal_pcd.o(i.HAL_PCD_EP_SetStall)
    HAL_PCD_EP_Transmit                      0x0800120d   Thumb Code    46  stm32g4xx_hal_pcd.o(i.HAL_PCD_EP_Transmit)
    HAL_PCD_IRQHandler                       0x0800123b   Thumb Code   330  stm32g4xx_hal_pcd.o(i.HAL_PCD_IRQHandler)
    HAL_PCD_Init                             0x08001385   Thumb Code   156  stm32g4xx_hal_pcd.o(i.HAL_PCD_Init)
    HAL_PCD_MspInit                          0x08001421   Thumb Code    80  usbd_conf.o(i.HAL_PCD_MspInit)
    HAL_PCD_ResetCallback                    0x08001479   Thumb Code    38  usbd_conf.o(i.HAL_PCD_ResetCallback)
    HAL_PCD_ResumeCallback                   0x080014a1   Thumb Code    34  usbd_conf.o(i.HAL_PCD_ResumeCallback)
    HAL_PCD_SOFCallback                      0x080014c9   Thumb Code     8  usbd_conf.o(i.HAL_PCD_SOFCallback)
    HAL_PCD_SetAddress                       0x080014d1   Thumb Code    38  stm32g4xx_hal_pcd.o(i.HAL_PCD_SetAddress)
    HAL_PCD_SetupStageCallback               0x080014f7   Thumb Code    14  usbd_conf.o(i.HAL_PCD_SetupStageCallback)
    HAL_PCD_Start                            0x08001505   Thumb Code    42  stm32g4xx_hal_pcd.o(i.HAL_PCD_Start)
    HAL_PCD_SuspendCallback                  0x08001531   Thumb Code    30  usbd_conf.o(i.HAL_PCD_SuspendCallback)
    HAL_PWREx_ControlVoltageScaling          0x08001555   Thumb Code   174  stm32g4xx_hal_pwr_ex.o(i.HAL_PWREx_ControlVoltageScaling)
    HAL_PWREx_DisableUCPDDeadBattery         0x08001611   Thumb Code    12  stm32g4xx_hal_pwr_ex.o(i.HAL_PWREx_DisableUCPDDeadBattery)
    HAL_RCCEx_PeriphCLKConfig                0x08001621   Thumb Code   638  stm32g4xx_hal_rcc_ex.o(i.HAL_RCCEx_PeriphCLKConfig)
    HAL_RCC_ClockConfig                      0x080018a9   Thumb Code   444  stm32g4xx_hal_rcc.o(i.HAL_RCC_ClockConfig)
    HAL_RCC_GetClockConfig                   0x08001a85   Thumb Code    54  stm32g4xx_hal_rcc.o(i.HAL_RCC_GetClockConfig)
    HAL_RCC_GetPCLK1Freq                     0x08001ac5   Thumb Code    24  stm32g4xx_hal_rcc.o(i.HAL_RCC_GetPCLK1Freq)
    HAL_RCC_GetSysClockFreq                  0x08001ae9   Thumb Code    98  stm32g4xx_hal_rcc.o(i.HAL_RCC_GetSysClockFreq)
    HAL_RCC_OscConfig                        0x08001b55   Thumb Code  1028  stm32g4xx_hal_rcc.o(i.HAL_RCC_OscConfig)
    HAL_SPI_Init                             0x08001f59   Thumb Code   234  stm32g4xx_hal_spi.o(i.HAL_SPI_Init)
    HAL_SPI_MspInit                          0x08002045   Thumb Code   124  spi.o(i.HAL_SPI_MspInit)
    HAL_SPI_Transmit                         0x080020cd   Thumb Code   402  stm32g4xx_hal_spi.o(i.HAL_SPI_Transmit)
    HAL_TIMEx_Break2Callback                 0x0800225f   Thumb Code     2  stm32g4xx_hal_tim_ex.o(i.HAL_TIMEx_Break2Callback)
    HAL_TIMEx_BreakCallback                  0x08002261   Thumb Code     2  stm32g4xx_hal_tim_ex.o(i.HAL_TIMEx_BreakCallback)
    HAL_TIMEx_CommutCallback                 0x08002263   Thumb Code     2  stm32g4xx_hal_tim_ex.o(i.HAL_TIMEx_CommutCallback)
    HAL_TIMEx_ConfigBreakDeadTime            0x08002265   Thumb Code   148  stm32g4xx_hal_tim_ex.o(i.HAL_TIMEx_ConfigBreakDeadTime)
    HAL_TIMEx_DirectionChangeCallback        0x08002301   Thumb Code     2  stm32g4xx_hal_tim_ex.o(i.HAL_TIMEx_DirectionChangeCallback)
    HAL_TIMEx_EncoderIndexCallback           0x08002303   Thumb Code     2  stm32g4xx_hal_tim_ex.o(i.HAL_TIMEx_EncoderIndexCallback)
    HAL_TIMEx_IndexErrorCallback             0x08002305   Thumb Code     2  stm32g4xx_hal_tim_ex.o(i.HAL_TIMEx_IndexErrorCallback)
    HAL_TIMEx_MasterConfigSynchronization    0x08002309   Thumb Code   132  stm32g4xx_hal_tim_ex.o(i.HAL_TIMEx_MasterConfigSynchronization)
    HAL_TIMEx_TransitionErrorCallback        0x080023a5   Thumb Code     2  stm32g4xx_hal_tim_ex.o(i.HAL_TIMEx_TransitionErrorCallback)
    HAL_TIM_Base_Init                        0x080023a7   Thumb Code    98  stm32g4xx_hal_tim.o(i.HAL_TIM_Base_Init)
    HAL_TIM_Base_MspInit                     0x08002409   Thumb Code    30  tim.o(i.HAL_TIM_Base_MspInit)
    HAL_TIM_Base_Start_IT                    0x08002431   Thumb Code    94  stm32g4xx_hal_tim.o(i.HAL_TIM_Base_Start_IT)
    HAL_TIM_IC_CaptureCallback               0x080024a9   Thumb Code     2  stm32g4xx_hal_tim.o(i.HAL_TIM_IC_CaptureCallback)
    HAL_TIM_IRQHandler                       0x080024ab   Thumb Code   418  stm32g4xx_hal_tim.o(i.HAL_TIM_IRQHandler)
    HAL_TIM_MspPostInit                      0x0800264d   Thumb Code   132  tim.o(i.HAL_TIM_MspPostInit)
    HAL_TIM_OC_DelayElapsedCallback          0x080026e1   Thumb Code     2  stm32g4xx_hal_tim.o(i.HAL_TIM_OC_DelayElapsedCallback)
    HAL_TIM_OnePulse_Init                    0x080026e3   Thumb Code    86  stm32g4xx_hal_tim.o(i.HAL_TIM_OnePulse_Init)
    HAL_TIM_OnePulse_MspInit                 0x08002739   Thumb Code     2  stm32g4xx_hal_tim.o(i.HAL_TIM_OnePulse_MspInit)
    HAL_TIM_PWM_ConfigChannel                0x0800273b   Thumb Code   292  stm32g4xx_hal_tim.o(i.HAL_TIM_PWM_ConfigChannel)
    HAL_TIM_PWM_Init                         0x0800285f   Thumb Code    98  stm32g4xx_hal_tim.o(i.HAL_TIM_PWM_Init)
    HAL_TIM_PWM_MspInit                      0x080028c1   Thumb Code    30  tim.o(i.HAL_TIM_PWM_MspInit)
    HAL_TIM_PWM_PulseFinishedCallback        0x080028e9   Thumb Code     2  stm32g4xx_hal_tim.o(i.HAL_TIM_PWM_PulseFinishedCallback)
    HAL_TIM_PWM_Start                        0x080028ed   Thumb Code   218  stm32g4xx_hal_tim.o(i.HAL_TIM_PWM_Start)
    HAL_TIM_PeriodElapsedCallback            0x080029e9   Thumb Code    14  main.o(i.HAL_TIM_PeriodElapsedCallback)
    HAL_TIM_TriggerCallback                  0x080029fd   Thumb Code     2  stm32g4xx_hal_tim.o(i.HAL_TIM_TriggerCallback)
    HardFault_Handler                        0x080029ff   Thumb Code     2  stm32g4xx_it.o(i.HardFault_Handler)
    LL_GPIO_Init                             0x08002a81   Thumb Code   310  stm32g4xx_ll_gpio.o(i.LL_GPIO_Init)
    LL_TIM_Init                              0x08002e0d   Thumb Code   144  stm32g4xx_ll_tim.o(i.LL_TIM_Init)
    MX_FREERTOS_Init                         0x08002ec9   Thumb Code   272  app_freertos.o(i.MX_FREERTOS_Init)
    MX_GPIO_Init                             0x08002fe1   Thumb Code   416  gpio.o(i.MX_GPIO_Init)
    MX_SPI1_Init                             0x080031f9   Thumb Code    72  spi.o(i.MX_SPI1_Init)
    MX_TIM15_Init                            0x08003249   Thumb Code   174  tim.o(i.MX_TIM15_Init)
    MX_TIM17_Init                            0x08003301   Thumb Code   166  tim.o(i.MX_TIM17_Init)
    MX_TIM2_Init                             0x080033b1   Thumb Code   286  tim.o(i.MX_TIM2_Init)
    MX_TIM3_Init                             0x080034d1   Thumb Code   358  tim.o(i.MX_TIM3_Init)
    MX_TIM4_Init                             0x08003641   Thumb Code   286  tim.o(i.MX_TIM4_Init)
    MX_TIM7_Init                             0x08003769   Thumb Code    72  tim.o(i.MX_TIM7_Init)
    MX_USB_Device_Init                       0x080037b5   Thumb Code    66  usb_device.o(i.MX_USB_Device_Init)
    MemManage_Handler                        0x08003809   Thumb Code     2  stm32g4xx_it.o(i.MemManage_Handler)
    NMI_Handler                              0x0800380b   Thumb Code     2  stm32g4xx_it.o(i.NMI_Handler)
    NotifyTask                               0x08003841   Thumb Code   204  app_freertos.o(i.NotifyTask)
    Select_switcher                          0x08003ea1   Thumb Code   134  app_freertos.o(i.Select_switcher)
    StartDefaultTask                         0x08003f31   Thumb Code   160  app_freertos.o(i.StartDefaultTask)
    SysTick_Handler                          0x08003fdd   Thumb Code    38  port.o(i.SysTick_Handler)
    SystemClock_Config                       0x08004009   Thumb Code   106  main.o(i.SystemClock_Config)
    SystemInit                               0x08004075   Thumb Code    12  system_stm32g4xx.o(i.SystemInit)
    TIM2_IRQHandler                          0x08004085   Thumb Code   360  app_freertos.o(i.TIM2_IRQHandler)
    TIM3_IRQHandler                          0x080041f5   Thumb Code   458  app_freertos.o(i.TIM3_IRQHandler)
    TIM4_IRQHandler                          0x080043cd   Thumb Code   354  app_freertos.o(i.TIM4_IRQHandler)
    TIM6_DAC_IRQHandler                      0x0800453d   Thumb Code     6  stm32g4xx_it.o(i.TIM6_DAC_IRQHandler)
    TIM7_IRQHandler                          0x08004549   Thumb Code    26  app_freertos.o(i.TIM7_IRQHandler)
    TIM_Base_SetConfig                       0x0800456d   Thumb Code   160  stm32g4xx_hal_tim.o(i.TIM_Base_SetConfig)
    TIM_CCxChannelCmd                        0x08004629   Thumb Code    26  stm32g4xx_hal_tim.o(i.TIM_CCxChannelCmd)
    TIM_OC2_SetConfig                        0x080046e1   Thumb Code   120  stm32g4xx_hal_tim.o(i.TIM_OC2_SetConfig)
    USBD_CDC_ConfigStrDescriptor             0x08004971   Thumb Code    16  usbd_desc.o(i.USBD_CDC_ConfigStrDescriptor)
    USBD_CDC_DeviceDescriptor                0x08004a61   Thumb Code     8  usbd_desc.o(i.USBD_CDC_DeviceDescriptor)
    USBD_CDC_GetDeviceQualifierDescriptor    0x08004a9d   Thumb Code     8  usbd_cdc.o(i.USBD_CDC_GetDeviceQualifierDescriptor)
    USBD_CDC_InterfaceStrDescriptor          0x08004b71   Thumb Code    16  usbd_desc.o(i.USBD_CDC_InterfaceStrDescriptor)
    USBD_CDC_LangIDStrDescriptor             0x08004b95   Thumb Code     8  usbd_desc.o(i.USBD_CDC_LangIDStrDescriptor)
    USBD_CDC_ManufacturerStrDescriptor       0x08004ba1   Thumb Code    16  usbd_desc.o(i.USBD_CDC_ManufacturerStrDescriptor)
    USBD_CDC_ProductStrDescriptor            0x08004bc9   Thumb Code    16  usbd_desc.o(i.USBD_CDC_ProductStrDescriptor)
    USBD_CDC_ReceivePacket                   0x08004bf5   Thumb Code    40  usbd_cdc.o(i.USBD_CDC_ReceivePacket)
    USBD_CDC_RegisterInterface               0x08004c1d   Thumb Code    14  usbd_cdc.o(i.USBD_CDC_RegisterInterface)
    USBD_CDC_SerialStrDescriptor             0x08004c2d   Thumb Code    48  usbd_desc.o(i.USBD_CDC_SerialStrDescriptor)
    USBD_CDC_SetRxBuffer                     0x08004c65   Thumb Code    18  usbd_cdc.o(i.USBD_CDC_SetRxBuffer)
    USBD_CDC_SetTxBuffer                     0x08004c77   Thumb Code    22  usbd_cdc.o(i.USBD_CDC_SetTxBuffer)
    USBD_CDC_TransmitPacket                  0x08004d4b   Thumb Code    54  usbd_cdc.o(i.USBD_CDC_TransmitPacket)
    USBD_ClrClassConfig                      0x08004d81   Thumb Code    16  usbd_core.o(i.USBD_ClrClassConfig)
    USBD_CtlContinueRx                       0x08004d91   Thumb Code    16  usbd_ioreq.o(i.USBD_CtlContinueRx)
    USBD_CtlContinueSendData                 0x08004da1   Thumb Code    16  usbd_ioreq.o(i.USBD_CtlContinueSendData)
    USBD_CtlError                            0x08004db1   Thumb Code    22  usbd_ctlreq.o(i.USBD_CtlError)
    USBD_CtlPrepareRx                        0x08004dc7   Thumb Code    30  usbd_ioreq.o(i.USBD_CtlPrepareRx)
    USBD_CtlReceiveStatus                    0x08004de5   Thumb Code    22  usbd_ioreq.o(i.USBD_CtlReceiveStatus)
    USBD_CtlSendData                         0x08004dfb   Thumb Code    26  usbd_ioreq.o(i.USBD_CtlSendData)
    USBD_CtlSendStatus                       0x08004e15   Thumb Code    22  usbd_ioreq.o(i.USBD_CtlSendStatus)
    USBD_GetString                           0x08004f25   Thumb Code    72  usbd_ctlreq.o(i.USBD_GetString)
    USBD_Init                                0x08004f85   Thumb Code    38  usbd_core.o(i.USBD_Init)
    USBD_LL_ClearStallEP                     0x08004fab   Thumb Code    18  usbd_conf.o(i.USBD_LL_ClearStallEP)
    USBD_LL_CloseEP                          0x08004fbd   Thumb Code    18  usbd_conf.o(i.USBD_LL_CloseEP)
    USBD_LL_DataInStage                      0x08004fcf   Thumb Code   168  usbd_core.o(i.USBD_LL_DataInStage)
    USBD_LL_DataOutStage                     0x08005077   Thumb Code   108  usbd_core.o(i.USBD_LL_DataOutStage)
    USBD_LL_GetRxDataSize                    0x080050e3   Thumb Code     8  usbd_conf.o(i.USBD_LL_GetRxDataSize)
    USBD_LL_Init                             0x080050ed   Thumb Code   124  usbd_conf.o(i.USBD_LL_Init)
    USBD_LL_IsStallEP                        0x08005171   Thumb Code    30  usbd_conf.o(i.USBD_LL_IsStallEP)
    USBD_LL_OpenEP                           0x0800518f   Thumb Code    24  usbd_conf.o(i.USBD_LL_OpenEP)
    USBD_LL_PrepareReceive                   0x080051a7   Thumb Code    18  usbd_conf.o(i.USBD_LL_PrepareReceive)
    USBD_LL_Reset                            0x080051b9   Thumb Code    90  usbd_core.o(i.USBD_LL_Reset)
    USBD_LL_Resume                           0x08005213   Thumb Code    20  usbd_core.o(i.USBD_LL_Resume)
    USBD_LL_SOF                              0x08005227   Thumb Code    32  usbd_core.o(i.USBD_LL_SOF)
    USBD_LL_SetSpeed                         0x08005247   Thumb Code     6  usbd_core.o(i.USBD_LL_SetSpeed)
    USBD_LL_SetUSBAddress                    0x0800524d   Thumb Code    18  usbd_conf.o(i.USBD_LL_SetUSBAddress)
    USBD_LL_SetupStage                       0x0800525f   Thumb Code    96  usbd_core.o(i.USBD_LL_SetupStage)
    USBD_LL_StallEP                          0x080052bf   Thumb Code    18  usbd_conf.o(i.USBD_LL_StallEP)
    USBD_LL_Start                            0x080052d1   Thumb Code    18  usbd_conf.o(i.USBD_LL_Start)
    USBD_LL_Suspend                          0x080052e3   Thumb Code    18  usbd_core.o(i.USBD_LL_Suspend)
    USBD_LL_Transmit                         0x080052f5   Thumb Code    18  usbd_conf.o(i.USBD_LL_Transmit)
    USBD_ParseSetupRequest                   0x08005307   Thumb Code    44  usbd_ctlreq.o(i.USBD_ParseSetupRequest)
    USBD_RegisterClass                       0x08005333   Thumb Code    36  usbd_core.o(i.USBD_RegisterClass)
    USBD_SetClassConfig                      0x08005357   Thumb Code    20  usbd_core.o(i.USBD_SetClassConfig)
    USBD_Start                               0x08005429   Thumb Code     4  usbd_core.o(i.USBD_Start)
    USBD_StdDevReq                           0x0800542d   Thumb Code   276  usbd_ctlreq.o(i.USBD_StdDevReq)
    USBD_StdEPReq                            0x08005541   Thumb Code   320  usbd_ctlreq.o(i.USBD_StdEPReq)
    USBD_StdItfReq                           0x08005681   Thumb Code    82  usbd_ctlreq.o(i.USBD_StdItfReq)
    USBD_static_free                         0x080056d3   Thumb Code     2  usbd_conf.o(i.USBD_static_free)
    USBD_static_malloc                       0x080056d5   Thumb Code     4  usbd_conf.o(i.USBD_static_malloc)
    USB_ActivateEndpoint                     0x080056dd   Thumb Code   668  stm32g4xx_ll_usb.o(i.USB_ActivateEndpoint)
    USB_DeactivateEndpoint                   0x08005979   Thumb Code   270  stm32g4xx_ll_usb.o(i.USB_DeactivateEndpoint)
    USB_DevConnect                           0x08005a87   Thumb Code    14  stm32g4xx_ll_usb.o(i.USB_DevConnect)
    USB_DevInit                              0x08005a95   Thumb Code    18  stm32g4xx_ll_usb.o(i.USB_DevInit)
    USB_DisableGlobalInt                     0x08005aa7   Thumb Code    16  stm32g4xx_ll_usb.o(i.USB_DisableGlobalInt)
    USB_EPClearStall                         0x08005ab7   Thumb Code   120  stm32g4xx_ll_usb.o(i.USB_EPClearStall)
    USB_EPSetStall                           0x08005b2f   Thumb Code    50  stm32g4xx_ll_usb.o(i.USB_EPSetStall)
    USB_EPStartXfer                          0x08005b61   Thumb Code  1250  stm32g4xx_ll_usb.o(i.USB_EPStartXfer)
    USB_EnableGlobalInt                      0x08006043   Thumb Code    18  stm32g4xx_ll_usb.o(i.USB_EnableGlobalInt)
    USB_LP_IRQHandler                        0x08006055   Thumb Code     6  stm32g4xx_it.o(i.USB_LP_IRQHandler)
    USB_ReadInterrupts                       0x08006061   Thumb Code     6  stm32g4xx_ll_usb.o(i.USB_ReadInterrupts)
    USB_ReadPMA                              0x08006067   Thumb Code    40  stm32g4xx_ll_usb.o(i.USB_ReadPMA)
    USB_SetDevAddress                        0x0800608f   Thumb Code    12  stm32g4xx_ll_usb.o(i.USB_SetDevAddress)
    USB_WritePMA                             0x0800609d   Thumb Code    38  stm32g4xx_ll_usb.o(i.USB_WritePMA)
    UsageFault_Handler                       0x080060c3   Thumb Code     2  stm32g4xx_it.o(i.UsageFault_Handler)
    exchange_res_p                           0x08006131   Thumb Code    34  app_freertos.o(i.exchange_res_p)
    ll_Start_TIM17_OnePulse                  0x08006169   Thumb Code    60  app_freertos.o(i.ll_Start_TIM17_OnePulse)
    main                                     0x080061a9   Thumb Code   290  main.o(i.main)
    osDelay                                  0x080062e5   Thumb Code    14  cmsis_os.o(i.osDelay)
    osKernelStart                            0x080062f3   Thumb Code    10  cmsis_os.o(i.osKernelStart)
    osMessageCreate                          0x080062fd   Thumb Code     8  cmsis_os.o(i.osMessageCreate)
    osMessageGet                             0x08006305   Thumb Code   144  cmsis_os.o(i.osMessageGet)
    osMessagePut                             0x08006399   Thumb Code    86  cmsis_os.o(i.osMessagePut)
    osSemaphoreCreate                        0x080063f5   Thumb Code    38  cmsis_os.o(i.osSemaphoreCreate)
    osThreadCreate                           0x0800641b   Thumb Code    46  cmsis_os.o(i.osThreadCreate)
    pvPortMalloc                             0x080068a9   Thumb Code   216  heap_4.o(i.pvPortMalloc)
    pxPortInitialiseStack                    0x08006985   Thumb Code    40  port.o(i.pxPortInitialiseStack)
    ulTaskNotifyTake                         0x080069b1   Thumb Code    96  tasks.o(i.ulTaskNotifyTake)
    uxListRemove                             0x08006a19   Thumb Code    38  list.o(i.uxListRemove)
    vListInitialise                          0x08006a3f   Thumb Code    22  list.o(i.vListInitialise)
    vListInitialiseItem                      0x08006a55   Thumb Code     6  list.o(i.vListInitialiseItem)
    vListInsert                              0x08006a5b   Thumb Code    48  list.o(i.vListInsert)
    vListInsertEnd                           0x08006a8b   Thumb Code    24  list.o(i.vListInsertEnd)
    vPortEnterCritical                       0x08006aa5   Thumb Code    54  port.o(i.vPortEnterCritical)
    vPortExitCritical                        0x08006ae5   Thumb Code    34  port.o(i.vPortExitCritical)
    vPortFree                                0x08006b0d   Thumb Code    94  heap_4.o(i.vPortFree)
    vPortSetupTimerInterrupt                 0x08006b71   Thumb Code    32  port.o(i.vPortSetupTimerInterrupt)
    vPortValidateInterruptPriority           0x08006b95   Thumb Code    74  port.o(i.vPortValidateInterruptPriority)
    vTaskDelay                               0x08006be9   Thumb Code    66  tasks.o(i.vTaskDelay)
    vTaskInternalSetTimeOutState             0x08006c35   Thumb Code    12  tasks.o(i.vTaskInternalSetTimeOutState)
    vTaskMissedYield                         0x08006c45   Thumb Code     8  tasks.o(i.vTaskMissedYield)
    vTaskPlaceOnEventList                    0x08006c51   Thumb Code    44  tasks.o(i.vTaskPlaceOnEventList)
    vTaskStartScheduler                      0x08006c81   Thumb Code    86  tasks.o(i.vTaskStartScheduler)
    vTaskSuspendAll                          0x08006ce9   Thumb Code    10  tasks.o(i.vTaskSuspendAll)
    vTaskSwitchContext                       0x08006cf9   Thumb Code    82  tasks.o(i.vTaskSwitchContext)
    xPortStartScheduler                      0x08006d55   Thumb Code   222  port.o(i.xPortStartScheduler)
    xQueueGenericCreate                      0x08006e49   Thumb Code    66  queue.o(i.xQueueGenericCreate)
    xQueueGenericReset                       0x08006e8d   Thumb Code   132  queue.o(i.xQueueGenericReset)
    xQueueGenericSend                        0x08006f15   Thumb Code   346  queue.o(i.xQueueGenericSend)
    xQueueGenericSendFromISR                 0x08007075   Thumb Code   190  queue.o(i.xQueueGenericSendFromISR)
    xQueueReceive                            0x08007135   Thumb Code   308  queue.o(i.xQueueReceive)
    xQueueReceiveFromISR                     0x0800726d   Thumb Code   154  queue.o(i.xQueueReceiveFromISR)
    xTaskCheckForTimeOut                     0x08007309   Thumb Code   112  tasks.o(i.xTaskCheckForTimeOut)
    xTaskCreate                              0x0800737d   Thumb Code    86  tasks.o(i.xTaskCreate)
    xTaskGenericNotify                       0x080073d5   Thumb Code   212  tasks.o(i.xTaskGenericNotify)
    xTaskGetSchedulerState                   0x080074b5   Thumb Code    22  tasks.o(i.xTaskGetSchedulerState)
    xTaskGetTickCount                        0x080074d1   Thumb Code     6  tasks.o(i.xTaskGetTickCount)
    xTaskIncrementTick                       0x080074dd   Thumb Code   194  tasks.o(i.xTaskIncrementTick)
    xTaskPriorityDisinherit                  0x080075a9   Thumb Code   144  tasks.o(i.xTaskPriorityDisinherit)
    xTaskRemoveFromEventList                 0x08007641   Thumb Code   108  tasks.o(i.xTaskRemoveFromEventList)
    xTaskResumeAll                           0x080076b5   Thumb Code   182  tasks.o(i.xTaskResumeAll)
    _fp_init                                 0x08007779   Thumb Code    10  fpinit.o(x$fpl$fpinit)
    __fplib_config_fpu_vfp                   0x08007781   Thumb Code     0  fpinit.o(x$fpl$fpinit)
    __fplib_config_pureend_doubles           0x08007781   Thumb Code     0  fpinit.o(x$fpl$fpinit)
    AHBPrescTable                            0x0800783e   Data          16  system_stm32g4xx.o(.constdata)
    APBPrescTable                            0x0800784e   Data           8  system_stm32g4xx.o(.constdata)
    Region$$Table$$Base                      0x0800787c   Number         0  anon$$obj.o(Region$$Table)
    Region$$Table$$Limit                     0x0800789c   Number         0  anon$$obj.o(Region$$Table)
    res_send_p                               0x20000004   Data           4  app_freertos.o(.data)
    res_store_p                              0x20000008   Data           4  app_freertos.o(.data)
    defaultTaskHandle                        0x2000000c   Data           4  app_freertos.o(.data)
    notifyTaskHandle                         0x20000010   Data           4  app_freertos.o(.data)
    dataTaskHandle                           0x20000014   Data           4  app_freertos.o(.data)
    Line1QueueHandle                         0x20000018   Data           4  app_freertos.o(.data)
    Line2QueueHandle                         0x2000001c   Data           4  app_freertos.o(.data)
    Line3QueueHandle                         0x20000020   Data           4  app_freertos.o(.data)
    Line4QueueHandle                         0x20000024   Data           4  app_freertos.o(.data)
    Line5QueueHandle                         0x20000028   Data           4  app_freertos.o(.data)
    Line6QueueHandle                         0x2000002c   Data           4  app_freertos.o(.data)
    Line7QueueHandle                         0x20000030   Data           4  app_freertos.o(.data)
    Line8QueueHandle                         0x20000034   Data           4  app_freertos.o(.data)
    Line9QueueHandle                         0x20000038   Data           4  app_freertos.o(.data)
    Line10QueueHandle                        0x2000003c   Data           4  app_freertos.o(.data)
    usbBinarySemHandle                       0x20000040   Data           4  app_freertos.o(.data)
    TIM3_base_it_cnt                         0x20000044   Data           4  app_freertos.o(.data)
    TIM4_base_it_cnt                         0x20000048   Data           4  app_freertos.o(.data)
    TIM2_base_it_cnt                         0x2000004c   Data           4  app_freertos.o(.data)
    time_cnt                                 0x20000050   Data           4  app_freertos.o(.data)
    CDC_Desc                                 0x20000054   Data          32  usbd_desc.o(.data)
    USBD_LangIDDesc                          0x20000074   Data           4  usbd_desc.o(.data)
    USBD_CDC_DeviceDesc                      0x20000078   Data          18  usbd_desc.o(.data)
    USBD_StringSerial                        0x2000008c   Data          26  usbd_desc.o(.data)
    USBD_Interface_fops_FS                   0x200000a8   Data          20  usbd_cdc_if.o(.data)
    uwTickPrio                               0x200000bc   Data           4  stm32g4xx_hal.o(.data)
    uwTickFreq                               0x200000c0   Data           4  stm32g4xx_hal.o(.data)
    uwTick                                   0x200000c4   Data           4  stm32g4xx_hal.o(.data)
    SystemCoreClock                          0x200000c8   Data           4  system_stm32g4xx.o(.data)
    pxCurrentTCB                             0x200000cc   Data           4  tasks.o(.data)
    USBD_CDC                                 0x20000210   Data          56  usbd_cdc.o(.data)
    res_flags                                0x20000248   Data          10  app_freertos.o(.bss)
    Timer3_ch1_Cap                           0x20000254   Data          20  app_freertos.o(.bss)
    Timer3_ch2_Cap                           0x20000268   Data          20  app_freertos.o(.bss)
    Timer3_ch3_Cap                           0x2000027c   Data          20  app_freertos.o(.bss)
    Timer3_ch4_Cap                           0x20000290   Data          20  app_freertos.o(.bss)
    Timer4_ch1_Cap                           0x200002a4   Data          20  app_freertos.o(.bss)
    Timer4_ch2_Cap                           0x200002b8   Data          20  app_freertos.o(.bss)
    Timer4_ch4_Cap                           0x200002cc   Data          20  app_freertos.o(.bss)
    Timer2_ch2_Cap                           0x200002e0   Data          20  app_freertos.o(.bss)
    Timer2_ch3_Cap                           0x200002f4   Data          20  app_freertos.o(.bss)
    Timer2_ch4_Cap                           0x20000308   Data          20  app_freertos.o(.bss)
    test_data                                0x2000031c   Data        2008  app_freertos.o(.bss)
    res_data_1                               0x20000af4   Data        2008  app_freertos.o(.bss)
    res_data_2                               0x200012cc   Data        2008  app_freertos.o(.bss)
    hspi1                                    0x20001aa4   Data         100  spi.o(.bss)
    htim15                                   0x20001b08   Data          76  tim.o(.bss)
    htim17                                   0x20001b54   Data          76  tim.o(.bss)
    htim6                                    0x20001ba0   Data          76  stm32g4xx_hal_timebase_tim.o(.bss)
    hpcd_USB_FS                              0x20001e0c   Data         732  usbd_conf.o(.bss)
    hUsbDeviceFS                             0x200020e8   Data         720  usb_device.o(.bss)
    USBD_StrDesc                             0x200023b8   Data         512  usbd_desc.o(.bss)
    UserRxBufferFS                           0x200025b8   Data        1024  usbd_cdc_if.o(.bss)
    UserTxBufferFS                           0x200029b8   Data        1024  usbd_cdc_if.o(.bss)
    __libspace_start                         0x200056a8   Data          96  libspace.o(.bss)
    __temporary_stack_top$libspace           0x20005708   Data           0  libspace.o(.bss)



==============================================================================

Memory Map of the image

  Image Entry point : 0x080001d9

  Load Region LR_IROM1 (Base: 0x08000000, Size: 0x00007ae4, Max: 0x00020000, ABSOLUTE, COMPRESSED[0x00007974])

    Execution Region ER_IROM1 (Exec base: 0x08000000, Load base: 0x08000000, Size: 0x0000789c, Max: 0x00020000, ABSOLUTE)

    Exec Addr    Load Addr    Size         Type   Attr      Idx    E Section Name        Object

    0x08000000   0x08000000   0x000001d8   Data   RO            3    RESET               startup_stm32g431xx.o
    0x080001d8   0x080001d8   0x00000008   Code   RO         6685  * !!!main             c_w.l(__main.o)
    0x080001e0   0x080001e0   0x00000034   Code   RO         6848    !!!scatter          c_w.l(__scatter.o)
    0x08000214   0x08000214   0x0000005a   Code   RO         6846    !!dczerorl2         c_w.l(__dczerorl2.o)
    0x0800026e   0x0800026e   0x00000002   PAD
    0x08000270   0x08000270   0x0000001c   Code   RO         6850    !!handler_zi        c_w.l(__scatter_zi.o)
    0x0800028c   0x0800028c   0x00000002   Code   RO         6714    .ARM.Collect$$libinit$$00000000  c_w.l(libinit.o)
    0x0800028e   0x0800028e   0x00000004   Code   RO         6720    .ARM.Collect$$libinit$$00000001  c_w.l(libinit2.o)
    0x08000292   0x08000292   0x00000000   Code   RO         6723    .ARM.Collect$$libinit$$00000004  c_w.l(libinit2.o)
    0x08000292   0x08000292   0x00000000   Code   RO         6726    .ARM.Collect$$libinit$$0000000A  c_w.l(libinit2.o)
    0x08000292   0x08000292   0x00000000   Code   RO         6728    .ARM.Collect$$libinit$$0000000C  c_w.l(libinit2.o)
    0x08000292   0x08000292   0x00000000   Code   RO         6730    .ARM.Collect$$libinit$$0000000E  c_w.l(libinit2.o)
    0x08000292   0x08000292   0x00000000   Code   RO         6733    .ARM.Collect$$libinit$$00000011  c_w.l(libinit2.o)
    0x08000292   0x08000292   0x00000000   Code   RO         6735    .ARM.Collect$$libinit$$00000013  c_w.l(libinit2.o)
    0x08000292   0x08000292   0x00000000   Code   RO         6737    .ARM.Collect$$libinit$$00000015  c_w.l(libinit2.o)
    0x08000292   0x08000292   0x00000000   Code   RO         6739    .ARM.Collect$$libinit$$00000017  c_w.l(libinit2.o)
    0x08000292   0x08000292   0x00000000   Code   RO         6741    .ARM.Collect$$libinit$$00000019  c_w.l(libinit2.o)
    0x08000292   0x08000292   0x00000000   Code   RO         6743    .ARM.Collect$$libinit$$0000001B  c_w.l(libinit2.o)
    0x08000292   0x08000292   0x00000000   Code   RO         6745    .ARM.Collect$$libinit$$0000001D  c_w.l(libinit2.o)
    0x08000292   0x08000292   0x00000000   Code   RO         6747    .ARM.Collect$$libinit$$0000001F  c_w.l(libinit2.o)
    0x08000292   0x08000292   0x00000000   Code   RO         6749    .ARM.Collect$$libinit$$00000021  c_w.l(libinit2.o)
    0x08000292   0x08000292   0x00000000   Code   RO         6751    .ARM.Collect$$libinit$$00000023  c_w.l(libinit2.o)
    0x08000292   0x08000292   0x00000000   Code   RO         6753    .ARM.Collect$$libinit$$00000025  c_w.l(libinit2.o)
    0x08000292   0x08000292   0x00000000   Code   RO         6757    .ARM.Collect$$libinit$$0000002C  c_w.l(libinit2.o)
    0x08000292   0x08000292   0x00000000   Code   RO         6759    .ARM.Collect$$libinit$$0000002E  c_w.l(libinit2.o)
    0x08000292   0x08000292   0x00000000   Code   RO         6761    .ARM.Collect$$libinit$$00000030  c_w.l(libinit2.o)
    0x08000292   0x08000292   0x00000000   Code   RO         6763    .ARM.Collect$$libinit$$00000032  c_w.l(libinit2.o)
    0x08000292   0x08000292   0x00000002   Code   RO         6764    .ARM.Collect$$libinit$$00000033  c_w.l(libinit2.o)
    0x08000294   0x08000294   0x00000002   Code   RO         6784    .ARM.Collect$$libshutdown$$00000000  c_w.l(libshutdown.o)
    0x08000296   0x08000296   0x00000000   Code   RO         6797    .ARM.Collect$$libshutdown$$00000002  c_w.l(libshutdown2.o)
    0x08000296   0x08000296   0x00000000   Code   RO         6799    .ARM.Collect$$libshutdown$$00000004  c_w.l(libshutdown2.o)
    0x08000296   0x08000296   0x00000000   Code   RO         6801    .ARM.Collect$$libshutdown$$00000006  c_w.l(libshutdown2.o)
    0x08000296   0x08000296   0x00000000   Code   RO         6804    .ARM.Collect$$libshutdown$$00000009  c_w.l(libshutdown2.o)
    0x08000296   0x08000296   0x00000000   Code   RO         6807    .ARM.Collect$$libshutdown$$0000000C  c_w.l(libshutdown2.o)
    0x08000296   0x08000296   0x00000000   Code   RO         6809    .ARM.Collect$$libshutdown$$0000000E  c_w.l(libshutdown2.o)
    0x08000296   0x08000296   0x00000000   Code   RO         6812    .ARM.Collect$$libshutdown$$00000011  c_w.l(libshutdown2.o)
    0x08000296   0x08000296   0x00000002   Code   RO         6813    .ARM.Collect$$libshutdown$$00000012  c_w.l(libshutdown2.o)
    0x08000298   0x08000298   0x00000000   Code   RO         6687    .ARM.Collect$$rtentry$$00000000  c_w.l(__rtentry.o)
    0x08000298   0x08000298   0x00000000   Code   RO         6691    .ARM.Collect$$rtentry$$00000002  c_w.l(__rtentry2.o)
    0x08000298   0x08000298   0x00000006   Code   RO         6703    .ARM.Collect$$rtentry$$00000004  c_w.l(__rtentry4.o)
    0x0800029e   0x0800029e   0x00000000   Code   RO         6693    .ARM.Collect$$rtentry$$00000009  c_w.l(__rtentry2.o)
    0x0800029e   0x0800029e   0x00000004   Code   RO         6694    .ARM.Collect$$rtentry$$0000000A  c_w.l(__rtentry2.o)
    0x080002a2   0x080002a2   0x00000000   Code   RO         6696    .ARM.Collect$$rtentry$$0000000C  c_w.l(__rtentry2.o)
    0x080002a2   0x080002a2   0x00000008   Code   RO         6697    .ARM.Collect$$rtentry$$0000000D  c_w.l(__rtentry2.o)
    0x080002aa   0x080002aa   0x00000002   Code   RO         6718    .ARM.Collect$$rtexit$$00000000  c_w.l(rtexit.o)
    0x080002ac   0x080002ac   0x00000000   Code   RO         6766    .ARM.Collect$$rtexit$$00000002  c_w.l(rtexit2.o)
    0x080002ac   0x080002ac   0x00000004   Code   RO         6767    .ARM.Collect$$rtexit$$00000003  c_w.l(rtexit2.o)
    0x080002b0   0x080002b0   0x00000006   Code   RO         6768    .ARM.Collect$$rtexit$$00000004  c_w.l(rtexit2.o)
    0x080002b6   0x080002b6   0x00000002   PAD
    0x080002b8   0x080002b8   0x000000be   Code   RO         6217    .emb_text           port.o
    0x08000376   0x08000376   0x00000002   PAD
    0x08000378   0x08000378   0x00000040   Code   RO            4    .text               startup_stm32g431xx.o
    0x080003b8   0x080003b8   0x0000008a   Code   RO         6673    .text               c_w.l(rt_memcpy_v6.o)
    0x08000442   0x08000442   0x00000064   Code   RO         6675    .text               c_w.l(rt_memcpy_w.o)
    0x080004a6   0x080004a6   0x00000010   Code   RO         6679    .text               c_w.l(aeabi_memset.o)
    0x080004b6   0x080004b6   0x0000004e   Code   RO         6681    .text               c_w.l(rt_memclr_w.o)
    0x08000504   0x08000504   0x00000006   Code   RO         6683    .text               c_w.l(heapauxi.o)
    0x0800050a   0x0800050a   0x00000044   Code   RO         6688    .text               c_w.l(rt_memclr.o)
    0x0800054e   0x0800054e   0x0000004a   Code   RO         6705    .text               c_w.l(sys_stackheap_outer.o)
    0x08000598   0x08000598   0x00000012   Code   RO         6707    .text               c_w.l(exit.o)
    0x080005aa   0x080005aa   0x00000002   PAD
    0x080005ac   0x080005ac   0x00000008   Code   RO         6715    .text               c_w.l(libspace.o)
    0x080005b4   0x080005b4   0x0000000c   Code   RO         6776    .text               c_w.l(sys_exit.o)
    0x080005c0   0x080005c0   0x00000002   Code   RO         6787    .text               c_w.l(use_no_semi.o)
    0x080005c2   0x080005c2   0x00000000   Code   RO         6789    .text               c_w.l(indicate_semi.o)
    0x080005c2   0x080005c2   0x00000002   PAD
    0x080005c4   0x080005c4   0x00000078   Code   RO          353    i.AD5206_SetResistance  app_freertos.o
    0x0800063c   0x0800063c   0x00000002   Code   RO          662    i.BusFault_Handler  stm32g4xx_it.o
    0x0800063e   0x0800063e   0x00000004   Code   RO         1124    i.CDC_Control_FS    usbd_cdc_if.o
    0x08000642   0x08000642   0x00000004   Code   RO         1125    i.CDC_DeInit_FS     usbd_cdc_if.o
    0x08000646   0x08000646   0x00000002   PAD
    0x08000648   0x08000648   0x00000024   Code   RO         1126    i.CDC_Init_FS       usbd_cdc_if.o
    0x0800066c   0x0800066c   0x00000018   Code   RO         1127    i.CDC_Receive_FS    usbd_cdc_if.o
    0x08000684   0x08000684   0x00000004   Code   RO         1128    i.CDC_TransmitCplt_FS  usbd_cdc_if.o
    0x08000688   0x08000688   0x0000002c   Code   RO         1129    i.CDC_Transmit_FS   usbd_cdc_if.o
    0x080006b4   0x080006b4   0x000000fc   Code   RO          354    i.DataTask          app_freertos.o
    0x080007b0   0x080007b0   0x00000002   Code   RO          663    i.DebugMon_Handler  stm32g4xx_it.o
    0x080007b2   0x080007b2   0x00000004   Code   RO           13    i.Error_Handler     main.o
    0x080007b6   0x080007b6   0x00000002   PAD
    0x080007b8   0x080007b8   0x00000248   Code   RO         2526    i.HAL_GPIO_Init     stm32g4xx_hal_gpio.o
    0x08000a00   0x08000a00   0x0000000a   Code   RO         2530    i.HAL_GPIO_WritePin  stm32g4xx_hal_gpio.o
    0x08000a0a   0x08000a0a   0x00000002   PAD
    0x08000a0c   0x08000a0c   0x0000000c   Code   RO         1821    i.HAL_GetTick       stm32g4xx_hal.o
    0x08000a18   0x08000a18   0x00000010   Code   RO         1827    i.HAL_IncTick       stm32g4xx_hal.o
    0x08000a28   0x08000a28   0x0000001e   Code   RO         1828    i.HAL_Init          stm32g4xx_hal.o
    0x08000a46   0x08000a46   0x00000002   PAD
    0x08000a48   0x08000a48   0x00000088   Code   RO          756    i.HAL_InitTick      stm32g4xx_hal_timebase_tim.o
    0x08000ad0   0x08000ad0   0x0000003c   Code   RO          732    i.HAL_MspInit       stm32g4xx_hal_msp.o
    0x08000b0c   0x08000b0c   0x0000001a   Code   RO         3173    i.HAL_NVIC_EnableIRQ  stm32g4xx_hal_cortex.o
    0x08000b26   0x08000b26   0x00000002   PAD
    0x08000b28   0x08000b28   0x00000040   Code   RO         3179    i.HAL_NVIC_SetPriority  stm32g4xx_hal_cortex.o
    0x08000b68   0x08000b68   0x00000024   Code   RO         3180    i.HAL_NVIC_SetPriorityGrouping  stm32g4xx_hal_cortex.o
    0x08000b8c   0x08000b8c   0x00000024   Code   RO         1595    i.HAL_PCDEx_ActivateLPM  stm32g4xx_hal_pcd_ex.o
    0x08000bb0   0x08000bb0   0x00000044   Code   RO          795    i.HAL_PCDEx_LPM_Callback  usbd_conf.o
    0x08000bf4   0x08000bf4   0x0000003c   Code   RO         1601    i.HAL_PCDEx_PMAConfig  stm32g4xx_hal_pcd_ex.o
    0x08000c30   0x08000c30   0x00000012   Code   RO          797    i.HAL_PCD_DataInStageCallback  usbd_conf.o
    0x08000c42   0x08000c42   0x00000014   Code   RO          798    i.HAL_PCD_DataOutStageCallback  usbd_conf.o
    0x08000c56   0x08000c56   0x0000004a   Code   RO         1373    i.HAL_PCD_EP_Close  stm32g4xx_hal_pcd.o
    0x08000ca0   0x08000ca0   0x0000005a   Code   RO         1374    i.HAL_PCD_EP_ClrStall  stm32g4xx_hal_pcd.o
    0x08000cfa   0x08000cfa   0x000000dc   Code   RO         1375    i.HAL_PCD_EP_DB_Receive  stm32g4xx_hal_pcd.o
    0x08000dd6   0x08000dd6   0x00000340   Code   RO         1376    i.HAL_PCD_EP_DB_Transmit  stm32g4xx_hal_pcd.o
    0x08001116   0x08001116   0x00000012   Code   RO         1378    i.HAL_PCD_EP_GetRxCount  stm32g4xx_hal_pcd.o
    0x08001128   0x08001128   0x00000058   Code   RO         1379    i.HAL_PCD_EP_Open   stm32g4xx_hal_pcd.o
    0x08001180   0x08001180   0x0000002e   Code   RO         1380    i.HAL_PCD_EP_Receive  stm32g4xx_hal_pcd.o
    0x080011ae   0x080011ae   0x0000005e   Code   RO         1381    i.HAL_PCD_EP_SetStall  stm32g4xx_hal_pcd.o
    0x0800120c   0x0800120c   0x0000002e   Code   RO         1382    i.HAL_PCD_EP_Transmit  stm32g4xx_hal_pcd.o
    0x0800123a   0x0800123a   0x0000014a   Code   RO         1384    i.HAL_PCD_IRQHandler  stm32g4xx_hal_pcd.o
    0x08001384   0x08001384   0x0000009c   Code   RO         1387    i.HAL_PCD_Init      stm32g4xx_hal_pcd.o
    0x08001420   0x08001420   0x00000058   Code   RO          803    i.HAL_PCD_MspInit   usbd_conf.o
    0x08001478   0x08001478   0x00000026   Code   RO          804    i.HAL_PCD_ResetCallback  usbd_conf.o
    0x0800149e   0x0800149e   0x00000002   PAD
    0x080014a0   0x080014a0   0x00000028   Code   RO          805    i.HAL_PCD_ResumeCallback  usbd_conf.o
    0x080014c8   0x080014c8   0x00000008   Code   RO          806    i.HAL_PCD_SOFCallback  usbd_conf.o
    0x080014d0   0x080014d0   0x00000026   Code   RO         1393    i.HAL_PCD_SetAddress  stm32g4xx_hal_pcd.o
    0x080014f6   0x080014f6   0x0000000e   Code   RO          807    i.HAL_PCD_SetupStageCallback  usbd_conf.o
    0x08001504   0x08001504   0x0000002a   Code   RO         1395    i.HAL_PCD_Start     stm32g4xx_hal_pcd.o
    0x0800152e   0x0800152e   0x00000002   PAD
    0x08001530   0x08001530   0x00000024   Code   RO          808    i.HAL_PCD_SuspendCallback  usbd_conf.o
    0x08001554   0x08001554   0x000000bc   Code   RO         2929    i.HAL_PWREx_ControlVoltageScaling  stm32g4xx_hal_pwr_ex.o
    0x08001610   0x08001610   0x00000010   Code   RO         2941    i.HAL_PWREx_DisableUCPDDeadBattery  stm32g4xx_hal_pwr_ex.o
    0x08001620   0x08001620   0x00000288   Code   RO         2188    i.HAL_RCCEx_PeriphCLKConfig  stm32g4xx_hal_rcc_ex.o
    0x080018a8   0x080018a8   0x000001dc   Code   RO         2063    i.HAL_RCC_ClockConfig  stm32g4xx_hal_rcc.o
    0x08001a84   0x08001a84   0x00000040   Code   RO         2068    i.HAL_RCC_GetClockConfig  stm32g4xx_hal_rcc.o
    0x08001ac4   0x08001ac4   0x00000024   Code   RO         2071    i.HAL_RCC_GetPCLK1Freq  stm32g4xx_hal_rcc.o
    0x08001ae8   0x08001ae8   0x0000006c   Code   RO         2073    i.HAL_RCC_GetSysClockFreq  stm32g4xx_hal_rcc.o
    0x08001b54   0x08001b54   0x00000404   Code   RO         2076    i.HAL_RCC_OscConfig  stm32g4xx_hal_rcc.o
    0x08001f58   0x08001f58   0x000000ea   Code   RO         3314    i.HAL_SPI_Init      stm32g4xx_hal_spi.o
    0x08002042   0x08002042   0x00000002   PAD
    0x08002044   0x08002044   0x00000088   Code   RO          487    i.HAL_SPI_MspInit   spi.o
    0x080020cc   0x080020cc   0x00000192   Code   RO         3322    i.HAL_SPI_Transmit  stm32g4xx_hal_spi.o
    0x0800225e   0x0800225e   0x00000002   Code   RO         4370    i.HAL_TIMEx_Break2Callback  stm32g4xx_hal_tim_ex.o
    0x08002260   0x08002260   0x00000002   Code   RO         4371    i.HAL_TIMEx_BreakCallback  stm32g4xx_hal_tim_ex.o
    0x08002262   0x08002262   0x00000002   Code   RO         4372    i.HAL_TIMEx_CommutCallback  stm32g4xx_hal_tim_ex.o
    0x08002264   0x08002264   0x0000009c   Code   RO         4375    i.HAL_TIMEx_ConfigBreakDeadTime  stm32g4xx_hal_tim_ex.o
    0x08002300   0x08002300   0x00000002   Code   RO         4383    i.HAL_TIMEx_DirectionChangeCallback  stm32g4xx_hal_tim_ex.o
    0x08002302   0x08002302   0x00000002   Code   RO         4397    i.HAL_TIMEx_EncoderIndexCallback  stm32g4xx_hal_tim_ex.o
    0x08002304   0x08002304   0x00000002   Code   RO         4411    i.HAL_TIMEx_IndexErrorCallback  stm32g4xx_hal_tim_ex.o
    0x08002306   0x08002306   0x00000002   PAD
    0x08002308   0x08002308   0x0000009c   Code   RO         4412    i.HAL_TIMEx_MasterConfigSynchronization  stm32g4xx_hal_tim_ex.o
    0x080023a4   0x080023a4   0x00000002   Code   RO         4433    i.HAL_TIMEx_TransitionErrorCallback  stm32g4xx_hal_tim_ex.o
    0x080023a6   0x080023a6   0x00000062   Code   RO         3656    i.HAL_TIM_Base_Init  stm32g4xx_hal_tim.o
    0x08002408   0x08002408   0x00000028   Code   RO          530    i.HAL_TIM_Base_MspInit  tim.o
    0x08002430   0x08002430   0x00000078   Code   RO         3661    i.HAL_TIM_Base_Start_IT  stm32g4xx_hal_tim.o
    0x080024a8   0x080024a8   0x00000002   Code   RO         3690    i.HAL_TIM_IC_CaptureCallback  stm32g4xx_hal_tim.o
    0x080024aa   0x080024aa   0x000001a2   Code   RO         3704    i.HAL_TIM_IRQHandler  stm32g4xx_hal_tim.o
    0x0800264c   0x0800264c   0x00000094   Code   RO          531    i.HAL_TIM_MspPostInit  tim.o
    0x080026e0   0x080026e0   0x00000002   Code   RO         3707    i.HAL_TIM_OC_DelayElapsedCallback  stm32g4xx_hal_tim.o
    0x080026e2   0x080026e2   0x00000056   Code   RO         3721    i.HAL_TIM_OnePulse_Init  stm32g4xx_hal_tim.o
    0x08002738   0x08002738   0x00000002   Code   RO         3723    i.HAL_TIM_OnePulse_MspInit  stm32g4xx_hal_tim.o
    0x0800273a   0x0800273a   0x00000124   Code   RO         3728    i.HAL_TIM_PWM_ConfigChannel  stm32g4xx_hal_tim.o
    0x0800285e   0x0800285e   0x00000062   Code   RO         3731    i.HAL_TIM_PWM_Init  stm32g4xx_hal_tim.o
    0x080028c0   0x080028c0   0x00000028   Code   RO          533    i.HAL_TIM_PWM_MspInit  tim.o
    0x080028e8   0x080028e8   0x00000002   Code   RO         3734    i.HAL_TIM_PWM_PulseFinishedCallback  stm32g4xx_hal_tim.o
    0x080028ea   0x080028ea   0x00000002   PAD
    0x080028ec   0x080028ec   0x000000fc   Code   RO         3736    i.HAL_TIM_PWM_Start  stm32g4xx_hal_tim.o
    0x080029e8   0x080029e8   0x00000014   Code   RO           14    i.HAL_TIM_PeriodElapsedCallback  main.o
    0x080029fc   0x080029fc   0x00000002   Code   RO         3747    i.HAL_TIM_TriggerCallback  stm32g4xx_hal_tim.o
    0x080029fe   0x080029fe   0x00000002   Code   RO          664    i.HardFault_Handler  stm32g4xx_it.o
    0x08002a00   0x08002a00   0x00000038   Code   RO         1038    i.IntToUnicode      usbd_desc.o
    0x08002a38   0x08002a38   0x00000018   Code   RO          311    i.LL_AHB2_GRP1_EnableClock  gpio.o
    0x08002a50   0x08002a50   0x00000018   Code   RO          534    i.LL_AHB2_GRP1_EnableClock  tim.o
    0x08002a68   0x08002a68   0x00000018   Code   RO          535    i.LL_APB1_GRP1_EnableClock  tim.o
    0x08002a80   0x08002a80   0x00000136   Code   RO         1314    i.LL_GPIO_Init      stm32g4xx_ll_gpio.o
    0x08002bb6   0x08002bb6   0x00000002   PAD
    0x08002bb8   0x08002bb8   0x0000007c   Code   RO          536    i.LL_TIM_IC_SetActiveInput  tim.o
    0x08002c34   0x08002c34   0x0000007c   Code   RO          537    i.LL_TIM_IC_SetFilter  tim.o
    0x08002cb0   0x08002cb0   0x00000070   Code   RO          355    i.LL_TIM_IC_SetPolarity  app_freertos.o
    0x08002d20   0x08002d20   0x00000070   Code   RO          538    i.LL_TIM_IC_SetPolarity  tim.o
    0x08002d90   0x08002d90   0x0000007c   Code   RO          539    i.LL_TIM_IC_SetPrescaler  tim.o
    0x08002e0c   0x08002e0c   0x000000ac   Code   RO         4812    i.LL_TIM_Init       stm32g4xx_ll_tim.o
    0x08002eb8   0x08002eb8   0x00000010   Code   RO          540    i.LL_TIM_SetTriggerOutput  tim.o
    0x08002ec8   0x08002ec8   0x00000118   Code   RO          356    i.MX_FREERTOS_Init  app_freertos.o
    0x08002fe0   0x08002fe0   0x000001a8   Code   RO          312    i.MX_GPIO_Init      gpio.o
    0x08003188   0x08003188   0x0000006e   Code   RO           15    i.MX_NVIC_Init      main.o
    0x080031f6   0x080031f6   0x00000002   PAD
    0x080031f8   0x080031f8   0x00000050   Code   RO          488    i.MX_SPI1_Init      spi.o
    0x08003248   0x08003248   0x000000b8   Code   RO          541    i.MX_TIM15_Init     tim.o
    0x08003300   0x08003300   0x000000b0   Code   RO          542    i.MX_TIM17_Init     tim.o
    0x080033b0   0x080033b0   0x0000011e   Code   RO          543    i.MX_TIM2_Init      tim.o
    0x080034ce   0x080034ce   0x00000002   PAD
    0x080034d0   0x080034d0   0x00000170   Code   RO          544    i.MX_TIM3_Init      tim.o
    0x08003640   0x08003640   0x00000128   Code   RO          545    i.MX_TIM4_Init      tim.o
    0x08003768   0x08003768   0x0000004c   Code   RO          546    i.MX_TIM7_Init      tim.o
    0x080037b4   0x080037b4   0x00000054   Code   RO         1007    i.MX_USB_Device_Init  usb_device.o
    0x08003808   0x08003808   0x00000002   Code   RO          665    i.MemManage_Handler  stm32g4xx_it.o
    0x0800380a   0x0800380a   0x00000002   Code   RO          666    i.NMI_Handler       stm32g4xx_it.o
    0x0800380c   0x0800380c   0x00000032   Code   RO           16    i.NVIC_EncodePriority  main.o
    0x0800383e   0x0800383e   0x00000002   PAD
    0x08003840   0x08003840   0x000000dc   Code   RO          357    i.NotifyTask        app_freertos.o
    0x0800391c   0x0800391c   0x00000396   Code   RO         1398    i.PCD_EP_ISR_Handler  stm32g4xx_hal_pcd.o
    0x08003cb2   0x08003cb2   0x00000048   Code   RO         3352    i.SPI_EndRxTxTransaction  stm32g4xx_hal_spi.o
    0x08003cfa   0x08003cfa   0x00000002   PAD
    0x08003cfc   0x08003cfc   0x000000e0   Code   RO         3357    i.SPI_WaitFifoStateUntilTimeout  stm32g4xx_hal_spi.o
    0x08003ddc   0x08003ddc   0x000000b8   Code   RO         3358    i.SPI_WaitFlagStateUntilTimeout  stm32g4xx_hal_spi.o
    0x08003e94   0x08003e94   0x0000000a   Code   RO         6435    i.SWAPBYTE          usbd_ctlreq.o
    0x08003e9e   0x08003e9e   0x00000002   PAD
    0x08003ea0   0x08003ea0   0x00000090   Code   RO          358    i.Select_switcher   app_freertos.o
    0x08003f30   0x08003f30   0x000000ac   Code   RO          359    i.StartDefaultTask  app_freertos.o
    0x08003fdc   0x08003fdc   0x0000002c   Code   RO         6218    i.SysTick_Handler   port.o
    0x08004008   0x08004008   0x0000006a   Code   RO           17    i.SystemClock_Config  main.o
    0x08004072   0x08004072   0x00000002   PAD
    0x08004074   0x08004074   0x00000010   Code   RO         4991    i.SystemInit        system_stm32g4xx.o
    0x08004084   0x08004084   0x00000170   Code   RO          360    i.TIM2_IRQHandler   app_freertos.o
    0x080041f4   0x080041f4   0x000001d8   Code   RO          361    i.TIM3_IRQHandler   app_freertos.o
    0x080043cc   0x080043cc   0x00000170   Code   RO          362    i.TIM4_IRQHandler   app_freertos.o
    0x0800453c   0x0800453c   0x0000000c   Code   RO          667    i.TIM6_DAC_IRQHandler  stm32g4xx_it.o
    0x08004548   0x08004548   0x00000024   Code   RO          363    i.TIM7_IRQHandler   app_freertos.o
    0x0800456c   0x0800456c   0x000000bc   Code   RO         3749    i.TIM_Base_SetConfig  stm32g4xx_hal_tim.o
    0x08004628   0x08004628   0x0000001a   Code   RO         3750    i.TIM_CCxChannelCmd  stm32g4xx_hal_tim.o
    0x08004642   0x08004642   0x00000002   PAD
    0x08004644   0x08004644   0x0000009c   Code   RO         3762    i.TIM_OC1_SetConfig  stm32g4xx_hal_tim.o
    0x080046e0   0x080046e0   0x00000090   Code   RO         3763    i.TIM_OC2_SetConfig  stm32g4xx_hal_tim.o
    0x08004770   0x08004770   0x00000090   Code   RO         3764    i.TIM_OC3_SetConfig  stm32g4xx_hal_tim.o
    0x08004800   0x08004800   0x00000090   Code   RO         3765    i.TIM_OC4_SetConfig  stm32g4xx_hal_tim.o
    0x08004890   0x08004890   0x00000070   Code   RO         3766    i.TIM_OC5_SetConfig  stm32g4xx_hal_tim.o
    0x08004900   0x08004900   0x00000070   Code   RO         3767    i.TIM_OC6_SetConfig  stm32g4xx_hal_tim.o
    0x08004970   0x08004970   0x00000020   Code   RO         1039    i.USBD_CDC_ConfigStrDescriptor  usbd_desc.o
    0x08004990   0x08004990   0x0000005e   Code   RO         6568    i.USBD_CDC_DataIn   usbd_cdc.o
    0x080049ee   0x080049ee   0x0000002a   Code   RO         6569    i.USBD_CDC_DataOut  usbd_cdc.o
    0x08004a18   0x08004a18   0x00000048   Code   RO         6570    i.USBD_CDC_DeInit   usbd_cdc.o
    0x08004a60   0x08004a60   0x0000000c   Code   RO         1040    i.USBD_CDC_DeviceDescriptor  usbd_desc.o
    0x08004a6c   0x08004a6c   0x0000002e   Code   RO         6571    i.USBD_CDC_EP0_RxReady  usbd_cdc.o
    0x08004a9a   0x08004a9a   0x00000002   PAD
    0x08004a9c   0x08004a9c   0x0000000c   Code   RO         6572    i.USBD_CDC_GetDeviceQualifierDescriptor  usbd_cdc.o
    0x08004aa8   0x08004aa8   0x0000000c   Code   RO         6573    i.USBD_CDC_GetFSCfgDesc  usbd_cdc.o
    0x08004ab4   0x08004ab4   0x0000000c   Code   RO         6574    i.USBD_CDC_GetHSCfgDesc  usbd_cdc.o
    0x08004ac0   0x08004ac0   0x0000000c   Code   RO         6575    i.USBD_CDC_GetOtherSpeedCfgDesc  usbd_cdc.o
    0x08004acc   0x08004acc   0x000000a2   Code   RO         6576    i.USBD_CDC_Init     usbd_cdc.o
    0x08004b6e   0x08004b6e   0x00000002   PAD
    0x08004b70   0x08004b70   0x00000024   Code   RO         1041    i.USBD_CDC_InterfaceStrDescriptor  usbd_desc.o
    0x08004b94   0x08004b94   0x0000000c   Code   RO         1042    i.USBD_CDC_LangIDStrDescriptor  usbd_desc.o
    0x08004ba0   0x08004ba0   0x00000028   Code   RO         1043    i.USBD_CDC_ManufacturerStrDescriptor  usbd_desc.o
    0x08004bc8   0x08004bc8   0x0000002c   Code   RO         1044    i.USBD_CDC_ProductStrDescriptor  usbd_desc.o
    0x08004bf4   0x08004bf4   0x00000028   Code   RO         6577    i.USBD_CDC_ReceivePacket  usbd_cdc.o
    0x08004c1c   0x08004c1c   0x0000000e   Code   RO         6578    i.USBD_CDC_RegisterInterface  usbd_cdc.o
    0x08004c2a   0x08004c2a   0x00000002   PAD
    0x08004c2c   0x08004c2c   0x00000038   Code   RO         1045    i.USBD_CDC_SerialStrDescriptor  usbd_desc.o
    0x08004c64   0x08004c64   0x00000012   Code   RO         6579    i.USBD_CDC_SetRxBuffer  usbd_cdc.o
    0x08004c76   0x08004c76   0x00000016   Code   RO         6580    i.USBD_CDC_SetTxBuffer  usbd_cdc.o
    0x08004c8c   0x08004c8c   0x000000be   Code   RO         6581    i.USBD_CDC_Setup    usbd_cdc.o
    0x08004d4a   0x08004d4a   0x00000036   Code   RO         6582    i.USBD_CDC_TransmitPacket  usbd_cdc.o
    0x08004d80   0x08004d80   0x00000010   Code   RO         6297    i.USBD_ClrClassConfig  usbd_core.o
    0x08004d90   0x08004d90   0x00000010   Code   RO         6508    i.USBD_CtlContinueRx  usbd_ioreq.o
    0x08004da0   0x08004da0   0x00000010   Code   RO         6509    i.USBD_CtlContinueSendData  usbd_ioreq.o
    0x08004db0   0x08004db0   0x00000016   Code   RO         6436    i.USBD_CtlError     usbd_ctlreq.o
    0x08004dc6   0x08004dc6   0x0000001e   Code   RO         6510    i.USBD_CtlPrepareRx  usbd_ioreq.o
    0x08004de4   0x08004de4   0x00000016   Code   RO         6511    i.USBD_CtlReceiveStatus  usbd_ioreq.o
    0x08004dfa   0x08004dfa   0x0000001a   Code   RO         6512    i.USBD_CtlSendData  usbd_ioreq.o
    0x08004e14   0x08004e14   0x00000016   Code   RO         6513    i.USBD_CtlSendStatus  usbd_ioreq.o
    0x08004e2a   0x08004e2a   0x000000fa   Code   RO         6437    i.USBD_GetDescriptor  usbd_ctlreq.o
    0x08004f24   0x08004f24   0x00000048   Code   RO         6438    i.USBD_GetString    usbd_ctlreq.o
    0x08004f6c   0x08004f6c   0x00000018   Code   RO          809    i.USBD_Get_USB_Status  usbd_conf.o
    0x08004f84   0x08004f84   0x00000026   Code   RO         6299    i.USBD_Init         usbd_core.o
    0x08004faa   0x08004faa   0x00000012   Code   RO          810    i.USBD_LL_ClearStallEP  usbd_conf.o
    0x08004fbc   0x08004fbc   0x00000012   Code   RO          811    i.USBD_LL_CloseEP   usbd_conf.o
    0x08004fce   0x08004fce   0x000000a8   Code   RO         6300    i.USBD_LL_DataInStage  usbd_core.o
    0x08005076   0x08005076   0x0000006c   Code   RO         6301    i.USBD_LL_DataOutStage  usbd_core.o
    0x080050e2   0x080050e2   0x00000008   Code   RO          815    i.USBD_LL_GetRxDataSize  usbd_conf.o
    0x080050ea   0x080050ea   0x00000002   PAD
    0x080050ec   0x080050ec   0x00000084   Code   RO          816    i.USBD_LL_Init      usbd_conf.o
    0x08005170   0x08005170   0x0000001e   Code   RO          817    i.USBD_LL_IsStallEP  usbd_conf.o
    0x0800518e   0x0800518e   0x00000018   Code   RO          818    i.USBD_LL_OpenEP    usbd_conf.o
    0x080051a6   0x080051a6   0x00000012   Code   RO          819    i.USBD_LL_PrepareReceive  usbd_conf.o
    0x080051b8   0x080051b8   0x0000005a   Code   RO         6306    i.USBD_LL_Reset     usbd_core.o
    0x08005212   0x08005212   0x00000014   Code   RO         6307    i.USBD_LL_Resume    usbd_core.o
    0x08005226   0x08005226   0x00000020   Code   RO         6308    i.USBD_LL_SOF       usbd_core.o
    0x08005246   0x08005246   0x00000006   Code   RO         6309    i.USBD_LL_SetSpeed  usbd_core.o
    0x0800524c   0x0800524c   0x00000012   Code   RO          820    i.USBD_LL_SetUSBAddress  usbd_conf.o
    0x0800525e   0x0800525e   0x00000060   Code   RO         6310    i.USBD_LL_SetupStage  usbd_core.o
    0x080052be   0x080052be   0x00000012   Code   RO          821    i.USBD_LL_StallEP   usbd_conf.o
    0x080052d0   0x080052d0   0x00000012   Code   RO          822    i.USBD_LL_Start     usbd_conf.o
    0x080052e2   0x080052e2   0x00000012   Code   RO         6311    i.USBD_LL_Suspend   usbd_core.o
    0x080052f4   0x080052f4   0x00000012   Code   RO          824    i.USBD_LL_Transmit  usbd_conf.o
    0x08005306   0x08005306   0x0000002c   Code   RO         6439    i.USBD_ParseSetupRequest  usbd_ctlreq.o
    0x08005332   0x08005332   0x00000024   Code   RO         6312    i.USBD_RegisterClass  usbd_core.o
    0x08005356   0x08005356   0x00000014   Code   RO         6314    i.USBD_SetClassConfig  usbd_core.o
    0x0800536a   0x0800536a   0x00000002   PAD
    0x0800536c   0x0800536c   0x000000bc   Code   RO         6440    i.USBD_SetConfig    usbd_ctlreq.o
    0x08005428   0x08005428   0x00000004   Code   RO         6315    i.USBD_Start        usbd_core.o
    0x0800542c   0x0800542c   0x00000114   Code   RO         6441    i.USBD_StdDevReq    usbd_ctlreq.o
    0x08005540   0x08005540   0x00000140   Code   RO         6442    i.USBD_StdEPReq     usbd_ctlreq.o
    0x08005680   0x08005680   0x00000052   Code   RO         6443    i.USBD_StdItfReq    usbd_ctlreq.o
    0x080056d2   0x080056d2   0x00000002   Code   RO          825    i.USBD_static_free  usbd_conf.o
    0x080056d4   0x080056d4   0x00000008   Code   RO          826    i.USBD_static_malloc  usbd_conf.o
    0x080056dc   0x080056dc   0x0000029c   Code   RO         1660    i.USB_ActivateEndpoint  stm32g4xx_ll_usb.o
    0x08005978   0x08005978   0x0000010e   Code   RO         1664    i.USB_DeactivateEndpoint  stm32g4xx_ll_usb.o
    0x08005a86   0x08005a86   0x0000000e   Code   RO         1665    i.USB_DevConnect    stm32g4xx_ll_usb.o
    0x08005a94   0x08005a94   0x00000012   Code   RO         1667    i.USB_DevInit       stm32g4xx_ll_usb.o
    0x08005aa6   0x08005aa6   0x00000010   Code   RO         1668    i.USB_DisableGlobalInt  stm32g4xx_ll_usb.o
    0x08005ab6   0x08005ab6   0x00000078   Code   RO         1669    i.USB_EPClearStall  stm32g4xx_ll_usb.o
    0x08005b2e   0x08005b2e   0x00000032   Code   RO         1670    i.USB_EPSetStall    stm32g4xx_ll_usb.o
    0x08005b60   0x08005b60   0x000004e2   Code   RO         1671    i.USB_EPStartXfer   stm32g4xx_ll_usb.o
    0x08006042   0x08006042   0x00000012   Code   RO         1673    i.USB_EnableGlobalInt  stm32g4xx_ll_usb.o
    0x08006054   0x08006054   0x0000000c   Code   RO          668    i.USB_LP_IRQHandler  stm32g4xx_it.o
    0x08006060   0x08006060   0x00000006   Code   RO         1676    i.USB_ReadInterrupts  stm32g4xx_ll_usb.o
    0x08006066   0x08006066   0x00000028   Code   RO         1677    i.USB_ReadPMA       stm32g4xx_ll_usb.o
    0x0800608e   0x0800608e   0x0000000c   Code   RO         1679    i.USB_SetDevAddress  stm32g4xx_ll_usb.o
    0x0800609a   0x0800609a   0x00000002   PAD
    0x0800609c   0x0800609c   0x00000026   Code   RO         1681    i.USB_WritePMA      stm32g4xx_ll_usb.o
    0x080060c2   0x080060c2   0x00000002   Code   RO          669    i.UsageFault_Handler  stm32g4xx_it.o
    0x080060c4   0x080060c4   0x0000001a   Code   RO           18    i.__NVIC_EnableIRQ  main.o
    0x080060de   0x080060de   0x00000002   PAD
    0x080060e0   0x080060e0   0x00000010   Code   RO           19    i.__NVIC_GetPriorityGrouping  main.o
    0x080060f0   0x080060f0   0x00000020   Code   RO           20    i.__NVIC_SetPriority  main.o
    0x08006110   0x08006110   0x00000020   Code   RO         3186    i.__NVIC_SetPriority  stm32g4xx_hal_cortex.o
    0x08006130   0x08006130   0x0000002c   Code   RO          364    i.exchange_res_p    app_freertos.o
    0x0800615c   0x0800615c   0x0000000c   Code   RO         5781    i.inHandlerMode     cmsis_os.o
    0x08006168   0x08006168   0x00000040   Code   RO          365    i.ll_Start_TIM17_OnePulse  app_freertos.o
    0x080061a8   0x080061a8   0x00000130   Code   RO           21    i.main              main.o
    0x080062d8   0x080062d8   0x0000000c   Code   RO         5783    i.makeFreeRtosPriority  cmsis_os.o
    0x080062e4   0x080062e4   0x0000000e   Code   RO         5785    i.osDelay           cmsis_os.o
    0x080062f2   0x080062f2   0x0000000a   Code   RO         5788    i.osKernelStart     cmsis_os.o
    0x080062fc   0x080062fc   0x00000008   Code   RO         5797    i.osMessageCreate   cmsis_os.o
    0x08006304   0x08006304   0x00000094   Code   RO         5799    i.osMessageGet      cmsis_os.o
    0x08006398   0x08006398   0x0000005c   Code   RO         5801    i.osMessagePut      cmsis_os.o
    0x080063f4   0x080063f4   0x00000026   Code   RO         5814    i.osSemaphoreCreate  cmsis_os.o
    0x0800641a   0x0800641a   0x0000002e   Code   RO         5822    i.osThreadCreate    cmsis_os.o
    0x08006448   0x08006448   0x00000070   Code   RO         5459    i.prvAddCurrentTaskToDelayedList  tasks.o
    0x080064b8   0x080064b8   0x000000d0   Code   RO         5460    i.prvAddNewTaskToReadyList  tasks.o
    0x08006588   0x08006588   0x00000026   Code   RO         5163    i.prvCopyDataFromQueue  queue.o
    0x080065ae   0x080065ae   0x0000006c   Code   RO         5164    i.prvCopyDataToQueue  queue.o
    0x0800661a   0x0800661a   0x00000014   Code   RO         5461    i.prvDeleteTCB      tasks.o
    0x0800662e   0x0800662e   0x00000002   PAD
    0x08006630   0x08006630   0x0000004c   Code   RO         6150    i.prvHeapInit       heap_4.o
    0x0800667c   0x0800667c   0x00000060   Code   RO         5462    i.prvIdleTask       tasks.o
    0x080066dc   0x080066dc   0x000000b0   Code   RO         5463    i.prvInitialiseNewTask  tasks.o
    0x0800678c   0x0800678c   0x0000004c   Code   RO         6151    i.prvInsertBlockIntoFreeList  heap_4.o
    0x080067d8   0x080067d8   0x0000001c   Code   RO         5165    i.prvIsQueueEmpty   queue.o
    0x080067f4   0x080067f4   0x00000020   Code   RO         5464    i.prvResetNextTaskUnblockTime  tasks.o
    0x08006814   0x08006814   0x00000028   Code   RO         6219    i.prvTaskExitError  port.o
    0x0800683c   0x0800683c   0x0000006a   Code   RO         5166    i.prvUnlockQueue    queue.o
    0x080068a6   0x080068a6   0x00000002   PAD
    0x080068a8   0x080068a8   0x000000dc   Code   RO         6152    i.pvPortMalloc      heap_4.o
    0x08006984   0x08006984   0x0000002c   Code   RO         6220    i.pxPortInitialiseStack  port.o
    0x080069b0   0x080069b0   0x00000068   Code   RO         5467    i.ulTaskNotifyTake  tasks.o
    0x08006a18   0x08006a18   0x00000026   Code   RO         5123    i.uxListRemove      list.o
    0x08006a3e   0x08006a3e   0x00000016   Code   RO         5124    i.vListInitialise   list.o
    0x08006a54   0x08006a54   0x00000006   Code   RO         5125    i.vListInitialiseItem  list.o
    0x08006a5a   0x08006a5a   0x00000030   Code   RO         5126    i.vListInsert       list.o
    0x08006a8a   0x08006a8a   0x00000018   Code   RO         5127    i.vListInsertEnd    list.o
    0x08006aa2   0x08006aa2   0x00000002   PAD
    0x08006aa4   0x08006aa4   0x00000040   Code   RO         6222    i.vPortEnterCritical  port.o
    0x08006ae4   0x08006ae4   0x00000028   Code   RO         6223    i.vPortExitCritical  port.o
    0x08006b0c   0x08006b0c   0x00000064   Code   RO         6153    i.vPortFree         heap_4.o
    0x08006b70   0x08006b70   0x00000024   Code   RO         6224    i.vPortSetupTimerInterrupt  port.o
    0x08006b94   0x08006b94   0x00000054   Code   RO         6225    i.vPortValidateInterruptPriority  port.o
    0x08006be8   0x08006be8   0x0000004c   Code   RO         5474    i.vTaskDelay        tasks.o
    0x08006c34   0x08006c34   0x00000010   Code   RO         5478    i.vTaskInternalSetTimeOutState  tasks.o
    0x08006c44   0x08006c44   0x0000000c   Code   RO         5479    i.vTaskMissedYield  tasks.o
    0x08006c50   0x08006c50   0x00000030   Code   RO         5481    i.vTaskPlaceOnEventList  tasks.o
    0x08006c80   0x08006c80   0x00000068   Code   RO         5488    i.vTaskStartScheduler  tasks.o
    0x08006ce8   0x08006ce8   0x00000010   Code   RO         5490    i.vTaskSuspendAll   tasks.o
    0x08006cf8   0x08006cf8   0x0000005c   Code   RO         5491    i.vTaskSwitchContext  tasks.o
    0x08006d54   0x08006d54   0x000000f4   Code   RO         6226    i.xPortStartScheduler  port.o
    0x08006e48   0x08006e48   0x00000042   Code   RO         5174    i.xQueueGenericCreate  queue.o
    0x08006e8a   0x08006e8a   0x00000002   PAD
    0x08006e8c   0x08006e8c   0x00000088   Code   RO         5175    i.xQueueGenericReset  queue.o
    0x08006f14   0x08006f14   0x00000160   Code   RO         5176    i.xQueueGenericSend  queue.o
    0x08007074   0x08007074   0x000000be   Code   RO         5177    i.xQueueGenericSendFromISR  queue.o
    0x08007132   0x08007132   0x00000002   PAD
    0x08007134   0x08007134   0x00000138   Code   RO         5183    i.xQueueReceive     queue.o
    0x0800726c   0x0800726c   0x0000009a   Code   RO         5184    i.xQueueReceiveFromISR  queue.o
    0x08007306   0x08007306   0x00000002   PAD
    0x08007308   0x08007308   0x00000074   Code   RO         5493    i.xTaskCheckForTimeOut  tasks.o
    0x0800737c   0x0800737c   0x00000056   Code   RO         5494    i.xTaskCreate       tasks.o
    0x080073d2   0x080073d2   0x00000002   PAD
    0x080073d4   0x080073d4   0x000000e0   Code   RO         5495    i.xTaskGenericNotify  tasks.o
    0x080074b4   0x080074b4   0x0000001c   Code   RO         5498    i.xTaskGetSchedulerState  tasks.o
    0x080074d0   0x080074d0   0x0000000c   Code   RO         5499    i.xTaskGetTickCount  tasks.o
    0x080074dc   0x080074dc   0x000000cc   Code   RO         5501    i.xTaskIncrementTick  tasks.o
    0x080075a8   0x080075a8   0x00000098   Code   RO         5504    i.xTaskPriorityDisinherit  tasks.o
    0x08007640   0x08007640   0x00000074   Code   RO         5506    i.xTaskRemoveFromEventList  tasks.o
    0x080076b4   0x080076b4   0x000000c4   Code   RO         5507    i.xTaskResumeAll    tasks.o
    0x08007778   0x08007778   0x0000000a   Code   RO         6774    x$fpl$fpinit        fz_wm.l(fpinit.o)
    0x08007782   0x08007782   0x00000002   PAD
    0x08007784   0x08007784   0x0000009c   Data   RO          373    .constdata          app_freertos.o
    0x08007820   0x08007820   0x0000001e   Data   RO          548    .constdata          tim.o
    0x0800783e   0x0800783e   0x00000010   Data   RO         4992    .constdata          system_stm32g4xx.o
    0x0800784e   0x0800784e   0x00000008   Data   RO         4993    .constdata          system_stm32g4xx.o
    0x08007856   0x08007856   0x00000002   PAD
    0x08007858   0x08007858   0x00000023   Data   RO          374    .conststring        app_freertos.o
    0x0800787b   0x0800787b   0x00000001   PAD
    0x0800787c   0x0800787c   0x00000020   Data   RO         6844    Region$$Table       anon$$obj.o


    Execution Region RW_IRAM1 (Exec base: 0x20000000, Load base: 0x0800789c, Size: 0x00006808, Max: 0x00008000, ABSOLUTE, COMPRESSED[0x000000d8])

    Exec Addr    Load Addr    Size         Type   Attr      Idx    E Section Name        Object

    0x20000000   COMPRESSED   0x00000054   Data   RW          375    .data               app_freertos.o
    0x20000054   COMPRESSED   0x00000020   Data   RW         1047    .data               usbd_desc.o
    0x20000074   COMPRESSED   0x00000032   Data   RW         1048    .data               usbd_desc.o
    0x200000a6   COMPRESSED   0x00000002   PAD
    0x200000a8   COMPRESSED   0x00000014   Data   RW         1131    .data               usbd_cdc_if.o
    0x200000bc   COMPRESSED   0x0000000c   Data   RW         1848    .data               stm32g4xx_hal.o
    0x200000c8   COMPRESSED   0x00000004   Data   RW         4994    .data               system_stm32g4xx.o
    0x200000cc   COMPRESSED   0x0000003c   Data   RW         5510    .data               tasks.o
    0x20000108   COMPRESSED   0x00000020   Data   RW         6159    .data               heap_4.o
    0x20000128   COMPRESSED   0x0000000c   Data   RW         6227    .data               port.o
    0x20000134   COMPRESSED   0x00000001   Data   RW         6444    .data               usbd_ctlreq.o
    0x20000135   COMPRESSED   0x00000003   PAD
    0x20000138   COMPRESSED   0x000000d7   Data   RW         6583    .data               usbd_cdc.o
    0x2000020f   COMPRESSED   0x00000001   PAD
    0x20000210   COMPRESSED   0x00000038   Data   RW         6584    .data               usbd_cdc.o
    0x20000248        -       0x0000185c   Zero   RW          367    .bss                app_freertos.o
    0x20001aa4        -       0x00000064   Zero   RW          489    .bss                spi.o
    0x20001b08        -       0x00000098   Zero   RW          547    .bss                tim.o
    0x20001ba0        -       0x0000004c   Zero   RW          759    .bss                stm32g4xx_hal_timebase_tim.o
    0x20001bec        -       0x000004fc   Zero   RW          827    .bss                usbd_conf.o
    0x200020e8        -       0x000002d0   Zero   RW         1008    .bss                usb_device.o
    0x200023b8        -       0x00000200   Zero   RW         1046    .bss                usbd_desc.o
    0x200025b8        -       0x00000800   Zero   RW         1130    .bss                usbd_cdc_if.o
    0x20002db8        -       0x000000f0   Zero   RW         5509    .bss                tasks.o
    0x20002ea8        -       0x00002800   Zero   RW         6158    .bss                heap_4.o
    0x200056a8        -       0x00000060   Zero   RW         6716    .bss                c_w.l(libspace.o)
    0x20005708        -       0x00000100   Zero   RW            2    HEAP                startup_stm32g431xx.o
    0x20005808        -       0x00001000   Zero   RW            1    STACK               startup_stm32g431xx.o


==============================================================================

Image component sizes


      Code (inc. data)   RO Data    RW Data    ZI Data      Debug   Object Name

      2652        154        191         84       6236      61783   app_freertos.o
       380         10          0          0          0      22261   cmsis_os.o
         0          0          0          0          0      10792   event_groups.o
       448         14          0          0          0      11611   gpio.o
       472         24          0         32      10240       7495   heap_4.o
       138          0          0          0          0       3618   list.o
       668         26          0          0          0     750790   main.o
       786         82          0         12          0      11969   port.o
      1490         14          0          0          0      16221   queue.o
       216         20          0          0        100       1785   spi.o
        64         26        472          0       4352        852   startup_stm32g431xx.o
        58         10          0         12          0       3046   stm32g4xx_hal.o
       158         14          0          0          0      33106   stm32g4xx_hal_cortex.o
       594         34          0          0          0       2372   stm32g4xx_hal_gpio.o
        60          6          0          0          0        890   stm32g4xx_hal_msp.o
      2992          0          0          0          0      14833   stm32g4xx_hal_pcd.o
        96          0          0          0          0       1976   stm32g4xx_hal_pcd_ex.o
       204         18          0          0          0       1425   stm32g4xx_hal_pwr_ex.o
      1712         86          0          0          0       6398   stm32g4xx_hal_rcc.o
       648         10          0          0          0       1896   stm32g4xx_hal_rcc_ex.o
      1116         10          0          0          0       5910   stm32g4xx_hal_spi.o
      2400        236          0          0          0      16559   stm32g4xx_hal_tim.o
       326         32          0          0          0       6416   stm32g4xx_hal_tim_ex.o
       136         20          0          0         76       1455   stm32g4xx_hal_timebase_tim.o
        36         12          0          0          0       3807   stm32g4xx_it.o
       310          0          0          0          0       7359   stm32g4xx_ll_gpio.o
       172         28          0          0          0      53430   stm32g4xx_ll_tim.o
      2520          0          0          0          0      14596   stm32g4xx_ll_usb.o
        16          4         24          4          0       1159   system_stm32g4xx.o
      2246        182          0         60        240      26574   tasks.o
      2162        120         30          0        152      61291   tim.o
        84         18          0          0        720        824   usb_device.o
       802         16          0        271          0      13945   usbd_cdc.o
       116         22          0         20       2048       3996   usbd_cdc_if.o
       684         36          0          0       1276      15575   usbd_conf.o
       652          0          0          0          0      10039   usbd_core.o
      1264         22          0          1          0      14460   usbd_ctlreq.o
       288        104          0         82        512       6262   usbd_desc.o
       132          0          0          0          0       4596   usbd_ioreq.o

    ----------------------------------------------------------------------
     29364       1410        752        584      25952    1233372   Object Totals
         0          0         32          0          0          0   (incl. Generated)
        66          0          3          6          0          0   (incl. Padding)

    ----------------------------------------------------------------------

      Code (inc. data)   RO Data    RW Data    ZI Data      Debug   Library Member Name

        90          0          0          0          0          0   __dczerorl2.o
         8          0          0          0          0         68   __main.o
         0          0          0          0          0          0   __rtentry.o
        12          0          0          0          0          0   __rtentry2.o
         6          0          0          0          0          0   __rtentry4.o
        52          8          0          0          0          0   __scatter.o
        28          0          0          0          0          0   __scatter_zi.o
        16          0          0          0          0         68   aeabi_memset.o
        18          0          0          0          0         80   exit.o
         6          0          0          0          0        152   heapauxi.o
         0          0          0          0          0          0   indicate_semi.o
         2          0          0          0          0          0   libinit.o
         6          0          0          0          0          0   libinit2.o
         2          0          0          0          0          0   libshutdown.o
         2          0          0          0          0          0   libshutdown2.o
         8          4          0          0         96         68   libspace.o
        68          0          0          0          0         68   rt_memclr.o
        78          0          0          0          0         80   rt_memclr_w.o
       138          0          0          0          0         68   rt_memcpy_v6.o
       100          0          0          0          0         80   rt_memcpy_w.o
         2          0          0          0          0          0   rtexit.o
        10          0          0          0          0          0   rtexit2.o
        12          4          0          0          0         68   sys_exit.o
        74          0          0          0          0         80   sys_stackheap_outer.o
         2          0          0          0          0         68   use_no_semi.o
        10          0          0          0          0        116   fpinit.o

    ----------------------------------------------------------------------
       760         16          0          0         96       1064   Library Totals
        10          0          0          0          0          0   (incl. Padding)

    ----------------------------------------------------------------------

      Code (inc. data)   RO Data    RW Data    ZI Data      Debug   Library Name

       740         16          0          0         96        948   c_w.l
        10          0          0          0          0        116   fz_wm.l

    ----------------------------------------------------------------------
       760         16          0          0         96       1064   Library Totals

    ----------------------------------------------------------------------

==============================================================================


      Code (inc. data)   RO Data    RW Data    ZI Data      Debug   

     30124       1426        752        584      26048    1207220   Grand Totals
     30124       1426        752        216      26048    1207220   ELF Image Totals (compressed)
     30124       1426        752        216          0          0   ROM Totals

==============================================================================

    Total RO  Size (Code + RO Data)                30876 (  30.15kB)
    Total RW  Size (RW Data + ZI Data)             26632 (  26.01kB)
    Total ROM Size (Code + RO Data + RW Data)      31092 (  30.36kB)

==============================================================================

