<html>
<body>
<pre>
<h1>礦ision Build Log</h1>
<h2>Tool Versions:</h2>
IDE-Version: μVision V5.36.0.0
Copyright (C) 2021 ARM Ltd and ARM Germany GmbH. All rights reserved.
License Information: dwa 4124, dawg, LIC=32B1Q-N2A2L-KP3ZY-IRT3J-4AUNX-CIDU3
 
Tool Versions:
Toolchain:       MDK-ARM Plus  Version: 5.36.0.0
Toolchain Path:  C:\Self_install_software\Keil_v5\ARM\ARMCC\Bin
C Compiler:      Armcc.exe V5.06 update 7 (build 960)
Assembler:       Armasm.exe V5.06 update 7 (build 960)
Linker/Locator:  ArmLink.exe V5.06 update 7 (build 960)
Library Manager: ArmAr.exe V5.06 update 7 (build 960)
Hex Converter:   FromElf.exe V5.06 update 7 (build 960)
CPU DLL:         SARMCM3.DLL V5.36.0.0
Dialog DLL:      DCM.DLL V1.17.3.0
Target DLL:      CMSIS_AGDI.dll V1.33.0.0
Dialog DLL:      TCM.DLL V1.53.0.0
 
<h2>Project:</h2>
C:\Users\Admin\Desktop\CubeMX_proj\G431_sample_V2_2\MDK-ARM\G431_sample_V2_2.uvprojx
Project File Date:  04/14/2025

<h2>Output:</h2>
*** Using Compiler 'V5.06 update 7 (build 960)', folder: 'C:\Self_install_software\Keil_v5\ARM\ARMCC\Bin'
Build target 'G431_sample_V2_2'
assembling startup_stm32g431xx.s...
compiling stm32g4xx_hal_timebase_tim.c...
compiling usb_device.c...
compiling stm32g4xx_ll_exti.c...
compiling usbd_desc.c...
compiling usbd_cdc_if.c...
compiling usbd_conf.c...
compiling stm32g4xx_hal_pcd.c...
compiling stm32g4xx_ll_utils.c...
compiling stm32g4xx_hal_pcd_ex.c...
compiling stm32g4xx_hal_msp.c...
compiling stm32g4xx_hal.c...
compiling stm32g4xx_hal_flash.c...
compiling gpio.c...
compiling tim.c...
compiling stm32g4xx_ll_usb.c...
compiling stm32g4xx_it.c...
compiling spi.c...
compiling stm32g4xx_hal_rcc.c...
compiling stm32g4xx_hal_flash_ex.c...
compiling stm32g4xx_hal_rcc_ex.c...
compiling stm32g4xx_hal_flash_ramfunc.c...
compiling main.c...
compiling app_freertos.c...
../Core/Src/app_freertos.c(235): warning:  #188-D: enumerated type mixed with another type
  	HAL_GPIO_WritePin(SEL1_GPIO_Port, SEL1_Pin ,1);
../Core/Src/app_freertos.c(236): warning:  #188-D: enumerated type mixed with another type
  	HAL_GPIO_WritePin(SEL2_GPIO_Port, SEL2_Pin ,1);
../Core/Src/app_freertos.c(237): warning:  #188-D: enumerated type mixed with another type
  	HAL_GPIO_WritePin(SEL3_GPIO_Port, SEL3_Pin ,1);//U2 多路选择器有问题 连锡短路(*已解决*)
../Core/Src/app_freertos.c(238): warning:  #188-D: enumerated type mixed with another type
  	HAL_GPIO_WritePin(SEL4_GPIO_Port, SEL4_Pin ,1);
../Core/Src/app_freertos.c(239): warning:  #188-D: enumerated type mixed with another type
  	HAL_GPIO_WritePin(SEL5_GPIO_Port, SEL5_Pin ,1);
../Core/Src/app_freertos.c(240): warning:  #188-D: enumerated type mixed with another type
  	HAL_GPIO_WritePin(SEL6_GPIO_Port, SEL6_Pin ,1);
../Core/Src/app_freertos.c(241): warning:  #188-D: enumerated type mixed with another type
  	HAL_GPIO_WritePin(SEL7_GPIO_Port, SEL7_Pin ,1);
../Core/Src/app_freertos.c(242): warning:  #188-D: enumerated type mixed with another type
  	HAL_GPIO_WritePin(SEL8_GPIO_Port, SEL8_Pin ,1);
../Core/Src/app_freertos.c(243): warning:  #188-D: enumerated type mixed with another type
  	HAL_GPIO_WritePin(SEL9_GPIO_Port, SEL9_Pin ,1);
../Core/Src/app_freertos.c(244): warning:  #188-D: enumerated type mixed with another type
  	HAL_GPIO_WritePin(SEL10_GPIO_Port,SEL10_Pin,1);
../Core/Src/app_freertos.c(398): warning:  #167-D: argument of type "volatile uint16_t *" is incompatible with parameter of type "void *const"
  				{xStatus[ 1] = xQueueReceive(Line1QueueHandle , &comparator_data[ 1], 0);if(xStatus[ 1]){ res_store_p[j*100+(i-1)*10+0+2].word16=comparator_data[ 1]; print_data[j*100+(i-1)*10+0+2].word16=comparator_data[ 1];}  }//comparator_data[ 1]
../Core/Src/app_freertos.c(399): warning:  #167-D: argument of type "volatile uint16_t *" is incompatible with parameter of type "void *const"
  				{xStatus[ 2] = xQueueReceive(Line2QueueHandle , &comparator_data[ 2], 0);if(xStatus[ 2]){ res_store_p[j*100+(i-1)*10+1+2].word16=comparator_data[ 2]; print_data[j*100+(i-1)*10+1+2].word16=comparator_data[ 2];}  }//comparator_data[ 2]
../Core/Src/app_freertos.c(400): warning:  #167-D: argument of type "volatile uint16_t *" is incompatible with parameter of type "void *const"
  				{xStatus[ 3] = xQueueReceive(Line3QueueHandle , &comparator_data[ 3], 0);if(xStatus[ 3]){ res_store_p[j*100+(i-1)*10+2+2].word16=comparator_data[ 3]; print_data[j*100+(i-1)*10+2+2].word16=comparator_data[ 3];}  }//comparator_data[ 3]
../Core/Src/app_freertos.c(401): warning:  #167-D: argument of type "volatile uint16_t *" is incompatible with parameter of type "void *const"
  				{xStatus[ 4] = xQueueReceive(Line4QueueHandle , &comparator_data[ 4], 0);if(xStatus[ 4]){ res_store_p[j*100+(i-1)*10+3+2].word16=comparator_data[ 4]; print_data[j*100+(i-1)*10+3+2].word16=comparator_data[ 4];}  }//comparator_data[ 4]
../Core/Src/app_freertos.c(402): warning:  #167-D: argument of type "volatile uint16_t *" is incompatible with parameter of type "void *const"
  				{xStatus[ 5] = xQueueReceive(Line5QueueHandle , &comparator_data[ 5], 0);if(xStatus[ 5]){ res_store_p[j*100+(i-1)*10+4+2].word16=comparator_data[ 5]; print_data[j*100+(i-1)*10+4+2].word16=comparator_data[ 5];}  }//comparator_data[ 5]
../Core/Src/app_freertos.c(403): warning:  #167-D: argument of type "volatile uint16_t *" is incompatible with parameter of type "void *const"
  				{xStatus[ 6] = xQueueReceive(Line6QueueHandle , &comparator_data[ 6], 0);if(xStatus[ 6]){ res_store_p[j*100+(i-1)*10+5+2].word16=comparator_data[ 6]; print_data[j*100+(i-1)*10+5+2].word16=comparator_data[ 6];}  }//comparator_data[ 6]
../Core/Src/app_freertos.c(404): warning:  #167-D: argument of type "volatile uint16_t *" is incompatible with parameter of type "void *const"
  				{xStatus[ 7] = xQueueReceive(Line7QueueHandle , &comparator_data[ 7], 0);if(xStatus[ 7]){ res_store_p[j*100+(i-1)*10+6+2].word16=comparator_data[ 7]; print_data[j*100+(i-1)*10+6+2].word16=comparator_data[ 7];}  }//comparator_data[ 7]
../Core/Src/app_freertos.c(405): warning:  #167-D: argument of type "volatile uint16_t *" is incompatible with parameter of type "void *const"
  				{xStatus[ 8] = xQueueReceive(Line8QueueHandle , &comparator_data[ 8], 0);if(xStatus[ 8]){ res_store_p[j*100+(i-1)*10+7+2].word16=comparator_data[ 8]; print_data[j*100+(i-1)*10+7+2].word16=comparator_data[ 8];}  }//comparator_data[ 8]
../Core/Src/app_freertos.c(406): warning:  #167-D: argument of type "volatile uint16_t *" is incompatible with parameter of type "void *const"
  				{xStatus[ 9] = xQueueReceive(Line9QueueHandle , &comparator_data[ 9], 0);if(xStatus[ 9]){ res_store_p[j*100+(i-1)*10+8+2].word16=comparator_data[ 9]; print_data[j*100+(i-1)*10+8+2].word16=comparator_data[ 9];}  }//comparator_data[ 9]
../Core/Src/app_freertos.c(407): warning:  #167-D: argument of type "volatile uint16_t *" is incompatible with parameter of type "void *const"
  				{xStatus[10] = xQueueReceive(Line10QueueHandle, &comparator_data[10], 0);if(xStatus[10]){ res_store_p[j*100+(i-1)*10+9+2].word16=comparator_data[10]; print_data[j*100+(i-1)*10+9+2].word16=comparator_data[10];}  }//comparator_data[10]
../Core/Src/app_freertos.c(425): warning:  #167-D: argument of type "volatile uint8_t *" is incompatible with parameter of type "uint8_t *"
  		CDC_Transmit_FS(res_send_p->byte, 2008);
../Core/Src/app_freertos.c(336): warning:  #177-D: variable "xFrequency"  was declared but never referenced
  	const TickType_t xFrequency = pdMS_TO_TICKS(1);
../Core/Src/app_freertos.c(443): warning:  #177-D: variable "USBD_Result"  was declared but never referenced
  	uint8_t USBD_Result=0;
../Core/Src/app_freertos.c(445): warning:  #177-D: variable "event"  was declared but never referenced
  	osEvent event[11];
../Core/Src/app_freertos.c(447): warning:  #177-D: variable "i"  was declared but never referenced
  	uint8_t i = 0;
../Core/Src/app_freertos.c(513): warning:  #177-D: variable "time_cnt"  was declared but never referenced
  	static uint16_t time_cnt=0;
../Core/Src/app_freertos.c(903): warning:  #188-D: enumerated type mixed with another type
  			HAL_GPIO_WritePin(CS1_GPIO_Port,CS1_Pin,0);
../Core/Src/app_freertos.c(905): warning:  #188-D: enumerated type mixed with another type
  			HAL_GPIO_WritePin(CS2_GPIO_Port,CS2_Pin,0);
../Core/Src/app_freertos.c(912): warning:  #188-D: enumerated type mixed with another type
  		HAL_GPIO_WritePin(CS1_GPIO_Port,CS1_Pin,1);
../Core/Src/app_freertos.c(914): warning:  #188-D: enumerated type mixed with another type
  		HAL_GPIO_WritePin(CS2_GPIO_Port,CS2_Pin,1);
../Core/Src/app_freertos.c: 30 warnings, 0 errors
compiling stm32g4xx_hal_gpio.c...
compiling stm32g4xx_hal_dma_ex.c...
compiling croutine.c...
compiling stm32g4xx_hal_pwr.c...
compiling stm32g4xx_hal_dma.c...
compiling stm32g4xx_hal_exti.c...
compiling stm32g4xx_hal_cortex.c...
compiling list.c...
compiling event_groups.c...
compiling stm32g4xx_hal_spi_ex.c...
compiling timers.c...
compiling queue.c...
compiling stm32g4xx_hal_pwr_ex.c...
compiling stream_buffer.c...
compiling heap_4.c...
compiling stm32g4xx_ll_gpio.c...
compiling port.c...
compiling system_stm32g4xx.c...
compiling tasks.c...
compiling cmsis_os.c...
compiling stm32g4xx_hal_spi.c...
compiling stm32g4xx_hal_tim_ex.c...
compiling stm32g4xx_ll_dma.c...
compiling stm32g4xx_ll_tim.c...
compiling stm32g4xx_hal_tim.c...
compiling usbd_ioreq.c...
compiling usbd_core.c...
compiling usbd_cdc.c...
compiling usbd_ctlreq.c...
linking...
Program Size: Code=29808 RO-data=764 RW-data=588 ZI-data=25644  
FromELF: creating hex file...
"G431_sample_V2_2\G431_sample_V2_2.axf" - 0 Error(s), 30 Warning(s).

<h2>Software Packages used:</h2>

Package Vendor: ARM
                http://www.keil.com/pack/ARM.CMSIS.5.8.0.pack
                ARM.CMSIS.5.8.0
                CMSIS (Common Microcontroller Software Interface Standard)
   * Component: CORE Version: 5.5.0

Package Vendor: Keil
                https://www.keil.com/pack/Keil.STM32G4xx_DFP.2.0.0.pack
                Keil.STM32G4xx_DFP.2.0.0
                STMicroelectronics STM32G4 Series Device Support

<h2>Collection of Component include folders:</h2>
  .\RTE\_G431_sample_V2_2
  C:\Users\Admin\AppData\Local\Arm\Packs\ARM\CMSIS\5.8.0\CMSIS\Core\Include

<h2>Collection of Component Files used:</h2>

   * Component: ARM::CMSIS:CORE:5.5.0
      Include file:  CMSIS\Core\Include\tz_context.h
Build Time Elapsed:  00:00:05
</pre>
</body>
</html>
