<html>
<body>
<pre>
<h1>礦ision Build Log</h1>
<h2>Tool Versions:</h2>
IDE-Version: μVision V5.36.0.0
Copyright (C) 2021 ARM Ltd and ARM Germany GmbH. All rights reserved.
License Information: 123 galaxy, 1231, LIC=CZLZX-HD6PP-KPQZY-ILCE5-JNC03-QWAMZ
 
Tool Versions:
Toolchain:       MDK-ARM Plus  Version: 5.36.0.0
Toolchain Path:  C:\software\study\keil\ARM\ARMCC\Bin
C Compiler:      Armcc.exe V5.06 update 7 (build 960)
Assembler:       Armasm.exe V5.06 update 7 (build 960)
Linker/Locator:  ArmLink.exe V5.06 update 7 (build 960)
Library Manager: ArmAr.exe V5.06 update 7 (build 960)
Hex Converter:   FromElf.exe V5.06 update 7 (build 960)
CPU DLL:         SARMCM3.DLL V5.36.0.0
Dialog DLL:      DCM.DLL V1.17.3.0
Target DLL:      CMSIS_AGDI.dll V1.33.0.0
Dialog DLL:      TCM.DLL V1.53.0.0
 
<h2>Project:</h2>
C:\Users\galaxy\Desktop\CubeMX_proj\G431_BMP8x8\MDK-ARM\G431_BMP8x8.uvprojx
Project File Date:  08/25/2025

<h2>Output:</h2>
*** Using Compiler 'V5.06 update 7 (build 960)', folder: 'C:\software\study\keil\ARM\ARMCC\Bin'
Build target 'G431_BMP8x8'
compiling app_freertos.c...
../Core/Src/app_freertos.c(167): warning:  #188-D: enumerated type mixed with another type
  	HAL_GPIO_WritePin(DS_GPIO_Port,DS_Pin,0);
../Core/Src/app_freertos.c(168): warning:  #188-D: enumerated type mixed with another type
  	HAL_GPIO_WritePin(STCP_GPIO_Port,STCP_Pin,0);
../Core/Src/app_freertos.c(169): warning:  #188-D: enumerated type mixed with another type
  	HAL_GPIO_WritePin(SHCP_GPIO_Port,SHCP_Pin,0);
../Core/Src/app_freertos.c(199): warning:  #188-D: enumerated type mixed with another type
  	HAL_GPIO_WritePin(DS_GPIO_Port,DS_Pin,DS);//输入 DS
../Core/Src/app_freertos.c(201): warning:  #188-D: enumerated type mixed with another type
  	HAL_GPIO_WritePin(SHCP_GPIO_Port,SHCP_Pin,1);//数据载入
../Core/Src/app_freertos.c(203): warning:  #188-D: enumerated type mixed with another type
  	HAL_GPIO_WritePin(SHCP_GPIO_Port,SHCP_Pin,0);
../Core/Src/app_freertos.c(204): warning:  #188-D: enumerated type mixed with another type
  	HAL_GPIO_WritePin(STCP_GPIO_Port,STCP_Pin,1);//数据输出 此时真实输出为DS指定的电平
../Core/Src/app_freertos.c(206): warning:  #188-D: enumerated type mixed with another type
  	HAL_GPIO_WritePin(STCP_GPIO_Port,STCP_Pin,0);
../Core/Src/app_freertos.c(212): warning:  #188-D: enumerated type mixed with another type
  		HAL_GPIO_WritePin(DS_GPIO_Port,DS_Pin, ((DS_8>>i) & 0x01) );//输入 DS
../Core/Src/app_freertos.c(214): warning:  #188-D: enumerated type mixed with another type
  		HAL_GPIO_WritePin(SHCP_GPIO_Port,SHCP_Pin,1);//数据载入
../Core/Src/app_freertos.c(216): warning:  #188-D: enumerated type mixed with another type
  		HAL_GPIO_WritePin(SHCP_GPIO_Port,SHCP_Pin,0);
../Core/Src/app_freertos.c(218): warning:  #188-D: enumerated type mixed with another type
  	HAL_GPIO_WritePin(STCP_GPIO_Port,STCP_Pin,1);//数据输出 此时真实输出为DS_8指定的8通道电平
../Core/Src/app_freertos.c(220): warning:  #188-D: enumerated type mixed with another type
  	HAL_GPIO_WritePin(STCP_GPIO_Port,STCP_Pin,0);
../Core/Src/app_freertos.c: 13 warnings, 0 errors
linking...
Program Size: Code=30208 RO-data=732 RW-data=512 ZI-data=12720  
FromELF: creating hex file...
"G431_BMP8x8\G431_BMP8x8.axf" - 0 Error(s), 13 Warning(s).

<h2>Software Packages used:</h2>

Package Vendor: ARM
                http://www.keil.com/pack/ARM.CMSIS.5.8.0.pack
                ARM.CMSIS.5.8.0
                CMSIS (Common Microcontroller Software Interface Standard)
   * Component: CORE Version: 5.5.0

Package Vendor: Keil
                https://www.keil.com/pack/Keil.STM32G4xx_DFP.1.6.0.pack
                Keil.STM32G4xx_DFP.1.6.0
                STMicroelectronics STM32G4 Series Device Support, Drivers and Examples

<h2>Collection of Component include folders:</h2>
  .\RTE\_G431_BMP8x8
  C:\Users\galaxy\AppData\Local\Arm\Packs\ARM\CMSIS\5.8.0\CMSIS\Core\Include
  C:\Users\galaxy\AppData\Local\Arm\Packs\Keil\STM32G4xx_DFP\1.6.0\Drivers\CMSIS\Device\ST\STM32G4xx\Include

<h2>Collection of Component Files used:</h2>

   * Component: ARM::CMSIS:CORE:5.5.0
      Include file:  CMSIS\Core\Include\tz_context.h
Build Time Elapsed:  00:00:08
</pre>
</body>
</html>
