<html>
<body>
<pre>
<h1>礦ision Build Log</h1>
<h2>Tool Versions:</h2>
IDE-Version: μVision V5.36.0.0
Copyright (C) 2021 ARM Ltd and ARM Germany GmbH. All rights reserved.
License Information: 123 galaxy, 1231, LIC=CZLZX-HD6PP-KPQZY-ILCE5-JNC03-QWAMZ
 
Tool Versions:
Toolchain:       MDK-ARM Plus  Version: 5.36.0.0
Toolchain Path:  C:\software\study\keil\ARM\ARMCC\Bin
C Compiler:      Armcc.exe V5.06 update 7 (build 960)
Assembler:       Armasm.exe V5.06 update 7 (build 960)
Linker/Locator:  ArmLink.exe V5.06 update 7 (build 960)
Library Manager: ArmAr.exe V5.06 update 7 (build 960)
Hex Converter:   FromElf.exe V5.06 update 7 (build 960)
CPU DLL:         SARMCM3.DLL V5.36.0.0
Dialog DLL:      DCM.DLL V1.17.3.0
Target DLL:      CMSIS_AGDI.dll V1.33.0.0
Dialog DLL:      TCM.DLL V1.53.0.0
 
<h2>Project:</h2>
C:\Users\galaxy\Desktop\CubeMX_proj\G431_BMP8x8\MDK-ARM\G431_BMP8x8.uvprojx
Project File Date:  08/26/2025

<h2>Output:</h2>
*** Using Compiler 'V5.06 update 7 (build 960)', folder: 'C:\software\study\keil\ARM\ARMCC\Bin'
Build target 'G431_BMP8x8'
assembling startup_stm32g431xx.s...
compiling stm32g4xx_hal_msp.c...
compiling gpio.c...
compiling main.c...
compiling tim.c...
compiling spi.c...
compiling BMP280.c...
BMP280.c(253): warning:  #1-D: last line of file ends without a newline
  }
BMP280.c: 1 warning, 0 errors
compiling stm32g4xx_it.c...
compiling app_freertos.c...
../Core/Src/app_freertos.c(216): warning:  #111-D: statement is unreachable
  			vTaskDelayUntil(&xLastWakeTime, pdMS_TO_TICKS(500));
../Core/Src/app_freertos.c(272): warning:  #188-D: enumerated type mixed with another type
  	HAL_StatusTypeDef error_flag=0;
../Core/Src/app_freertos.c(278): warning:  #188-D: enumerated type mixed with another type
  	HAL_GPIO_WritePin(DS_GPIO_Port,DS_Pin,0);
../Core/Src/app_freertos.c(279): warning:  #188-D: enumerated type mixed with another type
  	HAL_GPIO_WritePin(STCP_GPIO_Port,STCP_Pin,0);
../Core/Src/app_freertos.c(280): warning:  #188-D: enumerated type mixed with another type
  	HAL_GPIO_WritePin(SHCP_GPIO_Port,SHCP_Pin,0);
../Core/Src/app_freertos.c(272): warning:  #177-D: variable "error_flag"  was declared but never referenced
  	HAL_StatusTypeDef error_flag=0;
../Core/Src/app_freertos.c(332): warning:  #188-D: enumerated type mixed with another type
  	HAL_GPIO_WritePin(DS_GPIO_Port,DS_Pin,DS);//输入 DS
../Core/Src/app_freertos.c(334): warning:  #188-D: enumerated type mixed with another type
  	HAL_GPIO_WritePin(SHCP_GPIO_Port,SHCP_Pin,1);//数据载入
../Core/Src/app_freertos.c(336): warning:  #188-D: enumerated type mixed with another type
  	HAL_GPIO_WritePin(SHCP_GPIO_Port,SHCP_Pin,0);
../Core/Src/app_freertos.c(337): warning:  #188-D: enumerated type mixed with another type
  	HAL_GPIO_WritePin(STCP_GPIO_Port,STCP_Pin,1);//数据输出 此时真实输出为DS指定的电平
../Core/Src/app_freertos.c(339): warning:  #188-D: enumerated type mixed with another type
  	HAL_GPIO_WritePin(STCP_GPIO_Port,STCP_Pin,0);
../Core/Src/app_freertos.c(345): warning:  #188-D: enumerated type mixed with another type
  		HAL_GPIO_WritePin(DS_GPIO_Port,DS_Pin, ((DS_8>>i) & 0x01) );//输入 DS
../Core/Src/app_freertos.c(347): warning:  #188-D: enumerated type mixed with another type
  		HAL_GPIO_WritePin(SHCP_GPIO_Port,SHCP_Pin,1);//数据载入
../Core/Src/app_freertos.c(349): warning:  #188-D: enumerated type mixed with another type
  		HAL_GPIO_WritePin(SHCP_GPIO_Port,SHCP_Pin,0);
../Core/Src/app_freertos.c(351): warning:  #188-D: enumerated type mixed with another type
  	HAL_GPIO_WritePin(STCP_GPIO_Port,STCP_Pin,1);//数据输出 此时真实输出为DS_8指定的8通道电平
../Core/Src/app_freertos.c(353): warning:  #188-D: enumerated type mixed with another type
  	HAL_GPIO_WritePin(STCP_GPIO_Port,STCP_Pin,0);
../Core/Src/app_freertos.c(359): warning:  #188-D: enumerated type mixed with another type
  		HAL_GPIO_WritePin(DS_GPIO_Port,DS_Pin, ((DS_64>>i) & 0x0000000000000001) );//输入 DS
../Core/Src/app_freertos.c(361): warning:  #188-D: enumerated type mixed with another type
  		HAL_GPIO_WritePin(SHCP_GPIO_Port,SHCP_Pin,1);//数据载入
../Core/Src/app_freertos.c(363): warning:  #188-D: enumerated type mixed with another type
  		HAL_GPIO_WritePin(SHCP_GPIO_Port,SHCP_Pin,0);
../Core/Src/app_freertos.c(365): warning:  #188-D: enumerated type mixed with another type
  	HAL_GPIO_WritePin(STCP_GPIO_Port,STCP_Pin,1);//数据输出 此时真实输出为DS_8指定的8通道电平
../Core/Src/app_freertos.c(367): warning:  #188-D: enumerated type mixed with another type
  	HAL_GPIO_WritePin(STCP_GPIO_Port,STCP_Pin,0);
../Core/Src/app_freertos.c: 21 warnings, 0 errors
compiling usbd_conf.c...
compiling stm32g4xx_hal_timebase_tim.c...
compiling usbd_cdc_if.c...
compiling usbd_desc.c...
compiling usb_device.c...
compiling stm32g4xx_ll_exti.c...
compiling stm32g4xx_hal_pcd.c...
compiling stm32g4xx_ll_utils.c...
compiling stm32g4xx_hal_pcd_ex.c...
compiling stm32g4xx_ll_usb.c...
compiling stm32g4xx_hal.c...
compiling stm32g4xx_hal_rcc.c...
compiling stm32g4xx_hal_flash_ex.c...
compiling stm32g4xx_hal_flash_ramfunc.c...
compiling stm32g4xx_hal_flash.c...
compiling stm32g4xx_hal_rcc_ex.c...
compiling stm32g4xx_hal_gpio.c...
compiling stm32g4xx_hal_exti.c...
compiling stm32g4xx_hal_dma_ex.c...
compiling stm32g4xx_hal_pwr.c...
compiling stm32g4xx_hal_dma.c...
compiling stm32g4xx_hal_cortex.c...
compiling stm32g4xx_hal_pwr_ex.c...
compiling stm32g4xx_hal_spi.c...
compiling croutine.c...
compiling stm32g4xx_hal_spi_ex.c...
compiling event_groups.c...
compiling list.c...
compiling queue.c...
compiling stream_buffer.c...
compiling tasks.c...
compiling timers.c...
compiling heap_4.c...
compiling stm32g4xx_hal_tim_ex.c...
compiling system_stm32g4xx.c...
compiling stm32g4xx_ll_gpio.c...
compiling stm32g4xx_ll_tim.c...
compiling stm32g4xx_hal_tim.c...
compiling stm32g4xx_ll_dma.c...
compiling port.c...
compiling cmsis_os2.c...
compiling usbd_core.c...
compiling usbd_ioreq.c...
compiling usbd_cdc.c...
compiling usbd_ctlreq.c...
linking...
Program Size: Code=32380 RO-data=836 RW-data=568 ZI-data=23904  
FromELF: creating hex file...
"G431_BMP8x8\G431_BMP8x8.axf" - 0 Error(s), 22 Warning(s).

<h2>Software Packages used:</h2>

Package Vendor: ARM
                http://www.keil.com/pack/ARM.CMSIS.5.8.0.pack
                ARM.CMSIS.5.8.0
                CMSIS (Common Microcontroller Software Interface Standard)
   * Component: CORE Version: 5.5.0

Package Vendor: Keil
                https://www.keil.com/pack/Keil.STM32G4xx_DFP.1.6.0.pack
                Keil.STM32G4xx_DFP.1.6.0
                STMicroelectronics STM32G4 Series Device Support, Drivers and Examples

<h2>Collection of Component include folders:</h2>
  .\RTE\_G431_BMP8x8
  C:\Users\galaxy\AppData\Local\Arm\Packs\ARM\CMSIS\5.8.0\CMSIS\Core\Include
  C:\Users\galaxy\AppData\Local\Arm\Packs\Keil\STM32G4xx_DFP\1.6.0\Drivers\CMSIS\Device\ST\STM32G4xx\Include

<h2>Collection of Component Files used:</h2>

   * Component: ARM::CMSIS:CORE:5.5.0
      Include file:  CMSIS\Core\Include\tz_context.h
Build Time Elapsed:  00:00:57
</pre>
</body>
</html>
