<html>
<body>
<pre>
<h1>礦ision Build Log</h1>
<h2>Tool Versions:</h2>
IDE-Version: μVision V5.36.0.0
Copyright (C) 2021 ARM Ltd and ARM Germany GmbH. All rights reserved.
License Information: dwa 4124, dawg, LIC=32B1Q-N2A2L-KP3ZY-IRT3J-4AUNX-CIDU3
 
Tool Versions:
Toolchain:       MDK-ARM Plus  Version: 5.36.0.0
Toolchain Path:  C:\Self_install_software\Keil_v5\ARM\ARMCC\Bin
C Compiler:      Armcc.exe V5.06 update 7 (build 960)
Assembler:       Armasm.exe V5.06 update 7 (build 960)
Linker/Locator:  ArmLink.exe V5.06 update 7 (build 960)
Library Manager: ArmAr.exe V5.06 update 7 (build 960)
Hex Converter:   FromElf.exe V5.06 update 7 (build 960)
CPU DLL:         SARMCM3.DLL V5.36.0.0
Dialog DLL:      DCM.DLL V1.17.3.0
Target DLL:      CMSIS_AGDI.dll V1.33.0.0
Dialog DLL:      TCM.DLL V1.53.0.0
 
<h2>Project:</h2>
C:\Users\Admin\Desktop\CubeMX_proj\BMP_Test\MDK-ARM\BMP_Test.uvprojx
Project File Date:  06/27/2025

<h2>Output:</h2>
*** Using Compiler 'V5.06 update 7 (build 960)', folder: 'C:\Self_install_software\Keil_v5\ARM\ARMCC\Bin'
Build target 'BMP_Test'
compiling BMP280.c...
BMP280.h(111): warning:  #1-D: last line of file ends without a newline
  #endif /* BMP280_H */
BMP280.c(67): warning:  #188-D: enumerated type mixed with another type
      return status;
BMP280.c(134): warning:  #1035-D: single-precision operand implicitly converted to double-precision
      dev->temperature /= 100.0;  // 转换为°C
BMP280.c(156): warning:  #1035-D: single-precision operand implicitly converted to double-precision
      dev->pressure = (float)p / 100.0;  // 转换为hPa
BMP280.c(159): warning:  #1035-D: single-precision operand implicitly converted to double-precision
      dev->altitude = 44330.0 * (1.0 - pow(dev->pressure / 1013.25, 0.1902949f));
BMP280.c(161): warning:  #1035-D: single-precision operand implicitly converted to double-precision
  	dev->pressure/=10.0;// 转换为kPa
BMP280.c(169): warning:  #1-D: last line of file ends without a newline
  }
BMP280.c: 7 warnings, 0 errors
linking...
Program Size: Code=32704 RO-data=708 RW-data=508 ZI-data=18052  
FromELF: creating hex file...
"BMP_Test\BMP_Test.axf" - 0 Error(s), 7 Warning(s).

<h2>Software Packages used:</h2>

Package Vendor: ARM
                http://www.keil.com/pack/ARM.CMSIS.5.8.0.pack
                ARM.CMSIS.5.8.0
                CMSIS (Common Microcontroller Software Interface Standard)
   * Component: CORE Version: 5.5.0

Package Vendor: Keil
                https://www.keil.com/pack/Keil.STM32G4xx_DFP.2.0.0.pack
                Keil.STM32G4xx_DFP.2.0.0
                STMicroelectronics STM32G4 Series Device Support

<h2>Collection of Component include folders:</h2>
  .\RTE\_BMP_Test
  C:\Users\Admin\AppData\Local\Arm\Packs\ARM\CMSIS\5.8.0\CMSIS\Core\Include

<h2>Collection of Component Files used:</h2>

   * Component: ARM::CMSIS:CORE:5.5.0
      Include file:  CMSIS\Core\Include\tz_context.h
Build Time Elapsed:  00:00:02
</pre>
</body>
</html>
