<html>
<body>
<pre>
<h1>礦ision Build Log</h1>
<h2>Tool Versions:</h2>
IDE-Version: μVision V5.36.0.0
Copyright (C) 2021 ARM Ltd and ARM Germany GmbH. All rights reserved.
License Information: 123 galaxy, 1231, LIC=CZLZX-HD6PP-KPQZY-ILCE5-JNC03-QWAMZ
 
Tool Versions:
Toolchain:       MDK-ARM Plus  Version: 5.36.0.0
Toolchain Path:  C:\software\study\keil\ARM\ARMCC\Bin
C Compiler:      Armcc.exe V5.06 update 7 (build 960)
Assembler:       Armasm.exe V5.06 update 7 (build 960)
Linker/Locator:  ArmLink.exe V5.06 update 7 (build 960)
Library Manager: ArmAr.exe V5.06 update 7 (build 960)
Hex Converter:   FromElf.exe V5.06 update 7 (build 960)
CPU DLL:         SARMCM3.DLL V5.36.0.0
Dialog DLL:      DCM.DLL V1.17.3.0
Target DLL:      CMSIS_AGDI.dll V1.33.0.0
Dialog DLL:      TCM.DLL V1.53.0.0
 
<h2>Project:</h2>
C:\Users\galaxy\Desktop\CubeMX_proj\G431_sample_V2_test\MDK-ARM\G431_sample_V2_test.uvprojx
Project File Date:  01/23/2025

<h2>Output:</h2>
*** Using Compiler 'V5.06 update 7 (build 960)', folder: 'C:\software\study\keil\ARM\ARMCC\Bin'
Build target 'G431_sample_V2_test'
compiling app_freertos.c...
../Core/Src/app_freertos.c(229): warning:  #188-D: enumerated type mixed with another type
  	HAL_GPIO_WritePin(SEL1_GPIO_Port, SEL1_Pin ,0);
../Core/Src/app_freertos.c(230): warning:  #188-D: enumerated type mixed with another type
  	HAL_GPIO_WritePin(SEL2_GPIO_Port, SEL2_Pin ,1);
../Core/Src/app_freertos.c(231): warning:  #188-D: enumerated type mixed with another type
  	HAL_GPIO_WritePin(SEL3_GPIO_Port, SEL3_Pin ,1);//U2 多路选择器有问题 连锡短路(*已解决*)
../Core/Src/app_freertos.c(232): warning:  #188-D: enumerated type mixed with another type
  	HAL_GPIO_WritePin(SEL4_GPIO_Port, SEL4_Pin ,1);
../Core/Src/app_freertos.c(233): warning:  #188-D: enumerated type mixed with another type
  	HAL_GPIO_WritePin(SEL5_GPIO_Port, SEL5_Pin ,1);
../Core/Src/app_freertos.c(234): warning:  #188-D: enumerated type mixed with another type
  	HAL_GPIO_WritePin(SEL6_GPIO_Port, SEL6_Pin ,1);
../Core/Src/app_freertos.c(235): warning:  #188-D: enumerated type mixed with another type
  	HAL_GPIO_WritePin(SEL7_GPIO_Port, SEL7_Pin ,1);
../Core/Src/app_freertos.c(236): warning:  #188-D: enumerated type mixed with another type
  	HAL_GPIO_WritePin(SEL8_GPIO_Port, SEL8_Pin ,1);
../Core/Src/app_freertos.c(237): warning:  #188-D: enumerated type mixed with another type
  	HAL_GPIO_WritePin(SEL9_GPIO_Port, SEL9_Pin ,1);
../Core/Src/app_freertos.c(238): warning:  #188-D: enumerated type mixed with another type
  	HAL_GPIO_WritePin(SEL10_GPIO_Port,SEL10_Pin,1);
../Core/Src/app_freertos.c(360): warning:  #177-D: variable "time_cnt"  was declared but never referenced
  	static uint16_t time_cnt=0;
../Core/Src/app_freertos.c(711): warning:  #188-D: enumerated type mixed with another type
  			HAL_GPIO_WritePin(CS1_GPIO_Port,CS1_Pin,0);
../Core/Src/app_freertos.c(713): warning:  #188-D: enumerated type mixed with another type
  			HAL_GPIO_WritePin(CS2_GPIO_Port,CS2_Pin,0);
../Core/Src/app_freertos.c(720): warning:  #188-D: enumerated type mixed with another type
  		HAL_GPIO_WritePin(CS1_GPIO_Port,CS1_Pin,1);
../Core/Src/app_freertos.c(722): warning:  #188-D: enumerated type mixed with another type
  		HAL_GPIO_WritePin(CS2_GPIO_Port,CS2_Pin,1);
../Core/Src/app_freertos.c: 15 warnings, 0 errors
linking...
Program Size: Code=31656 RO-data=764 RW-data=572 ZI-data=19556  
FromELF: creating hex file...
"G431_sample_V2_test\G431_sample_V2_test.axf" - 0 Error(s), 15 Warning(s).

<h2>Software Packages used:</h2>

Package Vendor: ARM
                http://www.keil.com/pack/ARM.CMSIS.5.8.0.pack
                ARM.CMSIS.5.8.0
                CMSIS (Common Microcontroller Software Interface Standard)
   * Component: CORE Version: 5.5.0

Package Vendor: Keil
                https://www.keil.com/pack/Keil.STM32G4xx_DFP.1.6.0.pack
                Keil.STM32G4xx_DFP.1.6.0
                STMicroelectronics STM32G4 Series Device Support, Drivers and Examples

<h2>Collection of Component include folders:</h2>
  .\RTE\_G431_sample_V2_test
  C:\Users\galaxy\AppData\Local\Arm\Packs\ARM\CMSIS\5.8.0\CMSIS\Core\Include
  C:\Users\galaxy\AppData\Local\Arm\Packs\Keil\STM32G4xx_DFP\1.6.0\Drivers\CMSIS\Device\ST\STM32G4xx\Include

<h2>Collection of Component Files used:</h2>

   * Component: ARM::CMSIS:CORE:5.5.0
      Include file:  CMSIS\Core\Include\tz_context.h
Build Time Elapsed:  00:00:04
</pre>
</body>
</html>
