<html>
<body>
<pre>
<h1>礦ision Build Log</h1>
<h2>Tool Versions:</h2>
IDE-Version: μVision V5.36.0.0
Copyright (C) 2021 ARM Ltd and ARM Germany GmbH. All rights reserved.
License Information: dwa 4124, dawg, LIC=32B1Q-N2A2L-KP3ZY-IRT3J-4AUNX-CIDU3
 
Tool Versions:
Toolchain:       MDK-ARM Plus  Version: 5.36.0.0
Toolchain Path:  C:\Self_install_software\Keil_v5\ARM\ARMCC\Bin
C Compiler:      Armcc.exe V5.06 update 7 (build 960)
Assembler:       Armasm.exe V5.06 update 7 (build 960)
Linker/Locator:  ArmLink.exe V5.06 update 7 (build 960)
Library Manager: ArmAr.exe V5.06 update 7 (build 960)
Hex Converter:   FromElf.exe V5.06 update 7 (build 960)
CPU DLL:         SARMCM3.DLL V5.36.0.0
Dialog DLL:      DCM.DLL V1.17.3.0
Target DLL:      CMSIS_AGDI.dll V1.33.0.0
Dialog DLL:      TCM.DLL V1.53.0.0
 
<h2>Project:</h2>
C:\Users\Admin\Desktop\CubeMX_proj\G431_RMA_intergration\MDK-ARM\G431_RMA_intergration.uvprojx
Project File Date:  05/30/2025

<h2>Output:</h2>
*** Using Compiler 'V5.06 update 7 (build 960)', folder: 'C:\Self_install_software\Keil_v5\ARM\ARMCC\Bin'
Build target 'G431_RMA_intergration'
compiling app_freertos.c...
../Core/Src/app_freertos.c(156): warning:  #177-D: variable "usb_TxBuf"  was declared but never referenced
  	char usb_TxBuf[3048]={0};
../Core/Src/app_freertos.c(161): warning:  #177-D: variable "index"  was declared but never referenced
  	static unsigned long long index = 1;          // 数据帧索引
../Core/Src/app_freertos.c(162): warning:  #177-D: variable "res_ref_kOm1"  was declared but never referenced
  	static double res_ref_kOm1  = 2.082;  //2082Ω 2.082   51.1
../Core/Src/app_freertos.c(163): warning:  #177-D: variable "res_ref_kOm2"  was declared but never referenced
  	static double res_ref_kOm2  = 2.093;  //2093Ω 2.093   51.2
../Core/Src/app_freertos.c(164): warning:  #177-D: variable "res_ref_kOm3"  was declared but never referenced
  	static double res_ref_kOm3  = 2.095;  //2095Ω 2.095   51.2
../Core/Src/app_freertos.c(165): warning:  #177-D: variable "res_ref_kOm4"  was declared but never referenced
  	static double res_ref_kOm4  = 2.088;  //2088Ω 2.088   51.1
../Core/Src/app_freertos.c(166): warning:  #177-D: variable "res_ref_kOm5"  was declared but never referenced
  	static double res_ref_kOm5  = 2.082;  //2082Ω 2.082   51.1
../Core/Src/app_freertos.c(167): warning:  #177-D: variable "res_ref_kOm6"  was declared but never referenced
  	static double res_ref_kOm6  = 1.985;  //1985Ω 1.985   49.1
../Core/Src/app_freertos.c(168): warning:  #177-D: variable "res_ref_kOm7"  was declared but never referenced
  	static double res_ref_kOm7  = 1.987;  //1987Ω 1.987   48.7
../Core/Src/app_freertos.c(169): warning:  #177-D: variable "res_ref_kOm8"  was declared but never referenced
  	static double res_ref_kOm8  = 1.987;  //1987Ω 1.987   49.0
../Core/Src/app_freertos.c(170): warning:  #177-D: variable "res_ref_kOm9"  was declared but never referenced
  	static double res_ref_kOm9  = 1.988;  //1988Ω 1.988   48.8
../Core/Src/app_freertos.c(171): warning:  #177-D: variable "res_ref_kOm10"  was declared but never referenced
  	static double res_ref_kOm10 = 1.990;  //1990Ω 1.990   48.9
../Core/Src/app_freertos.c(468): warning:  #167-D: argument of type "volatile uint8_t *" is incompatible with parameter of type "uint8_t *"
  			CDC_Transmit_FS(res_send_p->byte, 4208);//2008
../Core/Src/app_freertos.c(516): warning:  #61-D: integer operation result is out of range
  			IO1_GPIO_Port->BSRR =(IO1_Pin << 16);//低电平
../Core/Src/app_freertos.c(516): warning:  #68-D: integer conversion resulted in a change of sign
  			IO1_GPIO_Port->BSRR =(IO1_Pin << 16);//低电平
../Core/Src/app_freertos.c(566): warning:  #61-D: integer operation result is out of range
  			IO1_GPIO_Port->BSRR =(IO1_Pin << 16);//低电平
../Core/Src/app_freertos.c(566): warning:  #68-D: integer conversion resulted in a change of sign
  			IO1_GPIO_Port->BSRR =(IO1_Pin << 16);//低电平
../Core/Src/app_freertos.c(628): warning:  #61-D: integer operation result is out of range
  			IO1_GPIO_Port->BSRR =(IO1_Pin << 16);//低电平
../Core/Src/app_freertos.c(628): warning:  #68-D: integer conversion resulted in a change of sign
  			IO1_GPIO_Port->BSRR =(IO1_Pin << 16);//低电平
../Core/Src/app_freertos.c(673): warning:  #61-D: integer operation result is out of range
  			IO1_GPIO_Port->BSRR =(IO1_Pin << 16);//低电平
../Core/Src/app_freertos.c(673): warning:  #68-D: integer conversion resulted in a change of sign
  			IO1_GPIO_Port->BSRR =(IO1_Pin << 16);//低电平
../Core/Src/app_freertos.c(729): warning:  #61-D: integer operation result is out of range
  	IO1_GPIO_Port->BSRR =(IO1_Pin << 16);//低电平
../Core/Src/app_freertos.c(729): warning:  #68-D: integer conversion resulted in a change of sign
  	IO1_GPIO_Port->BSRR =(IO1_Pin << 16);//低电平
../Core/Src/app_freertos.c(754): warning:  #188-D: enumerated type mixed with another type
  			HAL_GPIO_WritePin(CS1_GPIO_Port,CS1_Pin,0);
../Core/Src/app_freertos.c(756): warning:  #188-D: enumerated type mixed with another type
  			HAL_GPIO_WritePin(CS2_GPIO_Port,CS2_Pin,0);
../Core/Src/app_freertos.c(764): warning:  #188-D: enumerated type mixed with another type
  		HAL_GPIO_WritePin(CS1_GPIO_Port,CS1_Pin,1);
../Core/Src/app_freertos.c(766): warning:  #188-D: enumerated type mixed with another type
  		HAL_GPIO_WritePin(CS2_GPIO_Port,CS2_Pin,1);
../Core/Src/app_freertos.c: 27 warnings, 0 errors
linking...
Program Size: Code=27296 RO-data=592 RW-data=528 ZI-data=28152  
FromELF: creating hex file...
"G431_RMA_intergration\G431_RMA_intergration.axf" - 0 Error(s), 27 Warning(s).

<h2>Software Packages used:</h2>

Package Vendor: ARM
                http://www.keil.com/pack/ARM.CMSIS.5.8.0.pack
                ARM.CMSIS.5.8.0
                CMSIS (Common Microcontroller Software Interface Standard)
   * Component: CORE Version: 5.5.0

Package Vendor: Keil
                https://www.keil.com/pack/Keil.STM32G4xx_DFP.2.0.0.pack
                Keil.STM32G4xx_DFP.2.0.0
                STMicroelectronics STM32G4 Series Device Support

<h2>Collection of Component include folders:</h2>
  .\RTE\_G431_RMA_intergration
  C:\Users\Admin\AppData\Local\Arm\Packs\ARM\CMSIS\5.8.0\CMSIS\Core\Include

<h2>Collection of Component Files used:</h2>

   * Component: ARM::CMSIS:CORE:5.5.0
      Include file:  CMSIS\Core\Include\tz_context.h
Build Time Elapsed:  00:00:03
</pre>
</body>
</html>
