<html>
<body>
<pre>
<h1>礦ision Build Log</h1>
<h2>Tool Versions:</h2>
IDE-Version: μVision V5.36.0.0
Copyright (C) 2021 ARM Ltd and ARM Germany GmbH. All rights reserved.
License Information: 123 galaxy, 1231, LIC=CZLZX-HD6PP-KPQZY-ILCE5-JNC03-QWAMZ
 
Tool Versions:
Toolchain:       MDK-ARM Plus  Version: 5.36.0.0
Toolchain Path:  C:\software\study\keil\ARM\ARMCC\Bin
C Compiler:      Armcc.exe V5.06 update 7 (build 960)
Assembler:       Armasm.exe V5.06 update 7 (build 960)
Linker/Locator:  ArmLink.exe V5.06 update 7 (build 960)
Library Manager: ArmAr.exe V5.06 update 7 (build 960)
Hex Converter:   FromElf.exe V5.06 update 7 (build 960)
CPU DLL:         SARMCM3.DLL V5.36.0.0
Dialog DLL:      DCM.DLL V1.17.3.0
Target DLL:      CMSIS_AGDI.dll V1.33.0.0
Dialog DLL:      TCM.DLL V1.53.0.0
 
<h2>Project:</h2>
C:\Users\galaxy\Desktop\CubeMX_proj\G431_BMP8x8_V2\MDK-ARM\G431_BMP8x8_V2.uvprojx
Project File Date:  09/15/2025

<h2>Output:</h2>
*** Using Compiler 'V5.06 update 7 (build 960)', folder: 'C:\software\study\keil\ARM\ARMCC\Bin'
Build target 'G431_BMP8x8_V2'
compiling app_freertos.c...
../Core/Src/app_freertos.c(285): warning:  #188-D: enumerated type mixed with another type
  	HAL_StatusTypeDef error_flag=0;
../Core/Src/app_freertos.c(291): warning:  #188-D: enumerated type mixed with another type
  	HAL_GPIO_WritePin(DS_GPIO_Port,DS_Pin,0);
../Core/Src/app_freertos.c(292): warning:  #188-D: enumerated type mixed with another type
  	HAL_GPIO_WritePin(STCP_GPIO_Port,STCP_Pin,0);
../Core/Src/app_freertos.c(293): warning:  #188-D: enumerated type mixed with another type
  	HAL_GPIO_WritePin(SHCP_GPIO_Port,SHCP_Pin,0);
../Core/Src/app_freertos.c(285): warning:  #177-D: variable "error_flag"  was declared but never referenced
  	HAL_StatusTypeDef error_flag=0;
../Core/Src/app_freertos.c(345): warning:  #188-D: enumerated type mixed with another type
  	HAL_GPIO_WritePin(DS_GPIO_Port,DS_Pin,DS);//输入 DS
../Core/Src/app_freertos.c(347): warning:  #188-D: enumerated type mixed with another type
  	HAL_GPIO_WritePin(SHCP_GPIO_Port,SHCP_Pin,1);//数据载入
../Core/Src/app_freertos.c(349): warning:  #188-D: enumerated type mixed with another type
  	HAL_GPIO_WritePin(SHCP_GPIO_Port,SHCP_Pin,0);
../Core/Src/app_freertos.c(350): warning:  #188-D: enumerated type mixed with another type
  	HAL_GPIO_WritePin(STCP_GPIO_Port,STCP_Pin,1);//数据输出 此时真实输出为DS指定的电平
../Core/Src/app_freertos.c(352): warning:  #188-D: enumerated type mixed with another type
  	HAL_GPIO_WritePin(STCP_GPIO_Port,STCP_Pin,0);
../Core/Src/app_freertos.c(358): warning:  #188-D: enumerated type mixed with another type
  		HAL_GPIO_WritePin(DS_GPIO_Port,DS_Pin, ((DS_8>>i) & 0x01) );//输入 DS
../Core/Src/app_freertos.c(360): warning:  #188-D: enumerated type mixed with another type
  		HAL_GPIO_WritePin(SHCP_GPIO_Port,SHCP_Pin,1);//数据载入
../Core/Src/app_freertos.c(362): warning:  #188-D: enumerated type mixed with another type
  		HAL_GPIO_WritePin(SHCP_GPIO_Port,SHCP_Pin,0);
../Core/Src/app_freertos.c(364): warning:  #188-D: enumerated type mixed with another type
  	HAL_GPIO_WritePin(STCP_GPIO_Port,STCP_Pin,1);//数据输出 此时真实输出为DS_8指定的8通道电平
../Core/Src/app_freertos.c(366): warning:  #188-D: enumerated type mixed with another type
  	HAL_GPIO_WritePin(STCP_GPIO_Port,STCP_Pin,0);
../Core/Src/app_freertos.c(372): warning:  #188-D: enumerated type mixed with another type
  		HAL_GPIO_WritePin(DS_GPIO_Port,DS_Pin, ((DS_64>>i) & 0x0000000000000001) );//输入 DS
../Core/Src/app_freertos.c(374): warning:  #188-D: enumerated type mixed with another type
  		HAL_GPIO_WritePin(SHCP_GPIO_Port,SHCP_Pin,1);//数据载入
../Core/Src/app_freertos.c(376): warning:  #188-D: enumerated type mixed with another type
  		HAL_GPIO_WritePin(SHCP_GPIO_Port,SHCP_Pin,0);
../Core/Src/app_freertos.c(378): warning:  #188-D: enumerated type mixed with another type
  	HAL_GPIO_WritePin(STCP_GPIO_Port,STCP_Pin,1);//数据输出 此时真实输出为DS_8指定的8通道电平
../Core/Src/app_freertos.c(380): warning:  #188-D: enumerated type mixed with another type
  	HAL_GPIO_WritePin(STCP_GPIO_Port,STCP_Pin,0);
../Core/Src/app_freertos.c: 20 warnings, 0 errors
linking...
Program Size: Code=32732 RO-data=836 RW-data=568 ZI-data=23904  
FromELF: creating hex file...
"G431_BMP8x8_V2\G431_BMP8x8_V2.axf" - 0 Error(s), 20 Warning(s).

<h2>Software Packages used:</h2>

Package Vendor: ARM
                http://www.keil.com/pack/ARM.CMSIS.5.8.0.pack
                ARM.CMSIS.5.8.0
                CMSIS (Common Microcontroller Software Interface Standard)
   * Component: CORE Version: 5.5.0

Package Vendor: Keil
                https://www.keil.com/pack/Keil.STM32G4xx_DFP.1.6.0.pack
                Keil.STM32G4xx_DFP.1.6.0
                STMicroelectronics STM32G4 Series Device Support, Drivers and Examples

<h2>Collection of Component include folders:</h2>
  .\RTE\_G431_BMP8x8_V2
  C:\Users\galaxy\AppData\Local\Arm\Packs\ARM\CMSIS\5.8.0\CMSIS\Core\Include
  C:\Users\galaxy\AppData\Local\Arm\Packs\Keil\STM32G4xx_DFP\1.6.0\Drivers\CMSIS\Device\ST\STM32G4xx\Include

<h2>Collection of Component Files used:</h2>

   * Component: ARM::CMSIS:CORE:5.5.0
      Include file:  CMSIS\Core\Include\tz_context.h
Build Time Elapsed:  00:00:03
</pre>
</body>
</html>
