<html>
<body>
<pre>
<h1>µVision Build Log</h1>
<h2>Tool Versions:</h2>
IDE-Version: ¦ÌVision V5.36.0.0
Copyright (C) 2021 ARM Ltd and ARM Germany GmbH. All rights reserved.
License Information: dwa 4124, dawg, LIC=32B1Q-N2A2L-KP3ZY-IRT3J-4AUNX-CIDU3
 
Tool Versions:
Toolchain:       MDK-ARM Plus  Version: 5.36.0.0
Toolchain Path:  C:\Self_install_software\Keil_v5\ARM\ARMCC\Bin
C Compiler:      Armcc.exe V5.06 update 7 (build 960)
Assembler:       Armasm.exe V5.06 update 7 (build 960)
Linker/Locator:  ArmLink.exe V5.06 update 7 (build 960)
Library Manager: ArmAr.exe V5.06 update 7 (build 960)
Hex Converter:   FromElf.exe V5.06 update 7 (build 960)
CPU DLL:         SARMCM3.DLL V5.36.0.0
Dialog DLL:      DCM.DLL V1.17.3.0
Target DLL:      CMSIS_AGDI.dll V1.33.0.0
Dialog DLL:      TCM.DLL V1.53.0.0
 
<h2>Project:</h2>
C:\Users\Admin\Desktop\CubeMX_proj\BasicTest2\MDK-ARM\BasicTest.uvprojx
Project File Date:  05/27/2025

<h2>Output:</h2>
*** Using Compiler 'V5.06 update 7 (build 960)', folder: 'C:\Self_install_software\Keil_v5\ARM\ARMCC\Bin'
Build target 'BasicTest'
assembling startup_stm32g431xx.s...
compiling stm32g4xx_it.c...
compiling stm32g4xx_hal_timebase_tim.c...
compiling stm32g4xx_hal.c...
compiling spi.c...
compiling stm32g4xx_hal_pcd_ex.c...
compiling adc.c...
compiling gpio.c...
compiling dma.c...
compiling stm32g4xx_hal_msp.c...
compiling app_freertos.c...
../Core/Src/app_freertos.c(136): warning:  #188-D: enumerated type mixed with another type
  	HAL_GPIO_WritePin(IO1_GPIO_Port ,IO1_Pin ,1);
../Core/Src/app_freertos.c(137): warning:  #188-D: enumerated type mixed with another type
  	HAL_GPIO_WritePin(IO2_GPIO_Port ,IO2_Pin ,1);
../Core/Src/app_freertos.c(138): warning:  #188-D: enumerated type mixed with another type
  	HAL_GPIO_WritePin(IO3_GPIO_Port ,IO3_Pin ,1);
../Core/Src/app_freertos.c(139): warning:  #188-D: enumerated type mixed with another type
  	HAL_GPIO_WritePin(IO4_GPIO_Port ,IO4_Pin ,1);
../Core/Src/app_freertos.c(140): warning:  #188-D: enumerated type mixed with another type
  	HAL_GPIO_WritePin(IO5_GPIO_Port ,IO5_Pin ,1);
../Core/Src/app_freertos.c(141): warning:  #188-D: enumerated type mixed with another type
  	HAL_GPIO_WritePin(IO6_GPIO_Port ,IO6_Pin ,1);
../Core/Src/app_freertos.c(142): warning:  #188-D: enumerated type mixed with another type
  	HAL_GPIO_WritePin(IO7_GPIO_Port ,IO7_Pin ,1);
../Core/Src/app_freertos.c(143): warning:  #188-D: enumerated type mixed with another type
  	HAL_GPIO_WritePin(IO8_GPIO_Port ,IO8_Pin ,1);
../Core/Src/app_freertos.c(144): warning:  #188-D: enumerated type mixed with another type
  	HAL_GPIO_WritePin(IO9_GPIO_Port ,IO9_Pin ,1);
../Core/Src/app_freertos.c(145): warning:  #188-D: enumerated type mixed with another type
  	HAL_GPIO_WritePin(IO10_GPIO_Port,IO10_Pin,1);
../Core/Src/app_freertos.c(146): warning:  #188-D: enumerated type mixed with another type
  	HAL_GPIO_WritePin(IO11_GPIO_Port,IO11_Pin,1);
../Core/Src/app_freertos.c: 11 warnings, 0 errors
compiling stm32g4xx_hal_rcc_ex.c...
compiling main.c...
compiling stm32g4xx_ll_usb.c...
compiling stm32g4xx_hal_pcd.c...
compiling stm32g4xx_hal_rcc.c...
compiling stm32g4xx_hal_pwr.c...
compiling stm32g4xx_hal_flash_ramfunc.c...
compiling stm32g4xx_hal_gpio.c...
compiling stm32g4xx_hal_flash_ex.c...
compiling stm32g4xx_hal_flash.c...
compiling stm32g4xx_hal_dma_ex.c...
compiling stm32g4xx_hal_exti.c...
compiling stm32g4xx_hal_cortex.c...
compiling stm32g4xx_hal_dma.c...
compiling stm32g4xx_hal_pwr_ex.c...
compiling stm32g4xx_hal_spi_ex.c...
compiling stm32g4xx_hal_adc_ex.c...
compiling stm32g4xx_hal_spi.c...
compiling stm32g4xx_hal_adc.c...
compiling stm32g4xx_hal_tim.c...
compiling system_stm32g4xx.c...
compiling usbd_ioreq.c...
compiling usbd_desc.c...
compiling usbd_cdc_if.c...
compiling usb_device.c...
compiling usbd_ctlreq.c...
compiling usbd_core.c...
compiling usbd_conf.c...
compiling usbd_cdc.c...
compiling stm32g4xx_hal_tim_ex.c...
linking...
Program Size: Code=22928 RO-data=644 RW-data=508 ZI-data=8732  
FromELF: creating hex file...
"BasicTest\BasicTest.axf" - 0 Error(s), 11 Warning(s).

<h2>Software Packages used:</h2>

Package Vendor: ARM
                http://www.keil.com/pack/ARM.CMSIS.5.8.0.pack
                ARM.CMSIS.5.8.0
                CMSIS (Common Microcontroller Software Interface Standard)
   * Component: CORE Version: 5.5.0

Package Vendor: Keil
                https://www.keil.com/pack/Keil.STM32G4xx_DFP.2.0.0.pack
                Keil.STM32G4xx_DFP.2.0.0
                STMicroelectronics STM32G4 Series Device Support

<h2>Collection of Component include folders:</h2>
  .\RTE\_BasicTest
  C:\Users\Admin\AppData\Local\Arm\Packs\ARM\CMSIS\5.8.0\CMSIS\Core\Include

<h2>Collection of Component Files used:</h2>

   * Component: ARM::CMSIS:CORE:5.5.0
      Include file:  CMSIS\Core\Include\tz_context.h
Build Time Elapsed:  00:00:04
</pre>
</body>
</html>
