<html>
<body>
<pre>
<h1>µVision Build Log</h1>
<h2>Tool Versions:</h2>
IDE-Version: ¦ÌVision V5.36.0.0
Copyright (C) 2021 ARM Ltd and ARM Germany GmbH. All rights reserved.
License Information: dwa 4124, dawg, LIC=32B1Q-N2A2L-KP3ZY-IRT3J-4AUNX-CIDU3
 
Tool Versions:
Toolchain:       MDK-ARM Plus  Version: 5.36.0.0
Toolchain Path:  C:\Self_install_software\Keil_v5\ARM\ARMCC\Bin
C Compiler:      Armcc.exe V5.06 update 7 (build 960)
Assembler:       Armasm.exe V5.06 update 7 (build 960)
Linker/Locator:  ArmLink.exe V5.06 update 7 (build 960)
Library Manager: ArmAr.exe V5.06 update 7 (build 960)
Hex Converter:   FromElf.exe V5.06 update 7 (build 960)
CPU DLL:         SARMCM3.DLL V5.36.0.0
Dialog DLL:      DCM.DLL V1.17.3.0
Target DLL:      CMSIS_AGDI.dll V1.33.0.0
Dialog DLL:      TCM.DLL V1.53.0.0
 
<h2>Project:</h2>
C:\Users\Admin\Desktop\CubeMX_proj\G431_routine_V2_backup\MDK-ARM\G431_routine_V2_backup.uvprojx
Project File Date:  07/23/2025

<h2>Output:</h2>
*** Using Compiler 'V5.06 update 7 (build 960)', folder: 'C:\Self_install_software\Keil_v5\ARM\ARMCC\Bin'
Build target 'G431_routine_V2_backup'
assembling startup_stm32g431xx.s...
compiling usbd_desc.c...
compiling stm32g4xx_hal_timebase_tim.c...
compiling usb_device.c...
compiling usbd_cdc_if.c...
compiling usbd_conf.c...
compiling stm32g4xx_ll_utils.c...
compiling stm32g4xx_it.c...
compiling stm32g4xx_hal_msp.c...
compiling adc.c...
compiling stm32g4xx_ll_exti.c...
compiling spi.c...
compiling gpio.c...
compiling dma.c...
compiling stm32g4xx_hal_pcd_ex.c...
compiling tim.c...
compiling stm32g4xx_hal_pcd.c...
compiling main.c...
compiling app_freertos.c...
../Core/Src/app_freertos.c(124): warning:  #188-D: enumerated type mixed with another type
  	HAL_GPIO_WritePin(SEL1_GPIO_Port, SEL1_Pin, 1);
../Core/Src/app_freertos.c(125): warning:  #188-D: enumerated type mixed with another type
  	HAL_GPIO_WritePin(SEL2_GPIO_Port, SEL2_Pin, 1);
../Core/Src/app_freertos.c(126): warning:  #188-D: enumerated type mixed with another type
  	HAL_GPIO_WritePin(SEL3_GPIO_Port, SEL3_Pin, 1);
../Core/Src/app_freertos.c(127): warning:  #188-D: enumerated type mixed with another type
  	HAL_GPIO_WritePin(SEL4_GPIO_Port, SEL4_Pin, 1);
../Core/Src/app_freertos.c(128): warning:  #188-D: enumerated type mixed with another type
  	HAL_GPIO_WritePin(SEL5_GPIO_Port, SEL5_Pin, 1);
../Core/Src/app_freertos.c(129): warning:  #188-D: enumerated type mixed with another type
  	HAL_GPIO_WritePin(SEL6_GPIO_Port, SEL6_Pin, 1);
../Core/Src/app_freertos.c(130): warning:  #188-D: enumerated type mixed with another type
  	HAL_GPIO_WritePin(SEL7_GPIO_Port, SEL7_Pin, 1);
../Core/Src/app_freertos.c(131): warning:  #188-D: enumerated type mixed with another type
  	HAL_GPIO_WritePin(SEL8_GPIO_Port, SEL8_Pin, 1);
../Core/Src/app_freertos.c(132): warning:  #188-D: enumerated type mixed with another type
  	HAL_GPIO_WritePin(SEL9_GPIO_Port, SEL9_Pin, 1);
../Core/Src/app_freertos.c(133): warning:  #188-D: enumerated type mixed with another type
  	HAL_GPIO_WritePin(SEL10_GPIO_Port,SEL10_Pin,1);
../Core/Src/app_freertos.c(121): warning:  #177-D: variable "usb_buff"  was declared but never referenced
  	char usb_buff[1024]={0};
../Core/Src/app_freertos.c(122): warning:  #177-D: variable "index"  was declared but never referenced
  	unsigned long long index=0;
../Core/Src/app_freertos.c(320): warning:  #167-D: argument of type "volatile uint8_t *" is incompatible with parameter of type "uint8_t *"
  		CDC_Transmit_FS(res_send_p->byte, 2008);
../Core/Src/app_freertos.c(340): warning:  #188-D: enumerated type mixed with another type
  			HAL_GPIO_WritePin(CS1_GPIO_Port,CS1_Pin,0);
../Core/Src/app_freertos.c(342): warning:  #188-D: enumerated type mixed with another type
  			HAL_GPIO_WritePin(CS2_GPIO_Port,CS2_Pin,0);
../Core/Src/app_freertos.c(350): warning:  #188-D: enumerated type mixed with another type
  		HAL_GPIO_WritePin(CS1_GPIO_Port,CS1_Pin,1);
../Core/Src/app_freertos.c(352): warning:  #188-D: enumerated type mixed with another type
  		HAL_GPIO_WritePin(CS2_GPIO_Port,CS2_Pin,1);
../Core/Src/app_freertos.c: 17 warnings, 0 errors
compiling stm32g4xx_hal.c...
compiling stm32g4xx_ll_usb.c...
compiling stm32g4xx_hal_rcc.c...
compiling stm32g4xx_hal_flash.c...
compiling stm32g4xx_hal_flash_ramfunc.c...
compiling stm32g4xx_hal_rcc_ex.c...
compiling stm32g4xx_hal_flash_ex.c...
compiling stm32g4xx_hal_gpio.c...
compiling stm32g4xx_hal_exti.c...
compiling stm32g4xx_hal_cortex.c...
compiling stm32g4xx_hal_pwr.c...
compiling stm32g4xx_hal_dma_ex.c...
compiling stm32g4xx_hal_dma.c...
compiling stm32g4xx_hal_pwr_ex.c...
compiling stm32g4xx_hal_adc_ex.c...
compiling stm32g4xx_ll_adc.c...
compiling croutine.c...
compiling list.c...
compiling event_groups.c...
compiling queue.c...
compiling stm32g4xx_hal_spi.c...
compiling stm32g4xx_hal_adc.c...
compiling stream_buffer.c...
compiling timers.c...
compiling tasks.c...
compiling heap_4.c...
compiling stm32g4xx_hal_spi_ex.c...
compiling port.c...
compiling cmsis_os.c...
compiling stm32g4xx_hal_tim_ex.c...
compiling stm32g4xx_ll_gpio.c...
compiling system_stm32g4xx.c...
compiling stm32g4xx_hal_tim.c...
compiling stm32g4xx_ll_tim.c...
compiling stm32g4xx_ll_dma.c...
compiling usbd_core.c...
compiling usbd_ctlreq.c...
compiling usbd_ioreq.c...
compiling usbd_cdc.c...
linking...
Program Size: Code=24588 RO-data=624 RW-data=528 ZI-data=22216  
FromELF: creating hex file...
"G431_routine_V2_backup\G431_routine_V2_backup.axf" - 0 Error(s), 17 Warning(s).

<h2>Software Packages used:</h2>

Package Vendor: ARM
                http://www.keil.com/pack/ARM.CMSIS.5.8.0.pack
                ARM.CMSIS.5.8.0
                CMSIS (Common Microcontroller Software Interface Standard)
   * Component: CORE Version: 5.5.0

Package Vendor: Keil
                https://www.keil.com/pack/Keil.STM32G4xx_DFP.2.0.0.pack
                Keil.STM32G4xx_DFP.2.0.0
                STMicroelectronics STM32G4 Series Device Support

<h2>Collection of Component include folders:</h2>
  .\RTE\_G431_routine_V2_backup
  C:\Users\Admin\AppData\Local\Arm\Packs\ARM\CMSIS\5.8.0\CMSIS\Core\Include

<h2>Collection of Component Files used:</h2>

   * Component: ARM::CMSIS:CORE:5.5.0
      Include file:  CMSIS\Core\Include\tz_context.h
Build Time Elapsed:  00:00:08
</pre>
</body>
</html>
