<html>
<body>
<pre>
<h1>µVision Build Log</h1>
<h2>Tool Versions:</h2>
IDE-Version: ¦ÌVision V5.36.0.0
Copyright (C) 2021 ARM Ltd and ARM Germany GmbH. All rights reserved.
License Information: 123 dawf, dawf, LIC=----
 
Tool Versions:
Toolchain:       MDK-Lite  Version: 5.36.0.0
Toolchain Path:  D:\Program Files\keil\ARM\ARMCC\Bin
C Compiler:      Armcc.exe V5.06 update 7 (build 960)
Assembler:       Armasm.exe V5.06 update 7 (build 960)
Linker/Locator:  ArmLink.exe V5.06 update 7 (build 960)
Library Manager: ArmAr.exe V5.06 update 7 (build 960)
Hex Converter:   FromElf.exe V5.06 update 7 (build 960)
CPU DLL:         SARMCM3.DLL V5.36.0.0
Dialog DLL:      DCM.DLL V1.17.3.0
Target DLL:      CMSIS_AGDI.dll V1.33.0.0
Dialog DLL:      TCM.DLL V1.53.0.0
 
<h2>Project:</h2>
D:\BaiduSyncdisk\SENS\CubeMX_proj\test1\MDK-ARM\test1.uvprojx
Project File Date:  11/28/2024

<h2>Output:</h2>
*** Using Compiler 'V5.06 update 7 (build 960)', folder: 'D:\Program Files\keil\ARM\ARMCC\Bin'
Build target 'test1'
assembling startup_stm32f405xx.s...
compiling stm32f4xx_hal_timebase_tim.c...
compiling stm32f4xx_hal_pcd_ex.c...
compiling stm32f4xx_hal_msp.c...
compiling stm32f4xx_it.c...
compiling gpio.c...
compiling stm32f4xx_hal_flash.c...
compiling stm32f4xx_hal_flash_ex.c...
compiling spi.c...
compiling tim.c...
compiling stm32f4xx_hal_rcc_ex.c...
compiling freertos.c...
../Core/Src/freertos.c(238): warning:  #181-D: argument is incompatible with corresponding format string conversion
  		sprintf(my_TxBuf,"event.value:%d\r\n",event.value);
../Core/Src/freertos.c(224): warning:  #177-D: variable "usb_time"  was declared but never referenced
  	long long usb_time=0;
../Core/Src/freertos.c(226): warning:  #177-D: variable "my_RxLength"  was declared but never referenced
  	uint32_t my_RxLength=0;
../Core/Src/freertos.c(227): warning:  #177-D: variable "USBD_Result"  was declared but never referenced
  	uint8_t USBD_Result=0;
../Core/Src/freertos.c(229): warning:  #550-D: variable "Queue_data_num"  was set but never used
  	UBaseType_t Queue_data_num=0;
../Core/Src/freertos.c(252): warning:  #550-D: variable "xReturn"  was set but never used
  	osEvent xReturn[10];
../Core/Src/freertos.c(287): warning:  #188-D: enumerated type mixed with another type
  			HAL_GPIO_WritePin(GPIOC,GPIO_PIN_4,0);
../Core/Src/freertos.c(289): warning:  #188-D: enumerated type mixed with another type
  			HAL_GPIO_WritePin(GPIOC,GPIO_PIN_5,0);
../Core/Src/freertos.c(296): warning:  #188-D: enumerated type mixed with another type
  			HAL_GPIO_WritePin(GPIOC,GPIO_PIN_4,1);
../Core/Src/freertos.c(298): warning:  #188-D: enumerated type mixed with another type
  			HAL_GPIO_WritePin(GPIOC,GPIO_PIN_5,1);
../Core/Src/freertos.c: 10 warnings, 0 errors
compiling stm32f4xx_hal_rcc.c...
compiling main.c...
compiling stm32f4xx_hal_pcd.c...
compiling stm32f4xx_ll_usb.c...
compiling croutine.c...
compiling list.c...
compiling event_groups.c...
compiling stream_buffer.c...
compiling queue.c...
compiling timers.c...
compiling tasks.c...
compiling heap_4.c...
compiling cmsis_os.c...
compiling port.c...
compiling stm32f4xx_hal_pwr_ex.c...
compiling stm32f4xx_hal_gpio.c...
compiling stm32f4xx_hal_cortex.c...
compiling stm32f4xx_hal_flash_ramfunc.c...
compiling stm32f4xx_hal_dma.c...
compiling stm32f4xx_hal_exti.c...
compiling stm32f4xx_hal_pwr.c...
compiling stm32f4xx_hal.c...
compiling system_stm32f4xx.c...
compiling stm32f4xx_hal_dma_ex.c...
compiling stm32f4xx_hal_tim_ex.c...
compiling stm32f4xx_hal_spi.c...
compiling stm32f4xx_hal_tim.c...
compiling usb_device.c...
compiling usbd_desc.c...
compiling usbd_cdc_if.c...
compiling usbd_conf.c...
compiling usbd_ioreq.c...
compiling usbd_ctlreq.c...
compiling usbd_core.c...
compiling usbd_cdc.c...
linking...
Program Size: Code=26244 RO-data=540 RW-data=396 ZI-data=58028  
FromELF: creating hex file...
"test1\test1.axf" - 0 Error(s), 10 Warning(s).

<h2>Software Packages used:</h2>

Package Vendor: ARM
                http://www.keil.com/pack/ARM.CMSIS.5.8.0.pack
                ARM.CMSIS.5.8.0
                CMSIS (Common Microcontroller Software Interface Standard)
   * Component: CORE Version: 5.5.0

Package Vendor: Keil
                https://www.keil.com/pack/Keil.STM32F4xx_DFP.2.17.1.pack
                Keil.STM32F4xx_DFP.2.17.1
                STMicroelectronics STM32F4 Series Device Support, Drivers and Examples

<h2>Collection of Component include folders:</h2>
  .\RTE\_test1
  C:\Users\Admin\AppData\Local\Arm\Packs\ARM\CMSIS\5.8.0\CMSIS\Core\Include
  C:\Users\Admin\AppData\Local\Arm\Packs\Keil\STM32F4xx_DFP\2.17.1\Drivers\CMSIS\Device\ST\STM32F4xx\Include

<h2>Collection of Component Files used:</h2>

   * Component: ARM::CMSIS:CORE:5.5.0
      Include file:  CMSIS\Core\Include\tz_context.h
Build Time Elapsed:  00:00:04
</pre>
</body>
</html>
